[2018-10-24T20:13:58.226-0400][gc,heap] Heap region size: 1M
[2018-10-24T20:13:58.236-0400][gc     ] Using G1
[2018-10-24T20:13:58.236-0400][gc,heap,coops] Heap address: 0x00000000c0000000, size: 1024 MB, Compressed Oops mode: 32-bit
[2018-10-24T20:13:58.992-0400][gc,start     ] GC(0) Pause Young (G1 Evacuation Pause)
[2018-10-24T20:13:58.992-0400][gc,task      ] GC(0) Using 8 workers of 8 for evacuation
[2018-10-24T20:13:59.016-0400][gc,mmu       ] GC(0) MMU target violated: 21.0ms (20.0ms/21.0ms)
[2018-10-24T20:13:59.016-0400][gc,phases    ] GC(0)   Pre Evacuate Collection Set: 0.0ms
[2018-10-24T20:13:59.016-0400][gc,phases    ] GC(0)   Evacuate Collection Set: 18.8ms
[2018-10-24T20:13:59.016-0400][gc,phases    ] GC(0)   Post Evacuate Collection Set: 4.5ms
[2018-10-24T20:13:59.016-0400][gc,phases    ] GC(0)   Other: 0.2ms
[2018-10-24T20:13:59.016-0400][gc,heap      ] GC(0) Eden regions: 51->0(44)
[2018-10-24T20:13:59.016-0400][gc,heap      ] GC(0) Survivor regions: 0->7(7)
[2018-10-24T20:13:59.016-0400][gc,heap      ] GC(0) Old regions: 0->4
[2018-10-24T20:13:59.016-0400][gc,heap      ] GC(0) Humongous regions: 1->1
[2018-10-24T20:13:59.016-0400][gc,metaspace ] GC(0) Metaspace: 19006K->19006K(1067008K)
[2018-10-24T20:13:59.016-0400][gc           ] GC(0) Pause Young (G1 Evacuation Pause) 52M->11M(1024M) 23.509ms
[2018-10-24T20:13:59.016-0400][gc,cpu       ] GC(0) User=0.05s Sys=0.01s Real=0.02s
[2018-10-24T20:13:59.172-0400][gc,start     ] GC(1) Pause Initial Mark (Metadata GC Threshold)
[2018-10-24T20:13:59.172-0400][gc,task      ] GC(1) Using 8 workers of 8 for evacuation
[2018-10-24T20:13:59.182-0400][gc,phases    ] GC(1)   Pre Evacuate Collection Set: 0.0ms
[2018-10-24T20:13:59.183-0400][gc,phases    ] GC(1)   Evacuate Collection Set: 8.9ms
[2018-10-24T20:13:59.183-0400][gc,phases    ] GC(1)   Post Evacuate Collection Set: 0.9ms
[2018-10-24T20:13:59.183-0400][gc,phases    ] GC(1)   Other: 0.3ms
[2018-10-24T20:13:59.183-0400][gc,heap      ] GC(1) Eden regions: 9->0(49)
[2018-10-24T20:13:59.183-0400][gc,heap      ] GC(1) Survivor regions: 7->2(7)
[2018-10-24T20:13:59.183-0400][gc,heap      ] GC(1) Old regions: 4->10
[2018-10-24T20:13:59.183-0400][gc,heap      ] GC(1) Humongous regions: 1->1
[2018-10-24T20:13:59.183-0400][gc,metaspace ] GC(1) Metaspace: 20590K->20590K(1069056K)
[2018-10-24T20:13:59.183-0400][gc           ] GC(1) Pause Initial Mark (Metadata GC Threshold) 20M->12M(1024M) 10.263ms
[2018-10-24T20:13:59.183-0400][gc,cpu       ] GC(1) User=0.03s Sys=0.00s Real=0.01s
[2018-10-24T20:13:59.183-0400][gc           ] GC(2) Concurrent Cycle
[2018-10-24T20:13:59.183-0400][gc,marking   ] GC(2) Concurrent Clear Claimed Marks
[2018-10-24T20:13:59.183-0400][gc,marking   ] GC(2) Concurrent Clear Claimed Marks 0.011ms
[2018-10-24T20:13:59.183-0400][gc,marking   ] GC(2) Concurrent Scan Root Regions
[2018-10-24T20:13:59.183-0400][gc,marking   ] GC(2) Concurrent Scan Root Regions 0.608ms
[2018-10-24T20:13:59.183-0400][gc,marking   ] GC(2) Concurrent Mark (0.962s)
[2018-10-24T20:13:59.183-0400][gc,marking   ] GC(2) Concurrent Mark From Roots
[2018-10-24T20:13:59.183-0400][gc,task      ] GC(2) Using 2 workers of 2 for marking
[2018-10-24T20:13:59.193-0400][gc,marking   ] GC(2) Concurrent Mark From Roots 10.190ms
[2018-10-24T20:13:59.193-0400][gc,marking   ] GC(2) Concurrent Mark (0.962s, 0.972s) 10.213ms
[2018-10-24T20:13:59.194-0400][gc,start     ] GC(2) Pause Remark
[2018-10-24T20:13:59.213-0400][gc,stringtable] GC(2) Cleaned string and symbol table, strings: 9184 processed, 0 removed, symbols: 68180 processed, 43 removed
[2018-10-24T20:13:59.213-0400][gc            ] GC(2) Pause Remark 12M->12M(1024M) 19.027ms
[2018-10-24T20:13:59.213-0400][gc,cpu        ] GC(2) User=0.06s Sys=0.01s Real=0.02s
[2018-10-24T20:13:59.213-0400][gc,marking    ] GC(2) Concurrent Create Live Data
[2018-10-24T20:13:59.214-0400][gc,marking    ] GC(2) Concurrent Create Live Data 1.231ms
[2018-10-24T20:13:59.214-0400][gc,start      ] GC(2) Pause Cleanup
[2018-10-24T20:13:59.215-0400][gc            ] GC(2) Pause Cleanup 12M->9M(1024M) 0.881ms
[2018-10-24T20:13:59.215-0400][gc,cpu        ] GC(2) User=0.01s Sys=0.00s Real=0.00s
[2018-10-24T20:13:59.215-0400][gc,marking    ] GC(2) Concurrent Complete Cleanup
[2018-10-24T20:13:59.215-0400][gc,marking    ] GC(2) Concurrent Complete Cleanup 0.015ms
[2018-10-24T20:13:59.215-0400][gc,marking    ] GC(2) Concurrent Cleanup for Next Mark
[2018-10-24T20:13:59.222-0400][gc,marking    ] GC(2) Concurrent Cleanup for Next Mark 6.502ms
[2018-10-24T20:13:59.222-0400][gc            ] GC(2) Concurrent Cycle 39.352ms
[2018-10-24T20:13:59.791-0400][gc,start      ] GC(3) Pause Young (G1 Evacuation Pause)
[2018-10-24T20:13:59.791-0400][gc,task       ] GC(3) Using 8 workers of 8 for evacuation
[2018-10-24T20:13:59.799-0400][gc,phases     ] GC(3)   Pre Evacuate Collection Set: 0.0ms
[2018-10-24T20:13:59.799-0400][gc,phases     ] GC(3)   Evacuate Collection Set: 4.8ms
[2018-10-24T20:13:59.799-0400][gc,phases     ] GC(3)   Post Evacuate Collection Set: 2.6ms
[2018-10-24T20:13:59.799-0400][gc,phases     ] GC(3)   Other: 0.2ms
[2018-10-24T20:13:59.799-0400][gc,heap       ] GC(3) Eden regions: 49->0(44)
[2018-10-24T20:13:59.799-0400][gc,heap       ] GC(3) Survivor regions: 2->7(7)
[2018-10-24T20:13:59.799-0400][gc,heap       ] GC(3) Old regions: 7->8
[2018-10-24T20:13:59.799-0400][gc,heap       ] GC(3) Humongous regions: 130->130
[2018-10-24T20:13:59.799-0400][gc,metaspace  ] GC(3) Metaspace: 27563K->27563K(1075200K)
[2018-10-24T20:13:59.799-0400][gc            ] GC(3) Pause Young (G1 Evacuation Pause) 187M->144M(1024M) 7.621ms
[2018-10-24T20:13:59.799-0400][gc,cpu        ] GC(3) User=0.02s Sys=0.00s Real=0.01s
[2018-10-24T20:14:00.168-0400][gc,start      ] GC(4) Pause Young (G1 Evacuation Pause)
[2018-10-24T20:14:00.168-0400][gc,task       ] GC(4) Using 8 workers of 8 for evacuation
[2018-10-24T20:14:00.179-0400][gc,phases     ] GC(4)   Pre Evacuate Collection Set: 0.0ms
[2018-10-24T20:14:00.179-0400][gc,phases     ] GC(4)   Evacuate Collection Set: 8.2ms
[2018-10-24T20:14:00.179-0400][gc,phases     ] GC(4)   Post Evacuate Collection Set: 1.8ms
[2018-10-24T20:14:00.179-0400][gc,phases     ] GC(4)   Other: 0.2ms
[2018-10-24T20:14:00.179-0400][gc,heap       ] GC(4) Eden regions: 44->0(44)
[2018-10-24T20:14:00.179-0400][gc,heap       ] GC(4) Survivor regions: 7->7(7)
[2018-10-24T20:14:00.179-0400][gc,heap       ] GC(4) Old regions: 8->10
[2018-10-24T20:14:00.179-0400][gc,heap       ] GC(4) Humongous regions: 130->130
[2018-10-24T20:14:00.179-0400][gc,metaspace  ] GC(4) Metaspace: 32041K->32041K(1079296K)
[2018-10-24T20:14:00.179-0400][gc            ] GC(4) Pause Young (G1 Evacuation Pause) 188M->145M(1024M) 10.312ms
[2018-10-24T20:14:00.179-0400][gc,cpu        ] GC(4) User=0.03s Sys=0.00s Real=0.01s
[2018-10-24T20:14:50.261-0400][gc,start      ] GC(5) Pause Young (G1 Evacuation Pause)
[2018-10-24T20:14:50.261-0400][gc,task       ] GC(5) Using 8 workers of 8 for evacuation
[2018-10-24T20:14:50.268-0400][gc,phases     ] GC(5)   Pre Evacuate Collection Set: 0.1ms
[2018-10-24T20:14:50.268-0400][gc,phases     ] GC(5)   Evacuate Collection Set: 5.3ms
[2018-10-24T20:14:50.268-0400][gc,phases     ] GC(5)   Post Evacuate Collection Set: 1.7ms
[2018-10-24T20:14:50.268-0400][gc,phases     ] GC(5)   Other: 0.2ms
[2018-10-24T20:14:50.268-0400][gc,heap       ] GC(5) Eden regions: 44->0(48)
[2018-10-24T20:14:50.268-0400][gc,heap       ] GC(5) Survivor regions: 7->3(7)
[2018-10-24T20:14:50.268-0400][gc,heap       ] GC(5) Old regions: 10->12
[2018-10-24T20:14:50.268-0400][gc,heap       ] GC(5) Humongous regions: 298->131
[2018-10-24T20:14:50.268-0400][gc,metaspace  ] GC(5) Metaspace: 34980K->34980K(1081344K)
[2018-10-24T20:14:50.268-0400][gc            ] GC(5) Pause Young (G1 Evacuation Pause) 357M->145M(1024M) 7.315ms
[2018-10-24T20:14:50.268-0400][gc,cpu        ] GC(5) User=0.03s Sys=0.00s Real=0.01s
[2018-10-24T20:14:51.773-0400][gc,start      ] GC(6) Pause Initial Mark (Metadata GC Threshold)
[2018-10-24T20:14:51.773-0400][gc,task       ] GC(6) Using 8 workers of 8 for evacuation
[2018-10-24T20:14:51.777-0400][gc,phases     ] GC(6)   Pre Evacuate Collection Set: 0.0ms
[2018-10-24T20:14:51.777-0400][gc,phases     ] GC(6)   Evacuate Collection Set: 3.6ms
[2018-10-24T20:14:51.777-0400][gc,phases     ] GC(6)   Post Evacuate Collection Set: 0.3ms
[2018-10-24T20:14:51.777-0400][gc,phases     ] GC(6)   Other: 0.3ms
[2018-10-24T20:14:51.777-0400][gc,heap       ] GC(6) Eden regions: 3->0(50)
[2018-10-24T20:14:51.777-0400][gc,heap       ] GC(6) Survivor regions: 3->1(7)
[2018-10-24T20:14:51.777-0400][gc,heap       ] GC(6) Old regions: 12->12
[2018-10-24T20:14:51.777-0400][gc,heap       ] GC(6) Humongous regions: 141->130
[2018-10-24T20:14:51.777-0400][gc,metaspace  ] GC(6) Metaspace: 35005K->35005K(1081344K)
[2018-10-24T20:14:51.777-0400][gc            ] GC(6) Pause Initial Mark (Metadata GC Threshold) 157M->142M(1024M) 4.355ms
[2018-10-24T20:14:51.777-0400][gc,cpu        ] GC(6) User=0.02s Sys=0.00s Real=0.01s
[2018-10-24T20:14:51.777-0400][gc            ] GC(7) Concurrent Cycle
[2018-10-24T20:14:51.777-0400][gc,marking    ] GC(7) Concurrent Clear Claimed Marks
[2018-10-24T20:14:51.778-0400][gc,marking    ] GC(7) Concurrent Clear Claimed Marks 0.027ms
[2018-10-24T20:14:51.778-0400][gc,marking    ] GC(7) Concurrent Scan Root Regions
[2018-10-24T20:14:51.779-0400][gc,marking    ] GC(7) Concurrent Scan Root Regions 1.518ms
[2018-10-24T20:14:51.779-0400][gc,marking    ] GC(7) Concurrent Mark (53.557s)
[2018-10-24T20:14:51.779-0400][gc,marking    ] GC(7) Concurrent Mark From Roots
[2018-10-24T20:14:51.779-0400][gc,task       ] GC(7) Using 2 workers of 2 for marking
[2018-10-24T20:14:51.787-0400][gc,marking    ] GC(7) Concurrent Mark From Roots 7.833ms
[2018-10-24T20:14:51.787-0400][gc,marking    ] GC(7) Concurrent Mark (53.557s, 53.565s) 7.877ms
[2018-10-24T20:14:51.787-0400][gc,start      ] GC(7) Pause Remark
[2018-10-24T20:14:51.794-0400][gc,stringtable] GC(7) Cleaned string and symbol table, strings: 14576 processed, 18 removed, symbols: 95856 processed, 14 removed
[2018-10-24T20:14:51.794-0400][gc            ] GC(7) Pause Remark 143M->143M(1024M) 7.071ms
[2018-10-24T20:14:51.794-0400][gc,cpu        ] GC(7) User=0.02s Sys=0.00s Real=0.00s
[2018-10-24T20:14:51.794-0400][gc,marking    ] GC(7) Concurrent Create Live Data
[2018-10-24T20:14:51.796-0400][gc,marking    ] GC(7) Concurrent Create Live Data 2.064ms
[2018-10-24T20:14:51.797-0400][gc,start      ] GC(7) Pause Cleanup
[2018-10-24T20:14:51.797-0400][gc            ] GC(7) Pause Cleanup 143M->143M(1024M) 0.715ms
[2018-10-24T20:14:51.797-0400][gc,cpu        ] GC(7) User=0.00s Sys=0.00s Real=0.00s
[2018-10-24T20:14:51.797-0400][gc,marking    ] GC(7) Concurrent Cleanup for Next Mark
[2018-10-24T20:14:51.802-0400][gc,marking    ] GC(7) Concurrent Cleanup for Next Mark 4.909ms
[2018-10-24T20:14:51.802-0400][gc            ] GC(7) Concurrent Cycle 24.871ms
[2018-10-24T20:15:24.420-0400][gc,start      ] GC(8) Pause Initial Mark (G1 Humongous Allocation)
[2018-10-24T20:15:24.420-0400][gc,task       ] GC(8) Using 8 workers of 8 for evacuation
[2018-10-24T20:15:24.424-0400][gc,phases     ] GC(8)   Pre Evacuate Collection Set: 0.1ms
[2018-10-24T20:15:24.424-0400][gc,phases     ] GC(8)   Evacuate Collection Set: 3.2ms
[2018-10-24T20:15:24.424-0400][gc,phases     ] GC(8)   Post Evacuate Collection Set: 0.5ms
[2018-10-24T20:15:24.424-0400][gc,phases     ] GC(8)   Other: 0.3ms
[2018-10-24T20:15:24.424-0400][gc,heap       ] GC(8) Eden regions: 8->0(49)
[2018-10-24T20:15:24.424-0400][gc,heap       ] GC(8) Survivor regions: 1->2(7)
[2018-10-24T20:15:24.424-0400][gc,heap       ] GC(8) Old regions: 12->12
[2018-10-24T20:15:24.424-0400][gc,heap       ] GC(8) Humongous regions: 346->130
[2018-10-24T20:15:24.424-0400][gc,metaspace  ] GC(8) Metaspace: 35246K->35246K(1081344K)
[2018-10-24T20:15:24.424-0400][gc            ] GC(8) Pause Initial Mark (G1 Humongous Allocation) 366M->142M(1024M) 4.096ms
[2018-10-24T20:15:24.424-0400][gc,cpu        ] GC(8) User=0.02s Sys=0.00s Real=0.00s
[2018-10-24T20:15:24.424-0400][gc            ] GC(9) Concurrent Cycle
[2018-10-24T20:15:24.424-0400][gc,marking    ] GC(9) Concurrent Clear Claimed Marks
[2018-10-24T20:15:24.424-0400][gc,marking    ] GC(9) Concurrent Clear Claimed Marks 0.019ms
[2018-10-24T20:15:24.424-0400][gc,marking    ] GC(9) Concurrent Scan Root Regions
[2018-10-24T20:15:24.425-0400][gc,marking    ] GC(9) Concurrent Scan Root Regions 1.036ms
[2018-10-24T20:15:24.425-0400][gc,marking    ] GC(9) Concurrent Mark (86.203s)
[2018-10-24T20:15:24.425-0400][gc,marking    ] GC(9) Concurrent Mark From Roots
[2018-10-24T20:15:24.425-0400][gc,task       ] GC(9) Using 2 workers of 2 for marking
[2018-10-24T20:15:24.433-0400][gc,marking    ] GC(9) Concurrent Mark From Roots 8.576ms
[2018-10-24T20:15:24.433-0400][gc,marking    ] GC(9) Concurrent Mark (86.203s, 86.212s) 8.614ms
[2018-10-24T20:15:24.434-0400][gc,start      ] GC(9) Pause Remark
[2018-10-24T20:15:24.440-0400][gc,stringtable] GC(9) Cleaned string and symbol table, strings: 14637 processed, 0 removed, symbols: 95872 processed, 0 removed
[2018-10-24T20:15:24.440-0400][gc            ] GC(9) Pause Remark 145M->145M(1024M) 6.645ms
[2018-10-24T20:15:24.440-0400][gc,cpu        ] GC(9) User=0.02s Sys=0.00s Real=0.01s
[2018-10-24T20:15:24.441-0400][gc,marking    ] GC(9) Concurrent Create Live Data
[2018-10-24T20:15:24.443-0400][gc,marking    ] GC(9) Concurrent Create Live Data 2.161ms
[2018-10-24T20:15:24.443-0400][gc,start      ] GC(9) Pause Cleanup
[2018-10-24T20:15:24.444-0400][gc            ] GC(9) Pause Cleanup 145M->145M(1024M) 0.652ms
[2018-10-24T20:15:24.444-0400][gc,cpu        ] GC(9) User=0.00s Sys=0.00s Real=0.00s
[2018-10-24T20:15:24.444-0400][gc,marking    ] GC(9) Concurrent Cleanup for Next Mark
[2018-10-24T20:15:24.446-0400][gc,marking    ] GC(9) Concurrent Cleanup for Next Mark 1.780ms
[2018-10-24T20:15:24.446-0400][gc            ] GC(9) Concurrent Cycle 21.881ms
[2018-10-24T20:16:25.783-0400][gc,start      ] GC(10) Pause Initial Mark (G1 Humongous Allocation)
[2018-10-24T20:16:25.783-0400][gc,task       ] GC(10) Using 8 workers of 8 for evacuation
[2018-10-24T20:16:25.787-0400][gc,phases     ] GC(10)   Pre Evacuate Collection Set: 0.1ms
[2018-10-24T20:16:25.787-0400][gc,phases     ] GC(10)   Evacuate Collection Set: 3.6ms
[2018-10-24T20:16:25.787-0400][gc,phases     ] GC(10)   Post Evacuate Collection Set: 0.5ms
[2018-10-24T20:16:25.787-0400][gc,phases     ] GC(10)   Other: 0.3ms
[2018-10-24T20:16:25.787-0400][gc,heap       ] GC(10) Eden regions: 21->0(49)
[2018-10-24T20:16:25.787-0400][gc,heap       ] GC(10) Survivor regions: 2->2(7)
[2018-10-24T20:16:25.787-0400][gc,heap       ] GC(10) Old regions: 12->12
[2018-10-24T20:16:25.787-0400][gc,heap       ] GC(10) Humongous regions: 346->130
[2018-10-24T20:16:25.787-0400][gc,metaspace  ] GC(10) Metaspace: 35572K->35572K(1081344K)
[2018-10-24T20:16:25.787-0400][gc            ] GC(10) Pause Initial Mark (G1 Humongous Allocation) 379M->143M(1024M) 4.554ms
[2018-10-24T20:16:25.787-0400][gc,cpu        ] GC(10) User=0.01s Sys=0.00s Real=0.01s
[2018-10-24T20:16:25.787-0400][gc            ] GC(11) Concurrent Cycle
[2018-10-24T20:16:25.787-0400][gc,marking    ] GC(11) Concurrent Clear Claimed Marks
[2018-10-24T20:16:25.787-0400][gc,marking    ] GC(11) Concurrent Clear Claimed Marks 0.015ms
[2018-10-24T20:16:25.787-0400][gc,marking    ] GC(11) Concurrent Scan Root Regions
[2018-10-24T20:16:25.789-0400][gc,marking    ] GC(11) Concurrent Scan Root Regions 1.490ms
[2018-10-24T20:16:25.789-0400][gc,marking    ] GC(11) Concurrent Mark (147.567s)
[2018-10-24T20:16:25.789-0400][gc,marking    ] GC(11) Concurrent Mark From Roots
[2018-10-24T20:16:25.789-0400][gc,task       ] GC(11) Using 2 workers of 2 for marking
[2018-10-24T20:16:25.797-0400][gc,marking    ] GC(11) Concurrent Mark From Roots 7.759ms
[2018-10-24T20:16:25.797-0400][gc,marking    ] GC(11) Concurrent Mark (147.567s, 147.575s) 7.781ms
[2018-10-24T20:16:25.797-0400][gc,start      ] GC(11) Pause Remark
[2018-10-24T20:16:25.803-0400][gc,stringtable] GC(11) Cleaned string and symbol table, strings: 14710 processed, 0 removed, symbols: 95873 processed, 1 removed
[2018-10-24T20:16:25.803-0400][gc            ] GC(11) Pause Remark 145M->145M(1024M) 5.643ms
[2018-10-24T20:16:25.803-0400][gc,cpu        ] GC(11) User=0.02s Sys=0.00s Real=0.00s
[2018-10-24T20:16:25.803-0400][gc,marking    ] GC(11) Concurrent Create Live Data
[2018-10-24T20:16:25.805-0400][gc,marking    ] GC(11) Concurrent Create Live Data 1.851ms
[2018-10-24T20:16:25.805-0400][gc,start      ] GC(11) Pause Cleanup
[2018-10-24T20:16:25.805-0400][gc            ] GC(11) Pause Cleanup 145M->145M(1024M) 0.678ms
[2018-10-24T20:16:25.806-0400][gc,cpu        ] GC(11) User=0.00s Sys=0.00s Real=0.00s
[2018-10-24T20:16:25.806-0400][gc,marking    ] GC(11) Concurrent Cleanup for Next Mark
[2018-10-24T20:16:25.807-0400][gc,marking    ] GC(11) Concurrent Cleanup for Next Mark 1.486ms
[2018-10-24T20:16:25.807-0400][gc            ] GC(11) Concurrent Cycle 19.676ms
[2018-10-24T20:16:57.622-0400][gc,start      ] GC(12) Pause Initial Mark (G1 Humongous Allocation)
[2018-10-24T20:16:57.623-0400][gc,task       ] GC(12) Using 8 workers of 8 for evacuation
[2018-10-24T20:16:57.628-0400][gc,phases     ] GC(12)   Pre Evacuate Collection Set: 0.1ms
[2018-10-24T20:16:57.628-0400][gc,phases     ] GC(12)   Evacuate Collection Set: 4.8ms
[2018-10-24T20:16:57.628-0400][gc,phases     ] GC(12)   Post Evacuate Collection Set: 0.5ms
[2018-10-24T20:16:57.628-0400][gc,phases     ] GC(12)   Other: 0.3ms
[2018-10-24T20:16:57.628-0400][gc,heap       ] GC(12) Eden regions: 8->0(49)
[2018-10-24T20:16:57.628-0400][gc,heap       ] GC(12) Survivor regions: 2->2(7)
[2018-10-24T20:16:57.628-0400][gc,heap       ] GC(12) Old regions: 12->12
[2018-10-24T20:16:57.628-0400][gc,heap       ] GC(12) Humongous regions: 346->130
[2018-10-24T20:16:57.628-0400][gc,metaspace  ] GC(12) Metaspace: 35689K->35689K(1081344K)
[2018-10-24T20:16:57.628-0400][gc            ] GC(12) Pause Initial Mark (G1 Humongous Allocation) 366M->143M(1024M) 5.747ms
[2018-10-24T20:16:57.628-0400][gc,cpu        ] GC(12) User=0.02s Sys=0.00s Real=0.01s
[2018-10-24T20:16:57.628-0400][gc            ] GC(13) Concurrent Cycle
[2018-10-24T20:16:57.628-0400][gc,marking    ] GC(13) Concurrent Clear Claimed Marks
[2018-10-24T20:16:57.628-0400][gc,marking    ] GC(13) Concurrent Clear Claimed Marks 0.012ms
[2018-10-24T20:16:57.628-0400][gc,marking    ] GC(13) Concurrent Scan Root Regions
[2018-10-24T20:16:57.629-0400][gc,marking    ] GC(13) Concurrent Scan Root Regions 0.898ms
[2018-10-24T20:16:57.629-0400][gc,marking    ] GC(13) Concurrent Mark (179.408s)
[2018-10-24T20:16:57.629-0400][gc,marking    ] GC(13) Concurrent Mark From Roots
[2018-10-24T20:16:57.629-0400][gc,task       ] GC(13) Using 2 workers of 2 for marking
[2018-10-24T20:16:57.638-0400][gc,marking    ] GC(13) Concurrent Mark From Roots 8.324ms
[2018-10-24T20:16:57.638-0400][gc,marking    ] GC(13) Concurrent Mark (179.408s, 179.416s) 8.377ms
[2018-10-24T20:16:57.638-0400][gc,start      ] GC(13) Pause Remark
[2018-10-24T20:16:57.643-0400][gc,stringtable] GC(13) Cleaned string and symbol table, strings: 14725 processed, 0 removed, symbols: 95872 processed, 0 removed
[2018-10-24T20:16:57.643-0400][gc            ] GC(13) Pause Remark 145M->145M(1024M) 5.233ms
[2018-10-24T20:16:57.643-0400][gc,cpu        ] GC(13) User=0.03s Sys=0.00s Real=0.00s
[2018-10-24T20:16:57.643-0400][gc,marking    ] GC(13) Concurrent Create Live Data
[2018-10-24T20:16:57.645-0400][gc,marking    ] GC(13) Concurrent Create Live Data 2.032ms
[2018-10-24T20:16:57.645-0400][gc,start      ] GC(13) Pause Cleanup
[2018-10-24T20:16:57.646-0400][gc            ] GC(13) Pause Cleanup 145M->145M(1024M) 0.694ms
[2018-10-24T20:16:57.646-0400][gc,cpu        ] GC(13) User=0.00s Sys=0.00s Real=0.00s
[2018-10-24T20:16:57.646-0400][gc,marking    ] GC(13) Concurrent Cleanup for Next Mark
[2018-10-24T20:16:57.648-0400][gc,marking    ] GC(13) Concurrent Cleanup for Next Mark 1.419ms
[2018-10-24T20:16:57.648-0400][gc            ] GC(13) Concurrent Cycle 19.303ms
[2018-10-24T20:20:55.997-0400][gc,start      ] GC(14) Pause Initial Mark (G1 Humongous Allocation)
[2018-10-24T20:20:55.997-0400][gc,task       ] GC(14) Using 8 workers of 8 for evacuation
[2018-10-24T20:20:56.003-0400][gc,phases     ] GC(14)   Pre Evacuate Collection Set: 0.1ms
[2018-10-24T20:20:56.003-0400][gc,phases     ] GC(14)   Evacuate Collection Set: 4.7ms
[2018-10-24T20:20:56.003-0400][gc,phases     ] GC(14)   Post Evacuate Collection Set: 0.8ms
[2018-10-24T20:20:56.003-0400][gc,phases     ] GC(14)   Other: 0.4ms
[2018-10-24T20:20:56.003-0400][gc,heap       ] GC(14) Eden regions: 40->0(61)
[2018-10-24T20:20:56.003-0400][gc,heap       ] GC(14) Survivor regions: 2->3(7)
[2018-10-24T20:20:56.003-0400][gc,heap       ] GC(14) Old regions: 12->12
[2018-10-24T20:20:56.003-0400][gc,heap       ] GC(14) Humongous regions: 346->130
[2018-10-24T20:20:56.003-0400][gc,metaspace  ] GC(14) Metaspace: 35933K->35933K(1081344K)
[2018-10-24T20:20:56.003-0400][gc            ] GC(14) Pause Initial Mark (G1 Humongous Allocation) 398M->143M(1024M) 6.012ms
[2018-10-24T20:20:56.003-0400][gc,cpu        ] GC(14) User=0.02s Sys=0.00s Real=0.00s
[2018-10-24T20:20:56.003-0400][gc            ] GC(15) Concurrent Cycle
[2018-10-24T20:20:56.003-0400][gc,marking    ] GC(15) Concurrent Clear Claimed Marks
[2018-10-24T20:20:56.003-0400][gc,marking    ] GC(15) Concurrent Clear Claimed Marks 0.015ms
[2018-10-24T20:20:56.003-0400][gc,marking    ] GC(15) Concurrent Scan Root Regions
[2018-10-24T20:20:56.004-0400][gc,marking    ] GC(15) Concurrent Scan Root Regions 1.391ms
[2018-10-24T20:20:56.004-0400][gc,marking    ] GC(15) Concurrent Mark (417.783s)
[2018-10-24T20:20:56.004-0400][gc,marking    ] GC(15) Concurrent Mark From Roots
[2018-10-24T20:20:56.004-0400][gc,task       ] GC(15) Using 2 workers of 2 for marking
[2018-10-24T20:20:56.013-0400][gc,marking    ] GC(15) Concurrent Mark From Roots 8.902ms
[2018-10-24T20:20:56.013-0400][gc,marking    ] GC(15) Concurrent Mark (417.783s, 417.792s) 8.931ms
[2018-10-24T20:20:56.014-0400][gc,start      ] GC(15) Pause Remark
[2018-10-24T20:20:56.019-0400][gc,stringtable] GC(15) Cleaned string and symbol table, strings: 14813 processed, 0 removed, symbols: 95894 processed, 1 removed
[2018-10-24T20:20:56.019-0400][gc            ] GC(15) Pause Remark 147M->147M(1024M) 5.838ms
[2018-10-24T20:20:56.019-0400][gc,cpu        ] GC(15) User=0.03s Sys=0.00s Real=0.01s
[2018-10-24T20:20:56.020-0400][gc,marking    ] GC(15) Concurrent Create Live Data
[2018-10-24T20:20:56.022-0400][gc,marking    ] GC(15) Concurrent Create Live Data 1.957ms
[2018-10-24T20:20:56.022-0400][gc,start      ] GC(15) Pause Cleanup
[2018-10-24T20:20:56.022-0400][gc            ] GC(15) Pause Cleanup 147M->147M(1024M) 0.662ms
[2018-10-24T20:20:56.022-0400][gc,cpu        ] GC(15) User=0.01s Sys=0.00s Real=0.00s
[2018-10-24T20:20:56.022-0400][gc,marking    ] GC(15) Concurrent Cleanup for Next Mark
[2018-10-24T20:20:56.025-0400][gc,marking    ] GC(15) Concurrent Cleanup for Next Mark 2.357ms
[2018-10-24T20:20:56.025-0400][gc            ] GC(15) Concurrent Cycle 21.889ms
[2018-10-24T20:21:28.660-0400][gc,start      ] GC(16) Pause Initial Mark (G1 Humongous Allocation)
[2018-10-24T20:21:28.660-0400][gc,task       ] GC(16) Using 8 workers of 8 for evacuation
[2018-10-24T20:21:28.666-0400][gc,phases     ] GC(16)   Pre Evacuate Collection Set: 0.1ms
[2018-10-24T20:21:28.666-0400][gc,phases     ] GC(16)   Evacuate Collection Set: 5.3ms
[2018-10-24T20:21:28.666-0400][gc,phases     ] GC(16)   Post Evacuate Collection Set: 0.6ms
[2018-10-24T20:21:28.666-0400][gc,phases     ] GC(16)   Other: 0.3ms
[2018-10-24T20:21:28.666-0400][gc,heap       ] GC(16) Eden regions: 10->0(79)
[2018-10-24T20:21:28.666-0400][gc,heap       ] GC(16) Survivor regions: 3->3(8)
[2018-10-24T20:21:28.666-0400][gc,heap       ] GC(16) Old regions: 12->12
[2018-10-24T20:21:28.666-0400][gc,heap       ] GC(16) Humongous regions: 346->130
[2018-10-24T20:21:28.666-0400][gc,metaspace  ] GC(16) Metaspace: 35962K->35962K(1081344K)
[2018-10-24T20:21:28.666-0400][gc            ] GC(16) Pause Initial Mark (G1 Humongous Allocation) 369M->144M(1024M) 6.315ms
[2018-10-24T20:21:28.666-0400][gc,cpu        ] GC(16) User=0.03s Sys=0.00s Real=0.01s
[2018-10-24T20:21:28.666-0400][gc            ] GC(17) Concurrent Cycle
[2018-10-24T20:21:28.666-0400][gc,marking    ] GC(17) Concurrent Clear Claimed Marks
[2018-10-24T20:21:28.666-0400][gc,marking    ] GC(17) Concurrent Clear Claimed Marks 0.028ms
[2018-10-24T20:21:28.666-0400][gc,marking    ] GC(17) Concurrent Scan Root Regions
[2018-10-24T20:21:28.668-0400][gc,marking    ] GC(17) Concurrent Scan Root Regions 1.176ms
[2018-10-24T20:21:28.668-0400][gc,marking    ] GC(17) Concurrent Mark (450.446s)
[2018-10-24T20:21:28.668-0400][gc,marking    ] GC(17) Concurrent Mark From Roots
[2018-10-24T20:21:28.668-0400][gc,task       ] GC(17) Using 2 workers of 2 for marking
[2018-10-24T20:21:28.675-0400][gc,marking    ] GC(17) Concurrent Mark From Roots 7.722ms
[2018-10-24T20:21:28.675-0400][gc,marking    ] GC(17) Concurrent Mark (450.446s, 450.454s) 7.760ms
[2018-10-24T20:21:28.676-0400][gc,start      ] GC(17) Pause Remark
[2018-10-24T20:21:28.685-0400][gc,stringtable] GC(17) Cleaned string and symbol table, strings: 14855 processed, 0 removed, symbols: 95904 processed, 0 removed
[2018-10-24T20:21:28.685-0400][gc            ] GC(17) Pause Remark 146M->146M(1024M) 9.714ms
[2018-10-24T20:21:28.685-0400][gc,cpu        ] GC(17) User=0.03s Sys=0.00s Real=0.02s
[2018-10-24T20:21:28.685-0400][gc,marking    ] GC(17) Concurrent Create Live Data
[2018-10-24T20:21:28.687-0400][gc,marking    ] GC(17) Concurrent Create Live Data 1.873ms
[2018-10-24T20:21:28.688-0400][gc,start      ] GC(17) Pause Cleanup
[2018-10-24T20:21:28.688-0400][gc            ] GC(17) Pause Cleanup 146M->146M(1024M) 0.615ms
[2018-10-24T20:21:28.688-0400][gc,cpu        ] GC(17) User=0.00s Sys=0.00s Real=0.00s
[2018-10-24T20:21:28.688-0400][gc,marking    ] GC(17) Concurrent Cleanup for Next Mark
[2018-10-24T20:21:28.690-0400][gc,marking    ] GC(17) Concurrent Cleanup for Next Mark 1.359ms
[2018-10-24T20:21:28.690-0400][gc            ] GC(17) Concurrent Cycle 23.307ms
[2018-10-24T20:22:01.033-0400][gc,start      ] GC(18) Pause Initial Mark (G1 Humongous Allocation)
[2018-10-24T20:22:01.033-0400][gc,task       ] GC(18) Using 8 workers of 8 for evacuation
[2018-10-24T20:22:01.038-0400][gc,phases     ] GC(18)   Pre Evacuate Collection Set: 0.1ms
[2018-10-24T20:22:01.038-0400][gc,phases     ] GC(18)   Evacuate Collection Set: 3.9ms
[2018-10-24T20:22:01.038-0400][gc,phases     ] GC(18)   Post Evacuate Collection Set: 0.5ms
[2018-10-24T20:22:01.038-0400][gc,phases     ] GC(18)   Other: 0.3ms
[2018-10-24T20:22:01.038-0400][gc,heap       ] GC(18) Eden regions: 10->0(102)
[2018-10-24T20:22:01.038-0400][gc,heap       ] GC(18) Survivor regions: 3->3(11)
[2018-10-24T20:22:01.038-0400][gc,heap       ] GC(18) Old regions: 12->12
[2018-10-24T20:22:01.038-0400][gc,heap       ] GC(18) Humongous regions: 346->130
[2018-10-24T20:22:01.038-0400][gc,metaspace  ] GC(18) Metaspace: 35987K->35987K(1081344K)
[2018-10-24T20:22:01.038-0400][gc            ] GC(18) Pause Initial Mark (G1 Humongous Allocation) 369M->144M(1024M) 4.836ms
[2018-10-24T20:22:01.038-0400][gc,cpu        ] GC(18) User=0.03s Sys=0.00s Real=0.01s
[2018-10-24T20:22:01.038-0400][gc            ] GC(19) Concurrent Cycle
[2018-10-24T20:22:01.038-0400][gc,marking    ] GC(19) Concurrent Clear Claimed Marks
[2018-10-24T20:22:01.038-0400][gc,marking    ] GC(19) Concurrent Clear Claimed Marks 0.015ms
[2018-10-24T20:22:01.038-0400][gc,marking    ] GC(19) Concurrent Scan Root Regions
[2018-10-24T20:22:01.039-0400][gc,marking    ] GC(19) Concurrent Scan Root Regions 1.142ms
[2018-10-24T20:22:01.039-0400][gc,marking    ] GC(19) Concurrent Mark (482.817s)
[2018-10-24T20:22:01.039-0400][gc,marking    ] GC(19) Concurrent Mark From Roots
[2018-10-24T20:22:01.039-0400][gc,task       ] GC(19) Using 2 workers of 2 for marking
[2018-10-24T20:22:01.046-0400][gc,marking    ] GC(19) Concurrent Mark From Roots 7.218ms
[2018-10-24T20:22:01.046-0400][gc,marking    ] GC(19) Concurrent Mark (482.817s, 482.825s) 7.260ms
[2018-10-24T20:22:01.047-0400][gc,start      ] GC(19) Pause Remark
[2018-10-24T20:22:01.052-0400][gc,stringtable] GC(19) Cleaned string and symbol table, strings: 14917 processed, 0 removed, symbols: 95906 processed, 1 removed
[2018-10-24T20:22:01.052-0400][gc            ] GC(19) Pause Remark 147M->147M(1024M) 5.608ms
[2018-10-24T20:22:01.052-0400][gc,cpu        ] GC(19) User=0.03s Sys=0.00s Real=0.00s
[2018-10-24T20:22:01.052-0400][gc,marking    ] GC(19) Concurrent Create Live Data
[2018-10-24T20:22:01.055-0400][gc,marking    ] GC(19) Concurrent Create Live Data 2.806ms
[2018-10-24T20:22:01.055-0400][gc,start      ] GC(19) Pause Cleanup
[2018-10-24T20:22:01.056-0400][gc            ] GC(19) Pause Cleanup 147M->147M(1024M) 0.673ms
[2018-10-24T20:22:01.056-0400][gc,cpu        ] GC(19) User=0.01s Sys=0.00s Real=0.00s
[2018-10-24T20:22:01.056-0400][gc,marking    ] GC(19) Concurrent Cleanup for Next Mark
[2018-10-24T20:22:01.057-0400][gc,marking    ] GC(19) Concurrent Cleanup for Next Mark 1.315ms
[2018-10-24T20:22:01.058-0400][gc            ] GC(19) Concurrent Cycle 19.664ms
[2018-10-24T20:38:12.953-0400][gc,start      ] GC(20) Pause Initial Mark (G1 Humongous Allocation)
[2018-10-24T20:38:12.953-0400][gc,task       ] GC(20) Using 8 workers of 8 for evacuation
[2018-10-24T20:38:12.962-0400][gc,phases     ] GC(20)   Pre Evacuate Collection Set: 0.1ms
[2018-10-24T20:38:12.962-0400][gc,phases     ] GC(20)   Evacuate Collection Set: 8.1ms
[2018-10-24T20:38:12.962-0400][gc,phases     ] GC(20)   Post Evacuate Collection Set: 1.1ms
[2018-10-24T20:38:12.962-0400][gc,phases     ] GC(20)   Other: 0.4ms
[2018-10-24T20:38:12.962-0400][gc,heap       ] GC(20) Eden regions: 48->0(130)
[2018-10-24T20:38:12.962-0400][gc,heap       ] GC(20) Survivor regions: 3->3(14)
[2018-10-24T20:38:12.962-0400][gc,heap       ] GC(20) Old regions: 12->12
[2018-10-24T20:38:12.962-0400][gc,heap       ] GC(20) Humongous regions: 346->130
[2018-10-24T20:38:12.962-0400][gc,metaspace  ] GC(20) Metaspace: 36115K->36115K(1081344K)
[2018-10-24T20:38:12.962-0400][gc            ] GC(20) Pause Initial Mark (G1 Humongous Allocation) 407M->144M(1024M) 9.801ms
[2018-10-24T20:38:12.962-0400][gc,cpu        ] GC(20) User=0.02s Sys=0.00s Real=0.01s
[2018-10-24T20:38:12.963-0400][gc            ] GC(21) Concurrent Cycle
[2018-10-24T20:38:12.963-0400][gc,marking    ] GC(21) Concurrent Clear Claimed Marks
[2018-10-24T20:38:12.963-0400][gc,marking    ] GC(21) Concurrent Clear Claimed Marks 0.038ms
[2018-10-24T20:38:12.963-0400][gc,marking    ] GC(21) Concurrent Scan Root Regions
[2018-10-24T20:38:12.965-0400][gc,marking    ] GC(21) Concurrent Scan Root Regions 2.261ms
[2018-10-24T20:38:12.965-0400][gc,marking    ] GC(21) Concurrent Mark (1454.743s)
[2018-10-24T20:38:12.965-0400][gc,marking    ] GC(21) Concurrent Mark From Roots
[2018-10-24T20:38:12.965-0400][gc,task       ] GC(21) Using 2 workers of 2 for marking
[2018-10-24T20:38:12.975-0400][gc,marking    ] GC(21) Concurrent Mark From Roots 9.977ms
[2018-10-24T20:38:12.975-0400][gc,marking    ] GC(21) Concurrent Mark (1454.743s, 1454.753s) 10.059ms
[2018-10-24T20:38:12.975-0400][gc,start      ] GC(21) Pause Remark
[2018-10-24T20:38:12.986-0400][gc,stringtable] GC(21) Cleaned string and symbol table, strings: 14962 processed, 503 removed, symbols: 95960 processed, 0 removed
[2018-10-24T20:38:12.986-0400][gc            ] GC(21) Pause Remark 147M->147M(1024M) 10.973ms
[2018-10-24T20:38:12.986-0400][gc,cpu        ] GC(21) User=0.04s Sys=0.00s Real=0.02s
[2018-10-24T20:38:12.986-0400][gc,marking    ] GC(21) Concurrent Create Live Data
[2018-10-24T20:38:12.989-0400][gc,marking    ] GC(21) Concurrent Create Live Data 2.589ms
[2018-10-24T20:38:12.989-0400][gc,start      ] GC(21) Pause Cleanup
[2018-10-24T20:38:12.996-0400][gc            ] GC(21) Pause Cleanup 147M->147M(1024M) 6.587ms
[2018-10-24T20:38:12.996-0400][gc,cpu        ] GC(21) User=0.00s Sys=0.01s Real=0.00s
[2018-10-24T20:38:12.996-0400][gc,marking    ] GC(21) Concurrent Cleanup for Next Mark
[2018-10-24T20:38:12.998-0400][gc,marking    ] GC(21) Concurrent Cleanup for Next Mark 1.799ms
[2018-10-24T20:38:12.998-0400][gc            ] GC(21) Concurrent Cycle 35.613ms
[2018-10-24T20:38:45.299-0400][gc,start      ] GC(22) Pause Initial Mark (G1 Humongous Allocation)
[2018-10-24T20:38:45.299-0400][gc,task       ] GC(22) Using 8 workers of 8 for evacuation
[2018-10-24T20:38:45.307-0400][gc,phases     ] GC(22)   Pre Evacuate Collection Set: 0.1ms
[2018-10-24T20:38:45.307-0400][gc,phases     ] GC(22)   Evacuate Collection Set: 6.5ms
[2018-10-24T20:38:45.307-0400][gc,phases     ] GC(22)   Post Evacuate Collection Set: 0.7ms
[2018-10-24T20:38:45.307-0400][gc,phases     ] GC(22)   Other: 0.4ms
[2018-10-24T20:38:45.307-0400][gc,heap       ] GC(22) Eden regions: 9->0(131)
[2018-10-24T20:38:45.307-0400][gc,heap       ] GC(22) Survivor regions: 3->3(17)
[2018-10-24T20:38:45.307-0400][gc,heap       ] GC(22) Old regions: 12->12
[2018-10-24T20:38:45.307-0400][gc,heap       ] GC(22) Humongous regions: 346->130
[2018-10-24T20:38:45.307-0400][gc,metaspace  ] GC(22) Metaspace: 35984K->35984K(1081344K)
[2018-10-24T20:38:45.307-0400][gc            ] GC(22) Pause Initial Mark (G1 Humongous Allocation) 369M->144M(1024M) 7.709ms
[2018-10-24T20:38:45.307-0400][gc,cpu        ] GC(22) User=0.00s Sys=0.02s Real=0.01s
[2018-10-24T20:38:45.307-0400][gc            ] GC(23) Concurrent Cycle
[2018-10-24T20:38:45.307-0400][gc,marking    ] GC(23) Concurrent Clear Claimed Marks
[2018-10-24T20:38:45.307-0400][gc,marking    ] GC(23) Concurrent Clear Claimed Marks 0.019ms
[2018-10-24T20:38:45.307-0400][gc,marking    ] GC(23) Concurrent Scan Root Regions
[2018-10-24T20:38:45.309-0400][gc,marking    ] GC(23) Concurrent Scan Root Regions 1.863ms
[2018-10-24T20:38:45.309-0400][gc,marking    ] GC(23) Concurrent Mark (1487.087s)
[2018-10-24T20:38:45.309-0400][gc,marking    ] GC(23) Concurrent Mark From Roots
[2018-10-24T20:38:45.309-0400][gc,task       ] GC(23) Using 2 workers of 2 for marking
[2018-10-24T20:38:45.318-0400][gc,marking    ] GC(23) Concurrent Mark From Roots 9.447ms
[2018-10-24T20:38:45.318-0400][gc,marking    ] GC(23) Concurrent Mark (1487.087s, 1487.097s) 9.514ms
[2018-10-24T20:38:45.319-0400][gc,start      ] GC(23) Pause Remark
[2018-10-24T20:38:45.330-0400][gc,stringtable] GC(23) Cleaned string and symbol table, strings: 14476 processed, 10 removed, symbols: 95960 processed, 14 removed
[2018-10-24T20:38:45.330-0400][gc            ] GC(23) Pause Remark 147M->147M(1024M) 11.686ms
[2018-10-24T20:38:45.330-0400][gc,cpu        ] GC(23) User=0.04s Sys=0.00s Real=0.01s
[2018-10-24T20:38:45.331-0400][gc,marking    ] GC(23) Concurrent Create Live Data
[2018-10-24T20:38:45.333-0400][gc,marking    ] GC(23) Concurrent Create Live Data 2.308ms
[2018-10-24T20:38:45.333-0400][gc,start      ] GC(23) Pause Cleanup
[2018-10-24T20:38:45.334-0400][gc            ] GC(23) Pause Cleanup 147M->147M(1024M) 0.838ms
[2018-10-24T20:38:45.334-0400][gc,cpu        ] GC(23) User=0.00s Sys=0.00s Real=0.00s
[2018-10-24T20:38:45.334-0400][gc,marking    ] GC(23) Concurrent Cleanup for Next Mark
[2018-10-24T20:38:45.336-0400][gc,marking    ] GC(23) Concurrent Cleanup for Next Mark 1.560ms
[2018-10-24T20:38:45.336-0400][gc            ] GC(23) Concurrent Cycle 28.858ms
[2018-10-24T21:35:05.268-0400][gc,start      ] GC(24) Pause Young (G1 Evacuation Pause)
[2018-10-24T21:35:05.268-0400][gc,task       ] GC(24) Using 8 workers of 8 for evacuation
[2018-10-24T21:35:05.274-0400][gc,phases     ] GC(24)   Pre Evacuate Collection Set: 0.1ms
[2018-10-24T21:35:05.274-0400][gc,phases     ] GC(24)   Evacuate Collection Set: 5.0ms
[2018-10-24T21:35:05.274-0400][gc,phases     ] GC(24)   Post Evacuate Collection Set: 1.4ms
[2018-10-24T21:35:05.274-0400][gc,phases     ] GC(24)   Other: 0.4ms
[2018-10-24T21:35:05.274-0400][gc,heap       ] GC(24) Eden regions: 131->0(170)
[2018-10-24T21:35:05.274-0400][gc,heap       ] GC(24) Survivor regions: 3->3(17)
[2018-10-24T21:35:05.274-0400][gc,heap       ] GC(24) Old regions: 12->12
[2018-10-24T21:35:05.274-0400][gc,heap       ] GC(24) Humongous regions: 188->130
[2018-10-24T21:35:05.274-0400][gc,metaspace  ] GC(24) Metaspace: 36291K->36291K(1081344K)
[2018-10-24T21:35:05.274-0400][gc            ] GC(24) Pause Young (G1 Evacuation Pause) 333M->144M(1024M) 6.857ms
[2018-10-24T21:35:05.274-0400][gc,cpu        ] GC(24) User=0.03s Sys=0.00s Real=0.00s
