[2018-10-24T14:55:32.508-0400][gc,heap] Heap region size: 1M
[2018-10-24T14:55:32.519-0400][gc     ] Using G1
[2018-10-24T14:55:32.519-0400][gc,heap,coops] Heap address: 0x00000000c0000000, size: 1024 MB, Compressed Oops mode: 32-bit
[2018-10-24T14:55:33.552-0400][gc,start     ] GC(0) Pause Young (G1 Evacuation Pause)
[2018-10-24T14:55:33.552-0400][gc,task      ] GC(0) Using 8 workers of 8 for evacuation
[2018-10-24T14:55:33.594-0400][gc,mmu       ] GC(0) MMU target violated: 21.0ms (20.0ms/21.0ms)
[2018-10-24T14:55:33.594-0400][gc,phases    ] GC(0)   Pre Evacuate Collection Set: 0.0ms
[2018-10-24T14:55:33.594-0400][gc,phases    ] GC(0)   Evacuate Collection Set: 37.2ms
[2018-10-24T14:55:33.594-0400][gc,phases    ] GC(0)   Post Evacuate Collection Set: 4.2ms
[2018-10-24T14:55:33.594-0400][gc,phases    ] GC(0)   Other: 0.2ms
[2018-10-24T14:55:33.594-0400][gc,heap      ] GC(0) Eden regions: 51->0(44)
[2018-10-24T14:55:33.594-0400][gc,heap      ] GC(0) Survivor regions: 0->7(7)
[2018-10-24T14:55:33.594-0400][gc,heap      ] GC(0) Old regions: 0->4
[2018-10-24T14:55:33.594-0400][gc,heap      ] GC(0) Humongous regions: 1->1
[2018-10-24T14:55:33.594-0400][gc,metaspace ] GC(0) Metaspace: 19034K->19034K(1067008K)
[2018-10-24T14:55:33.594-0400][gc           ] GC(0) Pause Young (G1 Evacuation Pause) 52M->11M(1024M) 41.672ms
[2018-10-24T14:55:33.594-0400][gc,cpu       ] GC(0) User=0.04s Sys=0.01s Real=0.04s
[2018-10-24T14:55:33.809-0400][gc,start     ] GC(1) Pause Initial Mark (Metadata GC Threshold)
[2018-10-24T14:55:33.809-0400][gc,task      ] GC(1) Using 8 workers of 8 for evacuation
[2018-10-24T14:55:33.820-0400][gc,phases    ] GC(1)   Pre Evacuate Collection Set: 0.0ms
[2018-10-24T14:55:33.820-0400][gc,phases    ] GC(1)   Evacuate Collection Set: 9.8ms
[2018-10-24T14:55:33.820-0400][gc,phases    ] GC(1)   Post Evacuate Collection Set: 0.8ms
[2018-10-24T14:55:33.820-0400][gc,phases    ] GC(1)   Other: 0.3ms
[2018-10-24T14:55:33.820-0400][gc,heap      ] GC(1) Eden regions: 8->0(49)
[2018-10-24T14:55:33.820-0400][gc,heap      ] GC(1) Survivor regions: 7->2(7)
[2018-10-24T14:55:33.820-0400][gc,heap      ] GC(1) Old regions: 4->10
[2018-10-24T14:55:33.820-0400][gc,heap      ] GC(1) Humongous regions: 1->1
[2018-10-24T14:55:33.820-0400][gc,metaspace ] GC(1) Metaspace: 20570K->20570K(1069056K)
[2018-10-24T14:55:33.820-0400][gc           ] GC(1) Pause Initial Mark (Metadata GC Threshold) 19M->11M(1024M) 10.981ms
[2018-10-24T14:55:33.820-0400][gc,cpu       ] GC(1) User=0.03s Sys=0.00s Real=0.00s
[2018-10-24T14:55:33.820-0400][gc           ] GC(2) Concurrent Cycle
[2018-10-24T14:55:33.821-0400][gc,marking   ] GC(2) Concurrent Clear Claimed Marks
[2018-10-24T14:55:33.821-0400][gc,marking   ] GC(2) Concurrent Clear Claimed Marks 0.013ms
[2018-10-24T14:55:33.821-0400][gc,marking   ] GC(2) Concurrent Scan Root Regions
[2018-10-24T14:55:33.823-0400][gc,marking   ] GC(2) Concurrent Scan Root Regions 2.810ms
[2018-10-24T14:55:33.823-0400][gc,marking   ] GC(2) Concurrent Mark (1.322s)
[2018-10-24T14:55:33.823-0400][gc,marking   ] GC(2) Concurrent Mark From Roots
[2018-10-24T14:55:33.823-0400][gc,task      ] GC(2) Using 2 workers of 2 for marking
[2018-10-24T14:55:33.827-0400][gc,marking   ] GC(2) Concurrent Mark From Roots 4.017ms
[2018-10-24T14:55:33.827-0400][gc,marking   ] GC(2) Concurrent Mark (1.322s, 1.326s) 4.039ms
[2018-10-24T14:55:33.828-0400][gc,start     ] GC(2) Pause Remark
[2018-10-24T14:55:33.854-0400][gc,stringtable] GC(2) Cleaned string and symbol table, strings: 9174 processed, 0 removed, symbols: 68200 processed, 43 removed
[2018-10-24T14:55:33.854-0400][gc,mmu        ] GC(2) MMU target violated: 21.0ms (20.0ms/21.0ms)
[2018-10-24T14:55:33.854-0400][gc            ] GC(2) Pause Remark 12M->12M(1024M) 26.732ms
[2018-10-24T14:55:33.854-0400][gc,cpu        ] GC(2) User=0.05s Sys=0.00s Real=0.03s
[2018-10-24T14:55:33.854-0400][gc,marking    ] GC(2) Concurrent Create Live Data
[2018-10-24T14:55:33.855-0400][gc,marking    ] GC(2) Concurrent Create Live Data 0.965ms
[2018-10-24T14:55:33.856-0400][gc,start      ] GC(2) Pause Cleanup
[2018-10-24T14:55:33.856-0400][gc            ] GC(2) Pause Cleanup 12M->9M(1024M) 0.719ms
[2018-10-24T14:55:33.856-0400][gc,cpu        ] GC(2) User=0.00s Sys=0.01s Real=0.00s
[2018-10-24T14:55:33.856-0400][gc,marking    ] GC(2) Concurrent Complete Cleanup
[2018-10-24T14:55:33.856-0400][gc,marking    ] GC(2) Concurrent Complete Cleanup 0.013ms
[2018-10-24T14:55:33.856-0400][gc,marking    ] GC(2) Concurrent Cleanup for Next Mark
[2018-10-24T14:55:33.861-0400][gc,marking    ] GC(2) Concurrent Cleanup for Next Mark 4.411ms
[2018-10-24T14:55:33.861-0400][gc            ] GC(2) Concurrent Cycle 40.310ms
[2018-10-24T14:55:34.536-0400][gc,start      ] GC(3) Pause Young (G1 Evacuation Pause)
[2018-10-24T14:55:34.536-0400][gc,task       ] GC(3) Using 8 workers of 8 for evacuation
[2018-10-24T14:55:34.546-0400][gc,phases     ] GC(3)   Pre Evacuate Collection Set: 0.0ms
[2018-10-24T14:55:34.546-0400][gc,phases     ] GC(3)   Evacuate Collection Set: 6.6ms
[2018-10-24T14:55:34.546-0400][gc,phases     ] GC(3)   Post Evacuate Collection Set: 2.9ms
[2018-10-24T14:55:34.546-0400][gc,phases     ] GC(3)   Other: 0.2ms
[2018-10-24T14:55:34.546-0400][gc,heap       ] GC(3) Eden regions: 49->0(44)
[2018-10-24T14:55:34.546-0400][gc,heap       ] GC(3) Survivor regions: 2->7(7)
[2018-10-24T14:55:34.546-0400][gc,heap       ] GC(3) Old regions: 7->9
[2018-10-24T14:55:34.546-0400][gc,heap       ] GC(3) Humongous regions: 130->130
[2018-10-24T14:55:34.546-0400][gc,metaspace  ] GC(3) Metaspace: 27678K->27678K(1075200K)
[2018-10-24T14:55:34.546-0400][gc            ] GC(3) Pause Young (G1 Evacuation Pause) 186M->145M(1024M) 9.806ms
[2018-10-24T14:55:34.546-0400][gc,cpu        ] GC(3) User=0.03s Sys=0.00s Real=0.01s
[2018-10-24T14:56:34.647-0400][gc,start      ] GC(4) Pause Young (G1 Evacuation Pause)
[2018-10-24T14:56:34.648-0400][gc,task       ] GC(4) Using 8 workers of 8 for evacuation
[2018-10-24T14:56:34.663-0400][gc,phases     ] GC(4)   Pre Evacuate Collection Set: 0.0ms
[2018-10-24T14:56:34.663-0400][gc,phases     ] GC(4)   Evacuate Collection Set: 13.0ms
[2018-10-24T14:56:34.663-0400][gc,phases     ] GC(4)   Post Evacuate Collection Set: 2.6ms
[2018-10-24T14:56:34.663-0400][gc,phases     ] GC(4)   Other: 0.2ms
[2018-10-24T14:56:34.663-0400][gc,heap       ] GC(4) Eden regions: 44->0(45)
[2018-10-24T14:56:34.663-0400][gc,heap       ] GC(4) Survivor regions: 7->6(7)
[2018-10-24T14:56:34.663-0400][gc,heap       ] GC(4) Old regions: 9->12
[2018-10-24T14:56:34.663-0400][gc,heap       ] GC(4) Humongous regions: 170->130
[2018-10-24T14:56:34.663-0400][gc,metaspace  ] GC(4) Metaspace: 33143K->33143K(1079296K)
[2018-10-24T14:56:34.663-0400][gc            ] GC(4) Pause Young (G1 Evacuation Pause) 229M->146M(1024M) 15.906ms
[2018-10-24T14:56:34.663-0400][gc,cpu        ] GC(4) User=0.05s Sys=0.00s Real=0.02s
[2018-10-24T14:56:52.857-0400][gc,start      ] GC(5) Pause Initial Mark (Metadata GC Threshold)
[2018-10-24T14:56:52.857-0400][gc,task       ] GC(5) Using 8 workers of 8 for evacuation
[2018-10-24T14:56:52.866-0400][gc,phases     ] GC(5)   Pre Evacuate Collection Set: 0.1ms
[2018-10-24T14:56:52.866-0400][gc,phases     ] GC(5)   Evacuate Collection Set: 7.7ms
[2018-10-24T14:56:52.866-0400][gc,phases     ] GC(5)   Post Evacuate Collection Set: 0.9ms
[2018-10-24T14:56:52.866-0400][gc,phases     ] GC(5)   Other: 0.4ms
[2018-10-24T14:56:52.866-0400][gc,heap       ] GC(5) Eden regions: 33->0(48)
[2018-10-24T14:56:52.866-0400][gc,heap       ] GC(5) Survivor regions: 6->3(7)
[2018-10-24T14:56:52.866-0400][gc,heap       ] GC(5) Old regions: 12->13
[2018-10-24T14:56:52.866-0400][gc,heap       ] GC(5) Humongous regions: 254->130
[2018-10-24T14:56:52.866-0400][gc,metaspace  ] GC(5) Metaspace: 34943K->34943K(1081344K)
[2018-10-24T14:56:52.866-0400][gc            ] GC(5) Pause Initial Mark (Metadata GC Threshold) 303M->145M(1024M) 9.125ms
[2018-10-24T14:56:52.866-0400][gc,cpu        ] GC(5) User=0.03s Sys=0.00s Real=0.01s
[2018-10-24T14:56:52.866-0400][gc            ] GC(6) Concurrent Cycle
[2018-10-24T14:56:52.866-0400][gc,marking    ] GC(6) Concurrent Clear Claimed Marks
[2018-10-24T14:56:52.866-0400][gc,marking    ] GC(6) Concurrent Clear Claimed Marks 0.034ms
[2018-10-24T14:56:52.866-0400][gc,marking    ] GC(6) Concurrent Scan Root Regions
[2018-10-24T14:56:52.867-0400][gc,marking    ] GC(6) Concurrent Scan Root Regions 0.913ms
[2018-10-24T14:56:52.867-0400][gc,marking    ] GC(6) Concurrent Mark (80.366s)
[2018-10-24T14:56:52.867-0400][gc,marking    ] GC(6) Concurrent Mark From Roots
[2018-10-24T14:56:52.867-0400][gc,task       ] GC(6) Using 2 workers of 2 for marking
[2018-10-24T14:56:52.876-0400][gc,marking    ] GC(6) Concurrent Mark From Roots 8.600ms
[2018-10-24T14:56:52.876-0400][gc,marking    ] GC(6) Concurrent Mark (80.366s, 80.374s) 8.647ms
[2018-10-24T14:56:52.876-0400][gc,start      ] GC(6) Pause Remark
[2018-10-24T14:56:52.893-0400][gc,stringtable] GC(6) Cleaned string and symbol table, strings: 15855 processed, 18 removed, symbols: 97325 processed, 13 removed
[2018-10-24T14:56:52.893-0400][gc            ] GC(6) Pause Remark 146M->146M(1024M) 16.717ms
[2018-10-24T14:56:52.893-0400][gc,cpu        ] GC(6) User=0.06s Sys=0.01s Real=0.02s
[2018-10-24T14:56:52.893-0400][gc,marking    ] GC(6) Concurrent Create Live Data
[2018-10-24T14:56:52.895-0400][gc,marking    ] GC(6) Concurrent Create Live Data 2.088ms
[2018-10-24T14:56:52.895-0400][gc,start      ] GC(6) Pause Cleanup
[2018-10-24T14:56:52.896-0400][gc            ] GC(6) Pause Cleanup 146M->145M(1024M) 0.617ms
[2018-10-24T14:56:52.896-0400][gc,cpu        ] GC(6) User=0.00s Sys=0.00s Real=0.00s
[2018-10-24T14:56:52.896-0400][gc,marking    ] GC(6) Concurrent Complete Cleanup
[2018-10-24T14:56:52.896-0400][gc,marking    ] GC(6) Concurrent Complete Cleanup 0.017ms
[2018-10-24T14:56:52.896-0400][gc,marking    ] GC(6) Concurrent Cleanup for Next Mark
[2018-10-24T14:56:52.901-0400][gc,marking    ] GC(6) Concurrent Cleanup for Next Mark 5.175ms
[2018-10-24T14:56:52.901-0400][gc            ] GC(6) Concurrent Cycle 35.073ms
[2018-10-24T14:57:26.453-0400][gc,start      ] GC(7) Pause Initial Mark (G1 Humongous Allocation)
[2018-10-24T14:57:26.453-0400][gc,task       ] GC(7) Using 8 workers of 8 for evacuation
[2018-10-24T14:57:26.460-0400][gc,phases     ] GC(7)   Pre Evacuate Collection Set: 0.1ms
[2018-10-24T14:57:26.461-0400][gc,phases     ] GC(7)   Evacuate Collection Set: 6.9ms
[2018-10-24T14:57:26.461-0400][gc,phases     ] GC(7)   Post Evacuate Collection Set: 0.6ms
[2018-10-24T14:57:26.461-0400][gc,phases     ] GC(7)   Other: 0.3ms
[2018-10-24T14:57:26.461-0400][gc,heap       ] GC(7) Eden regions: 11->0(49)
[2018-10-24T14:57:26.461-0400][gc,heap       ] GC(7) Survivor regions: 3->2(7)
[2018-10-24T14:57:26.461-0400][gc,heap       ] GC(7) Old regions: 12->12
[2018-10-24T14:57:26.461-0400][gc,heap       ] GC(7) Humongous regions: 346->130
[2018-10-24T14:57:26.461-0400][gc,metaspace  ] GC(7) Metaspace: 35202K->35202K(1081344K)
[2018-10-24T14:57:26.461-0400][gc            ] GC(7) Pause Initial Mark (G1 Humongous Allocation) 370M->143M(1024M) 7.983ms
[2018-10-24T14:57:26.461-0400][gc,cpu        ] GC(7) User=0.02s Sys=0.00s Real=0.00s
[2018-10-24T14:57:26.461-0400][gc            ] GC(8) Concurrent Cycle
[2018-10-24T14:57:26.461-0400][gc,marking    ] GC(8) Concurrent Clear Claimed Marks
[2018-10-24T14:57:26.461-0400][gc,marking    ] GC(8) Concurrent Clear Claimed Marks 0.013ms
[2018-10-24T14:57:26.461-0400][gc,marking    ] GC(8) Concurrent Scan Root Regions
[2018-10-24T14:57:26.462-0400][gc,marking    ] GC(8) Concurrent Scan Root Regions 0.847ms
[2018-10-24T14:57:26.462-0400][gc,marking    ] GC(8) Concurrent Mark (113.960s)
[2018-10-24T14:57:26.462-0400][gc,marking    ] GC(8) Concurrent Mark From Roots
[2018-10-24T14:57:26.462-0400][gc,task       ] GC(8) Using 2 workers of 2 for marking
[2018-10-24T14:57:26.470-0400][gc,marking    ] GC(8) Concurrent Mark From Roots 7.956ms
[2018-10-24T14:57:26.470-0400][gc,marking    ] GC(8) Concurrent Mark (113.960s, 113.968s) 7.984ms
[2018-10-24T14:57:26.470-0400][gc,start      ] GC(8) Pause Remark
[2018-10-24T14:57:26.475-0400][gc,stringtable] GC(8) Cleaned string and symbol table, strings: 15903 processed, 0 removed, symbols: 97312 processed, 0 removed
[2018-10-24T14:57:26.475-0400][gc            ] GC(8) Pause Remark 146M->146M(1024M) 5.634ms
[2018-10-24T14:57:26.475-0400][gc,cpu        ] GC(8) User=0.02s Sys=0.00s Real=0.00s
[2018-10-24T14:57:26.476-0400][gc,marking    ] GC(8) Concurrent Create Live Data
[2018-10-24T14:57:26.478-0400][gc,marking    ] GC(8) Concurrent Create Live Data 2.011ms
[2018-10-24T14:57:26.478-0400][gc,start      ] GC(8) Pause Cleanup
[2018-10-24T14:57:26.478-0400][gc            ] GC(8) Pause Cleanup 146M->146M(1024M) 0.630ms
[2018-10-24T14:57:26.478-0400][gc,cpu        ] GC(8) User=0.00s Sys=0.00s Real=0.00s
[2018-10-24T14:57:26.478-0400][gc,marking    ] GC(8) Concurrent Cleanup for Next Mark
[2018-10-24T14:57:26.480-0400][gc,marking    ] GC(8) Concurrent Cleanup for Next Mark 1.531ms
[2018-10-24T14:57:26.480-0400][gc            ] GC(8) Concurrent Cycle 19.316ms
[2018-10-24T14:57:58.536-0400][gc,start      ] GC(9) Pause Initial Mark (G1 Humongous Allocation)
[2018-10-24T14:57:58.536-0400][gc,task       ] GC(9) Using 8 workers of 8 for evacuation
[2018-10-24T14:57:58.540-0400][gc,phases     ] GC(9)   Pre Evacuate Collection Set: 0.1ms
[2018-10-24T14:57:58.540-0400][gc,phases     ] GC(9)   Evacuate Collection Set: 3.3ms
[2018-10-24T14:57:58.540-0400][gc,phases     ] GC(9)   Post Evacuate Collection Set: 0.5ms
[2018-10-24T14:57:58.540-0400][gc,phases     ] GC(9)   Other: 0.4ms
[2018-10-24T14:57:58.541-0400][gc,heap       ] GC(9) Eden regions: 8->0(49)
[2018-10-24T14:57:58.541-0400][gc,heap       ] GC(9) Survivor regions: 2->2(7)
[2018-10-24T14:57:58.541-0400][gc,heap       ] GC(9) Old regions: 12->12
[2018-10-24T14:57:58.541-0400][gc,heap       ] GC(9) Humongous regions: 346->130
[2018-10-24T14:57:58.541-0400][gc,metaspace  ] GC(9) Metaspace: 35524K->35524K(1081344K)
[2018-10-24T14:57:58.541-0400][gc            ] GC(9) Pause Initial Mark (G1 Humongous Allocation) 367M->143M(1024M) 4.302ms
[2018-10-24T14:57:58.541-0400][gc,cpu        ] GC(9) User=0.01s Sys=0.00s Real=0.00s
[2018-10-24T14:57:58.541-0400][gc            ] GC(10) Concurrent Cycle
[2018-10-24T14:57:58.541-0400][gc,marking    ] GC(10) Concurrent Clear Claimed Marks
[2018-10-24T14:57:58.541-0400][gc,marking    ] GC(10) Concurrent Clear Claimed Marks 0.012ms
[2018-10-24T14:57:58.541-0400][gc,marking    ] GC(10) Concurrent Scan Root Regions
[2018-10-24T14:57:58.542-0400][gc,marking    ] GC(10) Concurrent Scan Root Regions 1.646ms
[2018-10-24T14:57:58.542-0400][gc,marking    ] GC(10) Concurrent Mark (146.041s)
[2018-10-24T14:57:58.542-0400][gc,marking    ] GC(10) Concurrent Mark From Roots
[2018-10-24T14:57:58.542-0400][gc,task       ] GC(10) Using 2 workers of 2 for marking
[2018-10-24T14:57:58.551-0400][gc,marking    ] GC(10) Concurrent Mark From Roots 8.637ms
[2018-10-24T14:57:58.551-0400][gc,marking    ] GC(10) Concurrent Mark (146.041s, 146.050s) 8.662ms
[2018-10-24T14:57:58.551-0400][gc,start      ] GC(10) Pause Remark
[2018-10-24T14:57:58.557-0400][gc,stringtable] GC(10) Cleaned string and symbol table, strings: 15955 processed, 0 removed, symbols: 97314 processed, 2 removed
[2018-10-24T14:57:58.557-0400][gc            ] GC(10) Pause Remark 146M->146M(1024M) 5.803ms
[2018-10-24T14:57:58.557-0400][gc,cpu        ] GC(10) User=0.03s Sys=0.00s Real=0.00s
[2018-10-24T14:57:58.557-0400][gc,marking    ] GC(10) Concurrent Create Live Data
[2018-10-24T14:57:58.559-0400][gc,marking    ] GC(10) Concurrent Create Live Data 2.170ms
[2018-10-24T14:57:58.559-0400][gc,start      ] GC(10) Pause Cleanup
[2018-10-24T14:57:58.560-0400][gc            ] GC(10) Pause Cleanup 146M->146M(1024M) 0.667ms
[2018-10-24T14:57:58.560-0400][gc,cpu        ] GC(10) User=0.00s Sys=0.00s Real=0.00s
[2018-10-24T14:57:58.560-0400][gc,marking    ] GC(10) Concurrent Cleanup for Next Mark
[2018-10-24T14:57:58.562-0400][gc,marking    ] GC(10) Concurrent Cleanup for Next Mark 1.537ms
[2018-10-24T14:57:58.562-0400][gc            ] GC(10) Concurrent Cycle 21.071ms
[2018-10-24T15:17:24.118-0400][gc,start      ] GC(11) Pause Young (G1 Evacuation Pause)
[2018-10-24T15:17:24.118-0400][gc,task       ] GC(11) Using 8 workers of 8 for evacuation
[2018-10-24T15:17:24.123-0400][gc,phases     ] GC(11)   Pre Evacuate Collection Set: 0.1ms
[2018-10-24T15:17:24.123-0400][gc,phases     ] GC(11)   Evacuate Collection Set: 3.4ms
[2018-10-24T15:17:24.123-0400][gc,phases     ] GC(11)   Post Evacuate Collection Set: 0.9ms
[2018-10-24T15:17:24.123-0400][gc,phases     ] GC(11)   Other: 0.2ms
[2018-10-24T15:17:24.123-0400][gc,heap       ] GC(11) Eden regions: 49->0(48)
[2018-10-24T15:17:24.123-0400][gc,heap       ] GC(11) Survivor regions: 2->3(7)
[2018-10-24T15:17:24.123-0400][gc,heap       ] GC(11) Old regions: 12->12
[2018-10-24T15:17:24.123-0400][gc,heap       ] GC(11) Humongous regions: 288->130
[2018-10-24T15:17:24.123-0400][gc,metaspace  ] GC(11) Metaspace: 35866K->35866K(1081344K)
[2018-10-24T15:17:24.123-0400][gc            ] GC(11) Pause Young (G1 Evacuation Pause) 350M->143M(1024M) 4.681ms
[2018-10-24T15:17:24.123-0400][gc,cpu        ] GC(11) User=0.02s Sys=0.00s Real=0.01s
[2018-10-24T15:39:29.119-0400][gc,start      ] GC(12) Pause Young (G1 Evacuation Pause)
[2018-10-24T15:39:29.119-0400][gc,task       ] GC(12) Using 8 workers of 8 for evacuation
[2018-10-24T15:39:29.124-0400][gc,phases     ] GC(12)   Pre Evacuate Collection Set: 0.1ms
[2018-10-24T15:39:29.124-0400][gc,phases     ] GC(12)   Evacuate Collection Set: 3.5ms
[2018-10-24T15:39:29.124-0400][gc,phases     ] GC(12)   Post Evacuate Collection Set: 0.9ms
[2018-10-24T15:39:29.124-0400][gc,phases     ] GC(12)   Other: 0.2ms
[2018-10-24T15:39:29.124-0400][gc,heap       ] GC(12) Eden regions: 48->0(54)
[2018-10-24T15:39:29.124-0400][gc,heap       ] GC(12) Survivor regions: 3->2(7)
[2018-10-24T15:39:29.124-0400][gc,heap       ] GC(12) Old regions: 12->12
[2018-10-24T15:39:29.124-0400][gc,heap       ] GC(12) Humongous regions: 130->130
[2018-10-24T15:39:29.124-0400][gc,metaspace  ] GC(12) Metaspace: 35943K->35943K(1081344K)
[2018-10-24T15:39:29.124-0400][gc            ] GC(12) Pause Young (G1 Evacuation Pause) 191M->143M(1024M) 4.780ms
[2018-10-24T15:39:29.124-0400][gc,cpu        ] GC(12) User=0.02s Sys=0.00s Real=0.01s
[2018-10-24T16:04:48.135-0400][gc,start      ] GC(13) Pause Young (G1 Evacuation Pause)
[2018-10-24T16:04:48.135-0400][gc,task       ] GC(13) Using 8 workers of 8 for evacuation
[2018-10-24T16:04:48.140-0400][gc,phases     ] GC(13)   Pre Evacuate Collection Set: 0.0ms
[2018-10-24T16:04:48.140-0400][gc,phases     ] GC(13)   Evacuate Collection Set: 3.4ms
[2018-10-24T16:04:48.140-0400][gc,phases     ] GC(13)   Post Evacuate Collection Set: 0.8ms
[2018-10-24T16:04:48.140-0400][gc,phases     ] GC(13)   Other: 0.2ms
[2018-10-24T16:04:48.140-0400][gc,heap       ] GC(13) Eden regions: 54->0(58)
[2018-10-24T16:04:48.140-0400][gc,heap       ] GC(13) Survivor regions: 2->3(7)
[2018-10-24T16:04:48.140-0400][gc,heap       ] GC(13) Old regions: 12->12
[2018-10-24T16:04:48.140-0400][gc,heap       ] GC(13) Humongous regions: 130->130
[2018-10-24T16:04:48.140-0400][gc,metaspace  ] GC(13) Metaspace: 36025K->36025K(1081344K)
[2018-10-24T16:04:48.140-0400][gc            ] GC(13) Pause Young (G1 Evacuation Pause) 197M->143M(1024M) 4.464ms
[2018-10-24T16:04:48.140-0400][gc,cpu        ] GC(13) User=0.02s Sys=0.00s Real=0.00s
[2018-10-24T16:32:02.863-0400][gc,start      ] GC(14) Pause Young (G1 Evacuation Pause)
[2018-10-24T16:32:02.863-0400][gc,task       ] GC(14) Using 8 workers of 8 for evacuation
[2018-10-24T16:32:02.867-0400][gc,phases     ] GC(14)   Pre Evacuate Collection Set: 0.1ms
[2018-10-24T16:32:02.867-0400][gc,phases     ] GC(14)   Evacuate Collection Set: 3.5ms
[2018-10-24T16:32:02.867-0400][gc,phases     ] GC(14)   Post Evacuate Collection Set: 0.6ms
[2018-10-24T16:32:02.867-0400][gc,phases     ] GC(14)   Other: 0.2ms
[2018-10-24T16:32:02.867-0400][gc,heap       ] GC(14) Eden regions: 58->0(612)
[2018-10-24T16:32:02.867-0400][gc,heap       ] GC(14) Survivor regions: 3->2(8)
[2018-10-24T16:32:02.867-0400][gc,heap       ] GC(14) Old regions: 12->12
[2018-10-24T16:32:02.867-0400][gc,heap       ] GC(14) Humongous regions: 130->130
[2018-10-24T16:32:02.867-0400][gc,metaspace  ] GC(14) Metaspace: 36044K->36044K(1081344K)
[2018-10-24T16:32:02.867-0400][gc            ] GC(14) Pause Young (G1 Evacuation Pause) 201M->143M(1024M) 4.432ms
[2018-10-24T16:32:02.867-0400][gc,cpu        ] GC(14) User=0.00s Sys=0.02s Real=0.00s
