[2018-10-25T10:45:16.779-0400][gc,heap] Heap region size: 1M
[2018-10-25T10:45:16.788-0400][gc     ] Using G1
[2018-10-25T10:45:16.788-0400][gc,heap,coops] Heap address: 0x00000000c0000000, size: 1024 MB, Compressed Oops mode: 32-bit
[2018-10-25T10:45:17.730-0400][gc,start     ] GC(0) Pause Young (G1 Evacuation Pause)
[2018-10-25T10:45:17.730-0400][gc,task      ] GC(0) Using 8 workers of 8 for evacuation
[2018-10-25T10:45:17.779-0400][gc,mmu       ] GC(0) MMU target violated: 21.0ms (20.0ms/21.0ms)
[2018-10-25T10:45:17.779-0400][gc,phases    ] GC(0)   Pre Evacuate Collection Set: 0.0ms
[2018-10-25T10:45:17.779-0400][gc,phases    ] GC(0)   Evacuate Collection Set: 45.2ms
[2018-10-25T10:45:17.779-0400][gc,phases    ] GC(0)   Post Evacuate Collection Set: 3.7ms
[2018-10-25T10:45:17.779-0400][gc,phases    ] GC(0)   Other: 0.2ms
[2018-10-25T10:45:17.779-0400][gc,heap      ] GC(0) Eden regions: 51->0(44)
[2018-10-25T10:45:17.779-0400][gc,heap      ] GC(0) Survivor regions: 0->7(7)
[2018-10-25T10:45:17.779-0400][gc,heap      ] GC(0) Old regions: 0->4
[2018-10-25T10:45:17.779-0400][gc,heap      ] GC(0) Humongous regions: 1->1
[2018-10-25T10:45:17.779-0400][gc,metaspace ] GC(0) Metaspace: 19079K->19079K(1067008K)
[2018-10-25T10:45:17.779-0400][gc           ] GC(0) Pause Young (G1 Evacuation Pause) 52M->11M(1024M) 49.127ms
[2018-10-25T10:45:17.779-0400][gc,cpu       ] GC(0) User=0.09s Sys=0.00s Real=0.05s
[2018-10-25T10:45:18.001-0400][gc,start     ] GC(1) Pause Initial Mark (Metadata GC Threshold)
[2018-10-25T10:45:18.001-0400][gc,task      ] GC(1) Using 8 workers of 8 for evacuation
[2018-10-25T10:45:18.030-0400][gc,mmu       ] GC(1) MMU target violated: 21.0ms (20.0ms/21.0ms)
[2018-10-25T10:45:18.030-0400][gc,phases    ] GC(1)   Pre Evacuate Collection Set: 0.0ms
[2018-10-25T10:45:18.031-0400][gc,phases    ] GC(1)   Evacuate Collection Set: 28.5ms
[2018-10-25T10:45:18.031-0400][gc,phases    ] GC(1)   Post Evacuate Collection Set: 0.8ms
[2018-10-25T10:45:18.031-0400][gc,phases    ] GC(1)   Other: 0.3ms
[2018-10-25T10:45:18.031-0400][gc,heap      ] GC(1) Eden regions: 9->0(49)
[2018-10-25T10:45:18.031-0400][gc,heap      ] GC(1) Survivor regions: 7->2(7)
[2018-10-25T10:45:18.031-0400][gc,heap      ] GC(1) Old regions: 4->10
[2018-10-25T10:45:18.031-0400][gc,heap      ] GC(1) Humongous regions: 1->1
[2018-10-25T10:45:18.031-0400][gc,metaspace ] GC(1) Metaspace: 20619K->20619K(1069056K)
[2018-10-25T10:45:18.031-0400][gc           ] GC(1) Pause Initial Mark (Metadata GC Threshold) 19M->11M(1024M) 29.565ms
[2018-10-25T10:45:18.031-0400][gc,cpu       ] GC(1) User=0.04s Sys=0.00s Real=0.03s
[2018-10-25T10:45:18.031-0400][gc           ] GC(2) Concurrent Cycle
[2018-10-25T10:45:18.031-0400][gc,marking   ] GC(2) Concurrent Clear Claimed Marks
[2018-10-25T10:45:18.031-0400][gc,marking   ] GC(2) Concurrent Clear Claimed Marks 0.013ms
[2018-10-25T10:45:18.031-0400][gc,marking   ] GC(2) Concurrent Scan Root Regions
[2018-10-25T10:45:18.034-0400][gc,marking   ] GC(2) Concurrent Scan Root Regions 2.538ms
[2018-10-25T10:45:18.034-0400][gc,marking   ] GC(2) Concurrent Mark (1.258s)
[2018-10-25T10:45:18.034-0400][gc,marking   ] GC(2) Concurrent Mark From Roots
[2018-10-25T10:45:18.034-0400][gc,task      ] GC(2) Using 2 workers of 2 for marking
[2018-10-25T10:45:18.037-0400][gc,marking   ] GC(2) Concurrent Mark From Roots 3.836ms
[2018-10-25T10:45:18.037-0400][gc,marking   ] GC(2) Concurrent Mark (1.258s, 1.262s) 3.859ms
[2018-10-25T10:45:18.038-0400][gc,start     ] GC(2) Pause Remark
[2018-10-25T10:45:18.057-0400][gc,stringtable] GC(2) Cleaned string and symbol table, strings: 9163 processed, 0 removed, symbols: 68376 processed, 43 removed
[2018-10-25T10:45:18.057-0400][gc            ] GC(2) Pause Remark 12M->12M(1024M) 19.023ms
[2018-10-25T10:45:18.057-0400][gc,cpu        ] GC(2) User=0.06s Sys=0.00s Real=0.01s
[2018-10-25T10:45:18.059-0400][gc,marking    ] GC(2) Concurrent Create Live Data
[2018-10-25T10:45:18.060-0400][gc,marking    ] GC(2) Concurrent Create Live Data 1.147ms
[2018-10-25T10:45:18.060-0400][gc,start      ] GC(2) Pause Cleanup
[2018-10-25T10:45:18.061-0400][gc            ] GC(2) Pause Cleanup 12M->9M(1024M) 0.946ms
[2018-10-25T10:45:18.061-0400][gc,cpu        ] GC(2) User=0.00s Sys=0.00s Real=0.00s
[2018-10-25T10:45:18.061-0400][gc,marking    ] GC(2) Concurrent Complete Cleanup
[2018-10-25T10:45:18.061-0400][gc,marking    ] GC(2) Concurrent Complete Cleanup 0.024ms
[2018-10-25T10:45:18.061-0400][gc,marking    ] GC(2) Concurrent Cleanup for Next Mark
[2018-10-25T10:45:18.067-0400][gc,marking    ] GC(2) Concurrent Cleanup for Next Mark 6.024ms
[2018-10-25T10:45:18.067-0400][gc            ] GC(2) Concurrent Cycle 36.134ms
[2018-10-25T10:45:18.698-0400][gc,start      ] GC(3) Pause Young (G1 Evacuation Pause)
[2018-10-25T10:45:18.698-0400][gc,task       ] GC(3) Using 8 workers of 8 for evacuation
[2018-10-25T10:45:18.707-0400][gc,phases     ] GC(3)   Pre Evacuate Collection Set: 0.0ms
[2018-10-25T10:45:18.707-0400][gc,phases     ] GC(3)   Evacuate Collection Set: 6.2ms
[2018-10-25T10:45:18.707-0400][gc,phases     ] GC(3)   Post Evacuate Collection Set: 2.5ms
[2018-10-25T10:45:18.707-0400][gc,phases     ] GC(3)   Other: 0.1ms
[2018-10-25T10:45:18.707-0400][gc,heap       ] GC(3) Eden regions: 49->0(44)
[2018-10-25T10:45:18.707-0400][gc,heap       ] GC(3) Survivor regions: 2->7(7)
[2018-10-25T10:45:18.707-0400][gc,heap       ] GC(3) Old regions: 7->9
[2018-10-25T10:45:18.707-0400][gc,heap       ] GC(3) Humongous regions: 130->130
[2018-10-25T10:45:18.707-0400][gc,metaspace  ] GC(3) Metaspace: 27657K->27657K(1075200K)
[2018-10-25T10:45:18.707-0400][gc            ] GC(3) Pause Young (G1 Evacuation Pause) 186M->145M(1024M) 8.919ms
[2018-10-25T10:45:18.707-0400][gc,cpu        ] GC(3) User=0.04s Sys=0.01s Real=0.01s
[2018-10-25T10:45:31.562-0400][gc,start      ] GC(4) Pause Young (G1 Evacuation Pause)
[2018-10-25T10:45:31.562-0400][gc,task       ] GC(4) Using 8 workers of 8 for evacuation
[2018-10-25T10:45:31.573-0400][gc,phases     ] GC(4)   Pre Evacuate Collection Set: 0.0ms
[2018-10-25T10:45:31.573-0400][gc,phases     ] GC(4)   Evacuate Collection Set: 8.6ms
[2018-10-25T10:45:31.573-0400][gc,phases     ] GC(4)   Post Evacuate Collection Set: 2.0ms
[2018-10-25T10:45:31.573-0400][gc,phases     ] GC(4)   Other: 0.2ms
[2018-10-25T10:45:31.573-0400][gc,heap       ] GC(4) Eden regions: 44->0(45)
[2018-10-25T10:45:31.573-0400][gc,heap       ] GC(4) Survivor regions: 7->6(7)
[2018-10-25T10:45:31.573-0400][gc,heap       ] GC(4) Old regions: 9->12
[2018-10-25T10:45:31.573-0400][gc,heap       ] GC(4) Humongous regions: 130->130
[2018-10-25T10:45:31.573-0400][gc,metaspace  ] GC(4) Metaspace: 32239K->32239K(1079296K)
[2018-10-25T10:45:31.573-0400][gc            ] GC(4) Pause Young (G1 Evacuation Pause) 189M->146M(1024M) 10.911ms
[2018-10-25T10:45:31.573-0400][gc,cpu        ] GC(4) User=0.04s Sys=0.00s Real=0.01s
[2018-10-25T10:48:49.278-0400][gc,start      ] GC(5) Pause Initial Mark (Metadata GC Threshold)
[2018-10-25T10:48:49.278-0400][gc,task       ] GC(5) Using 8 workers of 8 for evacuation
[2018-10-25T10:48:49.291-0400][gc,phases     ] GC(5)   Pre Evacuate Collection Set: 0.0ms
[2018-10-25T10:48:49.291-0400][gc,phases     ] GC(5)   Evacuate Collection Set: 10.4ms
[2018-10-25T10:48:49.291-0400][gc,phases     ] GC(5)   Post Evacuate Collection Set: 1.8ms
[2018-10-25T10:48:49.291-0400][gc,phases     ] GC(5)   Other: 0.5ms
[2018-10-25T10:48:49.291-0400][gc,heap       ] GC(5) Eden regions: 43->0(47)
[2018-10-25T10:48:49.291-0400][gc,heap       ] GC(5) Survivor regions: 6->4(7)
[2018-10-25T10:48:49.291-0400][gc,heap       ] GC(5) Old regions: 12->13
[2018-10-25T10:48:49.291-0400][gc,heap       ] GC(5) Humongous regions: 130->130
[2018-10-25T10:48:49.291-0400][gc,metaspace  ] GC(5) Metaspace: 35102K->35102K(1081344K)
[2018-10-25T10:48:49.291-0400][gc            ] GC(5) Pause Initial Mark (Metadata GC Threshold) 188M->146M(1024M) 12.778ms
[2018-10-25T10:48:49.291-0400][gc,cpu        ] GC(5) User=0.03s Sys=0.00s Real=0.01s
[2018-10-25T10:48:49.291-0400][gc            ] GC(6) Concurrent Cycle
[2018-10-25T10:48:49.291-0400][gc,marking    ] GC(6) Concurrent Clear Claimed Marks
[2018-10-25T10:48:49.291-0400][gc,marking    ] GC(6) Concurrent Clear Claimed Marks 0.043ms
[2018-10-25T10:48:49.291-0400][gc,marking    ] GC(6) Concurrent Scan Root Regions
[2018-10-25T10:48:49.294-0400][gc,marking    ] GC(6) Concurrent Scan Root Regions 2.801ms
[2018-10-25T10:48:49.294-0400][gc,marking    ] GC(6) Concurrent Mark (212.519s)
[2018-10-25T10:48:49.294-0400][gc,marking    ] GC(6) Concurrent Mark From Roots
[2018-10-25T10:48:49.294-0400][gc,task       ] GC(6) Using 2 workers of 2 for marking
[2018-10-25T10:48:49.302-0400][gc,marking    ] GC(6) Concurrent Mark From Roots 8.152ms
[2018-10-25T10:48:49.302-0400][gc,marking    ] GC(6) Concurrent Mark (212.519s, 212.527s) 8.187ms
[2018-10-25T10:48:49.303-0400][gc,start      ] GC(6) Pause Remark
[2018-10-25T10:48:49.316-0400][gc,stringtable] GC(6) Cleaned string and symbol table, strings: 15898 processed, 18 removed, symbols: 97108 processed, 11 removed
[2018-10-25T10:48:49.316-0400][gc            ] GC(6) Pause Remark 146M->146M(1024M) 13.367ms
[2018-10-25T10:48:49.316-0400][gc,cpu        ] GC(6) User=0.06s Sys=0.00s Real=0.01s
[2018-10-25T10:48:49.316-0400][gc,marking    ] GC(6) Concurrent Create Live Data
[2018-10-25T10:48:49.320-0400][gc,marking    ] GC(6) Concurrent Create Live Data 4.188ms
[2018-10-25T10:48:49.321-0400][gc,start      ] GC(6) Pause Cleanup
[2018-10-25T10:48:49.322-0400][gc            ] GC(6) Pause Cleanup 146M->145M(1024M) 0.901ms
[2018-10-25T10:48:49.322-0400][gc,cpu        ] GC(6) User=0.00s Sys=0.00s Real=0.00s
[2018-10-25T10:48:49.322-0400][gc,marking    ] GC(6) Concurrent Complete Cleanup
[2018-10-25T10:48:49.322-0400][gc,marking    ] GC(6) Concurrent Complete Cleanup 0.019ms
[2018-10-25T10:48:49.322-0400][gc,marking    ] GC(6) Concurrent Cleanup for Next Mark
[2018-10-25T10:48:49.334-0400][gc,marking    ] GC(6) Concurrent Cleanup for Next Mark 12.756ms
[2018-10-25T10:48:49.334-0400][gc            ] GC(6) Concurrent Cycle 43.333ms
[2018-10-25T10:52:48.513-0400][gc,start      ] GC(7) Pause Initial Mark (G1 Humongous Allocation)
[2018-10-25T10:52:48.513-0400][gc,task       ] GC(7) Using 8 workers of 8 for evacuation
[2018-10-25T10:52:48.518-0400][gc,phases     ] GC(7)   Pre Evacuate Collection Set: 0.1ms
[2018-10-25T10:52:48.518-0400][gc,phases     ] GC(7)   Evacuate Collection Set: 4.2ms
[2018-10-25T10:52:48.518-0400][gc,phases     ] GC(7)   Post Evacuate Collection Set: 0.6ms
[2018-10-25T10:52:48.518-0400][gc,phases     ] GC(7)   Other: 0.3ms
[2018-10-25T10:52:48.518-0400][gc,heap       ] GC(7) Eden regions: 28->0(48)
[2018-10-25T10:52:48.518-0400][gc,heap       ] GC(7) Survivor regions: 4->3(7)
[2018-10-25T10:52:48.518-0400][gc,heap       ] GC(7) Old regions: 12->12
[2018-10-25T10:52:48.518-0400][gc,heap       ] GC(7) Humongous regions: 346->130
[2018-10-25T10:52:48.518-0400][gc,metaspace  ] GC(7) Metaspace: 35726K->35726K(1081344K)
[2018-10-25T10:52:48.518-0400][gc            ] GC(7) Pause Initial Mark (G1 Humongous Allocation) 389M->144M(1024M) 5.311ms
[2018-10-25T10:52:48.518-0400][gc,cpu        ] GC(7) User=0.03s Sys=0.00s Real=0.01s
[2018-10-25T10:52:48.518-0400][gc            ] GC(8) Concurrent Cycle
[2018-10-25T10:52:48.519-0400][gc,marking    ] GC(8) Concurrent Clear Claimed Marks
[2018-10-25T10:52:48.519-0400][gc,marking    ] GC(8) Concurrent Clear Claimed Marks 0.038ms
[2018-10-25T10:52:48.519-0400][gc,marking    ] GC(8) Concurrent Scan Root Regions
[2018-10-25T10:52:48.521-0400][gc,marking    ] GC(8) Concurrent Scan Root Regions 1.992ms
[2018-10-25T10:52:48.521-0400][gc,marking    ] GC(8) Concurrent Mark (451.745s)
[2018-10-25T10:52:48.521-0400][gc,marking    ] GC(8) Concurrent Mark From Roots
[2018-10-25T10:52:48.521-0400][gc,task       ] GC(8) Using 2 workers of 2 for marking
[2018-10-25T10:52:48.532-0400][gc,marking    ] GC(8) Concurrent Mark From Roots 11.525ms
[2018-10-25T10:52:48.532-0400][gc,marking    ] GC(8) Concurrent Mark (451.745s, 451.757s) 11.577ms
[2018-10-25T10:52:48.533-0400][gc,start      ] GC(8) Pause Remark
[2018-10-25T10:52:48.541-0400][gc,stringtable] GC(8) Cleaned string and symbol table, strings: 16030 processed, 0 removed, symbols: 97352 processed, 3 removed
[2018-10-25T10:52:48.541-0400][gc            ] GC(8) Pause Remark 146M->146M(1024M) 8.275ms
[2018-10-25T10:52:48.541-0400][gc,cpu        ] GC(8) User=0.03s Sys=0.00s Real=0.01s
[2018-10-25T10:52:48.541-0400][gc,marking    ] GC(8) Concurrent Create Live Data
[2018-10-25T10:52:48.543-0400][gc,marking    ] GC(8) Concurrent Create Live Data 2.332ms
[2018-10-25T10:52:48.544-0400][gc,start      ] GC(8) Pause Cleanup
[2018-10-25T10:52:48.544-0400][gc            ] GC(8) Pause Cleanup 146M->146M(1024M) 0.721ms
[2018-10-25T10:52:48.544-0400][gc,cpu        ] GC(8) User=0.00s Sys=0.00s Real=0.00s
[2018-10-25T10:52:48.544-0400][gc,marking    ] GC(8) Concurrent Cleanup for Next Mark
[2018-10-25T10:52:48.546-0400][gc,marking    ] GC(8) Concurrent Cleanup for Next Mark 1.383ms
[2018-10-25T10:52:48.546-0400][gc            ] GC(8) Concurrent Cycle 27.269ms
[2018-10-25T11:11:21.711-0400][gc,start      ] GC(9) Pause Young (G1 Evacuation Pause)
[2018-10-25T11:11:21.711-0400][gc,task       ] GC(9) Using 8 workers of 8 for evacuation
[2018-10-25T11:11:21.717-0400][gc,phases     ] GC(9)   Pre Evacuate Collection Set: 0.1ms
[2018-10-25T11:11:21.717-0400][gc,phases     ] GC(9)   Evacuate Collection Set: 4.9ms
[2018-10-25T11:11:21.717-0400][gc,phases     ] GC(9)   Post Evacuate Collection Set: 1.0ms
[2018-10-25T11:11:21.717-0400][gc,phases     ] GC(9)   Other: 0.3ms
[2018-10-25T11:11:21.717-0400][gc,heap       ] GC(9) Eden regions: 48->0(133)
[2018-10-25T11:11:21.717-0400][gc,heap       ] GC(9) Survivor regions: 3->3(7)
[2018-10-25T11:11:21.717-0400][gc,heap       ] GC(9) Old regions: 12->12
[2018-10-25T11:11:21.717-0400][gc,heap       ] GC(9) Humongous regions: 336->130
[2018-10-25T11:11:21.717-0400][gc,metaspace  ] GC(9) Metaspace: 35934K->35934K(1081344K)
[2018-10-25T11:11:21.717-0400][gc            ] GC(9) Pause Young (G1 Evacuation Pause) 398M->144M(1024M) 6.433ms
[2018-10-25T11:11:21.717-0400][gc,cpu        ] GC(9) User=0.02s Sys=0.00s Real=0.01s
[2018-10-25T11:28:40.962-0400][gc,start      ] GC(10) Pause Initial Mark (G1 Humongous Allocation)
[2018-10-25T11:28:40.962-0400][gc,task       ] GC(10) Using 8 workers of 8 for evacuation
[2018-10-25T11:28:40.967-0400][gc,phases     ] GC(10)   Pre Evacuate Collection Set: 0.1ms
[2018-10-25T11:28:40.967-0400][gc,phases     ] GC(10)   Evacuate Collection Set: 4.1ms
[2018-10-25T11:28:40.967-0400][gc,phases     ] GC(10)   Post Evacuate Collection Set: 0.7ms
[2018-10-25T11:28:40.967-0400][gc,phases     ] GC(10)   Other: 0.4ms
[2018-10-25T11:28:40.967-0400][gc,heap       ] GC(10) Eden regions: 58->0(73)
[2018-10-25T11:28:40.967-0400][gc,heap       ] GC(10) Survivor regions: 3->3(17)
[2018-10-25T11:28:40.967-0400][gc,heap       ] GC(10) Old regions: 12->12
[2018-10-25T11:28:40.967-0400][gc,heap       ] GC(10) Humongous regions: 346->130
[2018-10-25T11:28:40.967-0400][gc,metaspace  ] GC(10) Metaspace: 36099K->36099K(1081344K)
[2018-10-25T11:28:40.967-0400][gc            ] GC(10) Pause Initial Mark (G1 Humongous Allocation) 418M->144M(1024M) 5.276ms
[2018-10-25T11:28:40.967-0400][gc,cpu        ] GC(10) User=0.02s Sys=0.00s Real=0.01s
[2018-10-25T11:28:40.967-0400][gc            ] GC(11) Concurrent Cycle
[2018-10-25T11:28:40.967-0400][gc,marking    ] GC(11) Concurrent Clear Claimed Marks
[2018-10-25T11:28:40.967-0400][gc,marking    ] GC(11) Concurrent Clear Claimed Marks 0.013ms
[2018-10-25T11:28:40.967-0400][gc,marking    ] GC(11) Concurrent Scan Root Regions
[2018-10-25T11:28:40.969-0400][gc,marking    ] GC(11) Concurrent Scan Root Regions 1.461ms
[2018-10-25T11:28:40.969-0400][gc,marking    ] GC(11) Concurrent Mark (2604.193s)
[2018-10-25T11:28:40.969-0400][gc,marking    ] GC(11) Concurrent Mark From Roots
[2018-10-25T11:28:40.969-0400][gc,task       ] GC(11) Using 2 workers of 2 for marking
[2018-10-25T11:28:40.977-0400][gc,marking    ] GC(11) Concurrent Mark From Roots 8.117ms
[2018-10-25T11:28:40.977-0400][gc,marking    ] GC(11) Concurrent Mark (2604.193s, 2604.202s) 8.142ms
[2018-10-25T11:28:40.977-0400][gc,start      ] GC(11) Pause Remark
[2018-10-25T11:28:40.989-0400][gc,stringtable] GC(11) Cleaned string and symbol table, strings: 16232 processed, 515 removed, symbols: 97414 processed, 0 removed
[2018-10-25T11:28:40.989-0400][gc            ] GC(11) Pause Remark 147M->147M(1024M) 11.773ms
[2018-10-25T11:28:40.989-0400][gc,cpu        ] GC(11) User=0.03s Sys=0.00s Real=0.01s
[2018-10-25T11:28:40.989-0400][gc,marking    ] GC(11) Concurrent Create Live Data
[2018-10-25T11:28:40.991-0400][gc,marking    ] GC(11) Concurrent Create Live Data 2.014ms
[2018-10-25T11:28:40.991-0400][gc,start      ] GC(11) Pause Cleanup
[2018-10-25T11:28:40.995-0400][gc            ] GC(11) Pause Cleanup 147M->147M(1024M) 3.923ms
[2018-10-25T11:28:40.995-0400][gc,cpu        ] GC(11) User=0.01s Sys=0.00s Real=0.00s
[2018-10-25T11:28:40.995-0400][gc,marking    ] GC(11) Concurrent Cleanup for Next Mark
[2018-10-25T11:28:40.997-0400][gc,marking    ] GC(11) Concurrent Cleanup for Next Mark 1.300ms
[2018-10-25T11:28:40.997-0400][gc            ] GC(11) Concurrent Cycle 29.578ms
[2018-10-25T12:01:21.711-0400][gc,start      ] GC(12) Pause Young (G1 Evacuation Pause)
[2018-10-25T12:01:21.711-0400][gc,task       ] GC(12) Using 8 workers of 8 for evacuation
[2018-10-25T12:01:21.718-0400][gc,phases     ] GC(12)   Pre Evacuate Collection Set: 0.1ms
[2018-10-25T12:01:21.718-0400][gc,phases     ] GC(12)   Evacuate Collection Set: 5.8ms
[2018-10-25T12:01:21.718-0400][gc,phases     ] GC(12)   Post Evacuate Collection Set: 1.5ms
[2018-10-25T12:01:21.718-0400][gc,phases     ] GC(12)   Other: 0.3ms
[2018-10-25T12:01:21.718-0400][gc,heap       ] GC(12) Eden regions: 73->0(79)
[2018-10-25T12:01:21.718-0400][gc,heap       ] GC(12) Survivor regions: 3->3(10)
[2018-10-25T12:01:21.718-0400][gc,heap       ] GC(12) Old regions: 12->12
[2018-10-25T12:01:21.718-0400][gc,heap       ] GC(12) Humongous regions: 274->130
[2018-10-25T12:01:21.718-0400][gc,metaspace  ] GC(12) Metaspace: 36173K->36173K(1081344K)
[2018-10-25T12:01:21.718-0400][gc            ] GC(12) Pause Young (G1 Evacuation Pause) 361M->144M(1024M) 7.688ms
[2018-10-25T12:01:21.718-0400][gc,cpu        ] GC(12) User=0.02s Sys=0.00s Real=0.01s
[2018-10-25T12:21:48.164-0400][gc,heap,exit  ] Heap
[2018-10-25T12:21:48.164-0400][gc,heap,exit  ]  garbage-first heap   total 1048576K, used 205526K [0x00000000c0000000, 0x00000000c0102000, 0x0000000100000000)
[2018-10-25T12:21:48.164-0400][gc,heap,exit  ]   region size 1024K, 60 young (61440K), 3 survivors (3072K)
[2018-10-25T12:21:48.164-0400][gc,heap,exit  ]  Metaspace       used 36766K, capacity 37296K, committed 37968K, reserved 1083392K
[2018-10-25T12:21:48.164-0400][gc,heap,exit  ]   class space    used 4528K, capacity 4637K, committed 4732K, reserved 1048576K
