[2018-10-23T22:22:22.030-0400][gc,heap] Heap region size: 1M
[2018-10-23T22:22:22.040-0400][gc     ] Using G1
[2018-10-23T22:22:22.040-0400][gc,heap,coops] Heap address: 0x00000000c0000000, size: 1024 MB, Compressed Oops mode: 32-bit
[2018-10-23T22:22:22.813-0400][gc,start     ] GC(0) Pause Young (G1 Evacuation Pause)
[2018-10-23T22:22:22.813-0400][gc,task      ] GC(0) Using 8 workers of 8 for evacuation
[2018-10-23T22:22:22.835-0400][gc,mmu       ] GC(0) MMU target violated: 21.0ms (20.0ms/21.0ms)
[2018-10-23T22:22:22.835-0400][gc,phases    ] GC(0)   Pre Evacuate Collection Set: 0.0ms
[2018-10-23T22:22:22.835-0400][gc,phases    ] GC(0)   Evacuate Collection Set: 17.7ms
[2018-10-23T22:22:22.835-0400][gc,phases    ] GC(0)   Post Evacuate Collection Set: 4.1ms
[2018-10-23T22:22:22.835-0400][gc,phases    ] GC(0)   Other: 0.2ms
[2018-10-23T22:22:22.835-0400][gc,heap      ] GC(0) Eden regions: 51->0(44)
[2018-10-23T22:22:22.835-0400][gc,heap      ] GC(0) Survivor regions: 0->7(7)
[2018-10-23T22:22:22.835-0400][gc,heap      ] GC(0) Old regions: 0->4
[2018-10-23T22:22:22.835-0400][gc,heap      ] GC(0) Humongous regions: 1->1
[2018-10-23T22:22:22.835-0400][gc,metaspace ] GC(0) Metaspace: 19063K->19063K(1067008K)
[2018-10-23T22:22:22.835-0400][gc           ] GC(0) Pause Young (G1 Evacuation Pause) 52M->11M(1024M) 22.041ms
[2018-10-23T22:22:22.835-0400][gc,cpu       ] GC(0) User=0.05s Sys=0.01s Real=0.03s
[2018-10-23T22:22:22.946-0400][gc,start     ] GC(1) Pause Initial Mark (Metadata GC Threshold)
[2018-10-23T22:22:22.946-0400][gc,task      ] GC(1) Using 8 workers of 8 for evacuation
[2018-10-23T22:22:22.956-0400][gc,phases    ] GC(1)   Pre Evacuate Collection Set: 0.0ms
[2018-10-23T22:22:22.956-0400][gc,phases    ] GC(1)   Evacuate Collection Set: 8.9ms
[2018-10-23T22:22:22.956-0400][gc,phases    ] GC(1)   Post Evacuate Collection Set: 0.9ms
[2018-10-23T22:22:22.956-0400][gc,phases    ] GC(1)   Other: 0.3ms
[2018-10-23T22:22:22.956-0400][gc,heap      ] GC(1) Eden regions: 9->0(49)
[2018-10-23T22:22:22.956-0400][gc,heap      ] GC(1) Survivor regions: 7->2(7)
[2018-10-23T22:22:22.956-0400][gc,heap      ] GC(1) Old regions: 4->10
[2018-10-23T22:22:22.956-0400][gc,heap      ] GC(1) Humongous regions: 1->1
[2018-10-23T22:22:22.956-0400][gc,metaspace ] GC(1) Metaspace: 20624K->20624K(1069056K)
[2018-10-23T22:22:22.956-0400][gc           ] GC(1) Pause Initial Mark (Metadata GC Threshold) 20M->11M(1024M) 10.121ms
[2018-10-23T22:22:22.956-0400][gc,cpu       ] GC(1) User=0.01s Sys=0.01s Real=0.01s
[2018-10-23T22:22:22.956-0400][gc           ] GC(2) Concurrent Cycle
[2018-10-23T22:22:22.956-0400][gc,marking   ] GC(2) Concurrent Clear Claimed Marks
[2018-10-23T22:22:22.956-0400][gc,marking   ] GC(2) Concurrent Clear Claimed Marks 0.012ms
[2018-10-23T22:22:22.956-0400][gc,marking   ] GC(2) Concurrent Scan Root Regions
[2018-10-23T22:22:22.961-0400][gc,marking   ] GC(2) Concurrent Scan Root Regions 5.003ms
[2018-10-23T22:22:22.961-0400][gc,marking   ] GC(2) Concurrent Mark (0.935s)
[2018-10-23T22:22:22.961-0400][gc,marking   ] GC(2) Concurrent Mark From Roots
[2018-10-23T22:22:22.961-0400][gc,task      ] GC(2) Using 2 workers of 2 for marking
[2018-10-23T22:22:22.965-0400][gc,marking   ] GC(2) Concurrent Mark From Roots 3.355ms
[2018-10-23T22:22:22.965-0400][gc,marking   ] GC(2) Concurrent Mark (0.935s, 0.939s) 3.373ms
[2018-10-23T22:22:22.965-0400][gc,start     ] GC(2) Pause Remark
[2018-10-23T22:22:22.982-0400][gc,stringtable] GC(2) Cleaned string and symbol table, strings: 9223 processed, 0 removed, symbols: 68808 processed, 43 removed
[2018-10-23T22:22:22.982-0400][gc            ] GC(2) Pause Remark 12M->12M(1024M) 16.910ms
[2018-10-23T22:22:22.982-0400][gc,cpu        ] GC(2) User=0.07s Sys=0.00s Real=0.02s
[2018-10-23T22:22:22.982-0400][gc,marking    ] GC(2) Concurrent Create Live Data
[2018-10-23T22:22:22.983-0400][gc,marking    ] GC(2) Concurrent Create Live Data 0.902ms
[2018-10-23T22:22:22.983-0400][gc,start      ] GC(2) Pause Cleanup
[2018-10-23T22:22:22.984-0400][gc            ] GC(2) Pause Cleanup 13M->10M(1024M) 0.754ms
[2018-10-23T22:22:22.984-0400][gc,cpu        ] GC(2) User=0.00s Sys=0.00s Real=0.00s
[2018-10-23T22:22:22.984-0400][gc,marking    ] GC(2) Concurrent Complete Cleanup
[2018-10-23T22:22:22.984-0400][gc,marking    ] GC(2) Concurrent Complete Cleanup 0.016ms
[2018-10-23T22:22:22.984-0400][gc,marking    ] GC(2) Concurrent Cleanup for Next Mark
[2018-10-23T22:22:22.989-0400][gc,marking    ] GC(2) Concurrent Cleanup for Next Mark 4.925ms
[2018-10-23T22:22:22.989-0400][gc            ] GC(2) Concurrent Cycle 32.858ms
[2018-10-23T22:22:23.494-0400][gc,start      ] GC(3) Pause Young (G1 Evacuation Pause)
[2018-10-23T22:22:23.495-0400][gc,task       ] GC(3) Using 8 workers of 8 for evacuation
[2018-10-23T22:22:23.500-0400][gc,phases     ] GC(3)   Pre Evacuate Collection Set: 0.1ms
[2018-10-23T22:22:23.500-0400][gc,phases     ] GC(3)   Evacuate Collection Set: 3.2ms
[2018-10-23T22:22:23.500-0400][gc,phases     ] GC(3)   Post Evacuate Collection Set: 2.4ms
[2018-10-23T22:22:23.500-0400][gc,phases     ] GC(3)   Other: 0.2ms
[2018-10-23T22:22:23.500-0400][gc,heap       ] GC(3) Eden regions: 49->0(45)
[2018-10-23T22:22:23.500-0400][gc,heap       ] GC(3) Survivor regions: 2->6(7)
[2018-10-23T22:22:23.500-0400][gc,heap       ] GC(3) Old regions: 7->7
[2018-10-23T22:22:23.500-0400][gc,heap       ] GC(3) Humongous regions: 123->1
[2018-10-23T22:22:23.500-0400][gc,metaspace  ] GC(3) Metaspace: 25969K->25969K(1073152K)
[2018-10-23T22:22:23.500-0400][gc            ] GC(3) Pause Young (G1 Evacuation Pause) 179M->12M(1024M) 5.837ms
[2018-10-23T22:22:23.500-0400][gc,cpu        ] GC(3) User=0.02s Sys=0.00s Real=0.00s
[2018-10-23T22:22:23.678-0400][gc,start      ] GC(4) Pause Initial Mark (G1 Humongous Allocation)
[2018-10-23T22:22:23.678-0400][gc,task       ] GC(4) Using 8 workers of 8 for evacuation
[2018-10-23T22:22:23.689-0400][gc,phases     ] GC(4)   Pre Evacuate Collection Set: 0.1ms
[2018-10-23T22:22:23.689-0400][gc,phases     ] GC(4)   Evacuate Collection Set: 9.4ms
[2018-10-23T22:22:23.689-0400][gc,phases     ] GC(4)   Post Evacuate Collection Set: 0.7ms
[2018-10-23T22:22:23.689-0400][gc,phases     ] GC(4)   Other: 0.3ms
[2018-10-23T22:22:23.689-0400][gc,heap       ] GC(4) Eden regions: 42->0(50)
[2018-10-23T22:22:23.689-0400][gc,heap       ] GC(4) Survivor regions: 6->1(7)
[2018-10-23T22:22:23.689-0400][gc,heap       ] GC(4) Old regions: 7->8
[2018-10-23T22:22:23.689-0400][gc,heap       ] GC(4) Humongous regions: 351->1
[2018-10-23T22:22:23.689-0400][gc,metaspace  ] GC(4) Metaspace: 26040K->26040K(1073152K)
[2018-10-23T22:22:23.689-0400][gc            ] GC(4) Pause Initial Mark (G1 Humongous Allocation) 403M->8M(1024M) 10.562ms
[2018-10-23T22:22:23.689-0400][gc,cpu        ] GC(4) User=0.04s Sys=0.00s Real=0.01s
[2018-10-23T22:22:23.689-0400][gc            ] GC(5) Concurrent Cycle
[2018-10-23T22:22:23.689-0400][gc,marking    ] GC(5) Concurrent Clear Claimed Marks
[2018-10-23T22:22:23.689-0400][gc,marking    ] GC(5) Concurrent Clear Claimed Marks 0.027ms
[2018-10-23T22:22:23.689-0400][gc,marking    ] GC(5) Concurrent Scan Root Regions
[2018-10-23T22:22:23.689-0400][gc,marking    ] GC(5) Concurrent Scan Root Regions 0.428ms
[2018-10-23T22:22:23.689-0400][gc,marking    ] GC(5) Concurrent Mark (1.663s)
[2018-10-23T22:22:23.689-0400][gc,marking    ] GC(5) Concurrent Mark From Roots
[2018-10-23T22:22:23.689-0400][gc,task       ] GC(5) Using 2 workers of 2 for marking
[2018-10-23T22:22:23.694-0400][gc,marking    ] GC(5) Concurrent Mark From Roots 4.774ms
[2018-10-23T22:22:23.694-0400][gc,marking    ] GC(5) Concurrent Mark (1.663s, 1.668s) 4.793ms
[2018-10-23T22:22:23.694-0400][gc,start      ] GC(5) Pause Remark
[2018-10-23T22:22:23.698-0400][gc,stringtable] GC(5) Cleaned string and symbol table, strings: 10669 processed, 18 removed, symbols: 79335 processed, 12 removed
[2018-10-23T22:22:23.698-0400][gc            ] GC(5) Pause Remark 27M->27M(1024M) 3.893ms
[2018-10-23T22:22:23.698-0400][gc,cpu        ] GC(5) User=0.02s Sys=0.00s Real=0.00s
[2018-10-23T22:22:23.698-0400][gc,marking    ] GC(5) Concurrent Create Live Data
[2018-10-23T22:22:23.699-0400][gc,marking    ] GC(5) Concurrent Create Live Data 1.200ms
[2018-10-23T22:22:23.700-0400][gc,start      ] GC(5) Pause Cleanup
[2018-10-23T22:22:23.700-0400][gc            ] GC(5) Pause Cleanup 31M->31M(1024M) 0.681ms
[2018-10-23T22:22:23.700-0400][gc,cpu        ] GC(5) User=0.01s Sys=0.00s Real=0.00s
[2018-10-23T22:22:23.700-0400][gc,marking    ] GC(5) Concurrent Cleanup for Next Mark
[2018-10-23T22:22:23.705-0400][gc,marking    ] GC(5) Concurrent Cleanup for Next Mark 4.912ms
[2018-10-23T22:22:23.705-0400][gc            ] GC(5) Concurrent Cycle 16.504ms
[2018-10-23T22:22:23.843-0400][gc,start      ] GC(6) Pause Initial Mark (G1 Humongous Allocation)
[2018-10-23T22:22:23.843-0400][gc,task       ] GC(6) Using 8 workers of 8 for evacuation
[2018-10-23T22:22:23.846-0400][gc,phases     ] GC(6)   Pre Evacuate Collection Set: 0.1ms
[2018-10-23T22:22:23.846-0400][gc,phases     ] GC(6)   Evacuate Collection Set: 2.2ms
[2018-10-23T22:22:23.846-0400][gc,phases     ] GC(6)   Post Evacuate Collection Set: 0.6ms
[2018-10-23T22:22:23.846-0400][gc,phases     ] GC(6)   Other: 0.2ms
[2018-10-23T22:22:23.846-0400][gc,heap       ] GC(6) Eden regions: 15->0(50)
[2018-10-23T22:22:23.846-0400][gc,heap       ] GC(6) Survivor regions: 1->1(7)
[2018-10-23T22:22:23.846-0400][gc,heap       ] GC(6) Old regions: 8->8
[2018-10-23T22:22:23.846-0400][gc,heap       ] GC(6) Humongous regions: 350->1
[2018-10-23T22:22:23.846-0400][gc,metaspace  ] GC(6) Metaspace: 26041K->26041K(1073152K)
[2018-10-23T22:22:23.846-0400][gc            ] GC(6) Pause Initial Mark (G1 Humongous Allocation) 372M->8M(1024M) 3.281ms
[2018-10-23T22:22:23.846-0400][gc,cpu        ] GC(6) User=0.01s Sys=0.00s Real=0.00s
[2018-10-23T22:22:23.846-0400][gc            ] GC(7) Concurrent Cycle
[2018-10-23T22:22:23.846-0400][gc,marking    ] GC(7) Concurrent Clear Claimed Marks
[2018-10-23T22:22:23.846-0400][gc,marking    ] GC(7) Concurrent Clear Claimed Marks 0.013ms
[2018-10-23T22:22:23.846-0400][gc,marking    ] GC(7) Concurrent Scan Root Regions
[2018-10-23T22:22:23.846-0400][gc,marking    ] GC(7) Concurrent Scan Root Regions 0.369ms
[2018-10-23T22:22:23.846-0400][gc,marking    ] GC(7) Concurrent Mark (1.820s)
[2018-10-23T22:22:23.846-0400][gc,marking    ] GC(7) Concurrent Mark From Roots
[2018-10-23T22:22:23.846-0400][gc,task       ] GC(7) Using 2 workers of 2 for marking
[2018-10-23T22:22:23.851-0400][gc,marking    ] GC(7) Concurrent Mark From Roots 4.530ms
[2018-10-23T22:22:23.851-0400][gc,marking    ] GC(7) Concurrent Mark (1.820s, 1.825s) 4.551ms
[2018-10-23T22:22:23.851-0400][gc,start      ] GC(7) Pause Remark
[2018-10-23T22:22:23.855-0400][gc,stringtable] GC(7) Cleaned string and symbol table, strings: 10667 processed, 0 removed, symbols: 79323 processed, 0 removed
[2018-10-23T22:22:23.855-0400][gc            ] GC(7) Pause Remark 20M->20M(1024M) 4.149ms
[2018-10-23T22:22:23.855-0400][gc,cpu        ] GC(7) User=0.01s Sys=0.00s Real=0.01s
[2018-10-23T22:22:23.855-0400][gc,marking    ] GC(7) Concurrent Create Live Data
[2018-10-23T22:22:23.857-0400][gc,marking    ] GC(7) Concurrent Create Live Data 1.228ms
[2018-10-23T22:22:23.857-0400][gc,start      ] GC(7) Pause Cleanup
[2018-10-23T22:22:23.857-0400][gc            ] GC(7) Pause Cleanup 24M->24M(1024M) 0.671ms
[2018-10-23T22:22:23.857-0400][gc,cpu        ] GC(7) User=0.01s Sys=0.00s Real=0.00s
[2018-10-23T22:22:23.857-0400][gc,marking    ] GC(7) Concurrent Cleanup for Next Mark
[2018-10-23T22:22:23.859-0400][gc,marking    ] GC(7) Concurrent Cleanup for Next Mark 1.595ms
[2018-10-23T22:22:23.859-0400][gc            ] GC(7) Concurrent Cycle 13.158ms
[2018-10-23T22:22:24.228-0400][gc,start      ] GC(8) Pause Young (G1 Evacuation Pause)
[2018-10-23T22:22:24.228-0400][gc,task       ] GC(8) Using 8 workers of 8 for evacuation
[2018-10-23T22:22:24.233-0400][gc,phases     ] GC(8)   Pre Evacuate Collection Set: 0.1ms
[2018-10-23T22:22:24.233-0400][gc,phases     ] GC(8)   Evacuate Collection Set: 3.1ms
[2018-10-23T22:22:24.233-0400][gc,phases     ] GC(8)   Post Evacuate Collection Set: 1.7ms
[2018-10-23T22:22:24.233-0400][gc,phases     ] GC(8)   Other: 0.2ms
[2018-10-23T22:22:24.233-0400][gc,heap       ] GC(8) Eden regions: 50->0(45)
[2018-10-23T22:22:24.233-0400][gc,heap       ] GC(8) Survivor regions: 1->6(7)
[2018-10-23T22:22:24.233-0400][gc,heap       ] GC(8) Old regions: 8->8
[2018-10-23T22:22:24.233-0400][gc,heap       ] GC(8) Humongous regions: 206->130
[2018-10-23T22:22:24.233-0400][gc,metaspace  ] GC(8) Metaspace: 30159K->30159K(1077248K)
[2018-10-23T22:22:24.233-0400][gc            ] GC(8) Pause Young (G1 Evacuation Pause) 263M->143M(1024M) 5.074ms
[2018-10-23T22:22:24.233-0400][gc,cpu        ] GC(8) User=0.02s Sys=0.00s Real=0.00s
[2018-10-23T22:22:43.166-0400][gc,start      ] GC(9) Pause Young (G1 Evacuation Pause)
[2018-10-23T22:22:43.166-0400][gc,task       ] GC(9) Using 8 workers of 8 for evacuation
[2018-10-23T22:22:43.173-0400][gc,phases     ] GC(9)   Pre Evacuate Collection Set: 0.0ms
[2018-10-23T22:22:43.173-0400][gc,phases     ] GC(9)   Evacuate Collection Set: 5.6ms
[2018-10-23T22:22:43.173-0400][gc,phases     ] GC(9)   Post Evacuate Collection Set: 1.6ms
[2018-10-23T22:22:43.173-0400][gc,phases     ] GC(9)   Other: 0.2ms
[2018-10-23T22:22:43.173-0400][gc,heap       ] GC(9) Eden regions: 45->0(47)
[2018-10-23T22:22:43.174-0400][gc,heap       ] GC(9) Survivor regions: 6->4(7)
[2018-10-23T22:22:43.174-0400][gc,heap       ] GC(9) Old regions: 8->11
[2018-10-23T22:22:43.174-0400][gc,heap       ] GC(9) Humongous regions: 136->130
[2018-10-23T22:22:43.174-0400][gc,metaspace  ] GC(9) Metaspace: 33936K->33936K(1079296K)
[2018-10-23T22:22:43.174-0400][gc            ] GC(9) Pause Young (G1 Evacuation Pause) 194M->143M(1024M) 7.552ms
[2018-10-23T22:22:43.174-0400][gc,cpu        ] GC(9) User=0.03s Sys=0.01s Real=0.00s
[2018-10-23T22:25:50.465-0400][gc,start      ] GC(10) Pause Initial Mark (G1 Humongous Allocation)
[2018-10-23T22:25:50.465-0400][gc,task       ] GC(10) Using 8 workers of 8 for evacuation
[2018-10-23T22:25:50.473-0400][gc,phases     ] GC(10)   Pre Evacuate Collection Set: 0.1ms
[2018-10-23T22:25:50.473-0400][gc,phases     ] GC(10)   Evacuate Collection Set: 6.6ms
[2018-10-23T22:25:50.473-0400][gc,phases     ] GC(10)   Post Evacuate Collection Set: 1.1ms
[2018-10-23T22:25:50.473-0400][gc,phases     ] GC(10)   Other: 0.4ms
[2018-10-23T22:25:50.473-0400][gc,heap       ] GC(10) Eden regions: 31->0(49)
[2018-10-23T22:25:50.473-0400][gc,heap       ] GC(10) Survivor regions: 4->2(7)
[2018-10-23T22:25:50.473-0400][gc,heap       ] GC(10) Old regions: 11->12
[2018-10-23T22:25:50.473-0400][gc,heap       ] GC(10) Humongous regions: 347->131
[2018-10-23T22:25:50.473-0400][gc,metaspace  ] GC(10) Metaspace: 35574K->35574K(1081344K)
[2018-10-23T22:25:50.473-0400][gc            ] GC(10) Pause Initial Mark (G1 Humongous Allocation) 391M->144M(1024M) 8.199ms
[2018-10-23T22:25:50.473-0400][gc,cpu        ] GC(10) User=0.02s Sys=0.00s Real=0.00s
[2018-10-23T22:25:50.473-0400][gc            ] GC(11) Concurrent Cycle
[2018-10-23T22:25:50.473-0400][gc,marking    ] GC(11) Concurrent Clear Claimed Marks
[2018-10-23T22:25:50.473-0400][gc,marking    ] GC(11) Concurrent Clear Claimed Marks 0.012ms
[2018-10-23T22:25:50.473-0400][gc,marking    ] GC(11) Concurrent Scan Root Regions
[2018-10-23T22:25:50.474-0400][gc,marking    ] GC(11) Concurrent Scan Root Regions 1.204ms
[2018-10-23T22:25:50.474-0400][gc,marking    ] GC(11) Concurrent Mark (208.448s)
[2018-10-23T22:25:50.474-0400][gc,marking    ] GC(11) Concurrent Mark From Roots
[2018-10-23T22:25:50.474-0400][gc,task       ] GC(11) Using 2 workers of 2 for marking
[2018-10-23T22:25:50.482-0400][gc,marking    ] GC(11) Concurrent Mark From Roots 7.932ms
[2018-10-23T22:25:50.482-0400][gc,marking    ] GC(11) Concurrent Mark (208.448s, 208.456s) 7.969ms
[2018-10-23T22:25:50.483-0400][gc,start      ] GC(11) Pause Remark
[2018-10-23T22:25:50.488-0400][gc,stringtable] GC(11) Cleaned string and symbol table, strings: 14740 processed, 0 removed, symbols: 95929 processed, 5 removed
[2018-10-23T22:25:50.488-0400][gc            ] GC(11) Pause Remark 145M->145M(1024M) 5.887ms
[2018-10-23T22:25:50.488-0400][gc,cpu        ] GC(11) User=0.02s Sys=0.00s Real=0.00s
[2018-10-23T22:25:50.489-0400][gc,marking    ] GC(11) Concurrent Create Live Data
[2018-10-23T22:25:50.491-0400][gc,marking    ] GC(11) Concurrent Create Live Data 2.391ms
[2018-10-23T22:25:50.491-0400][gc,start      ] GC(11) Pause Cleanup
[2018-10-23T22:25:50.492-0400][gc            ] GC(11) Pause Cleanup 145M->145M(1024M) 0.608ms
[2018-10-23T22:25:50.492-0400][gc,cpu        ] GC(11) User=0.00s Sys=0.00s Real=0.00s
[2018-10-23T22:25:50.492-0400][gc,marking    ] GC(11) Concurrent Cleanup for Next Mark
[2018-10-23T22:25:50.493-0400][gc,marking    ] GC(11) Concurrent Cleanup for Next Mark 1.377ms
[2018-10-23T22:25:50.493-0400][gc            ] GC(11) Concurrent Cycle 20.233ms
[2018-10-23T22:26:12.160-0400][gc,start      ] GC(12) Pause Initial Mark (G1 Humongous Allocation)
[2018-10-23T22:26:12.160-0400][gc,task       ] GC(12) Using 8 workers of 8 for evacuation
[2018-10-23T22:26:12.164-0400][gc,phases     ] GC(12)   Pre Evacuate Collection Set: 0.1ms
[2018-10-23T22:26:12.164-0400][gc,phases     ] GC(12)   Evacuate Collection Set: 3.1ms
[2018-10-23T22:26:12.164-0400][gc,phases     ] GC(12)   Post Evacuate Collection Set: 0.6ms
[2018-10-23T22:26:12.164-0400][gc,phases     ] GC(12)   Other: 0.3ms
[2018-10-23T22:26:12.164-0400][gc,heap       ] GC(12) Eden regions: 7->0(166)
[2018-10-23T22:26:12.164-0400][gc,heap       ] GC(12) Survivor regions: 2->2(7)
[2018-10-23T22:26:12.164-0400][gc,heap       ] GC(12) Old regions: 12->12
[2018-10-23T22:26:12.164-0400][gc,heap       ] GC(12) Humongous regions: 346->130
[2018-10-23T22:26:12.164-0400][gc,metaspace  ] GC(12) Metaspace: 35724K->35724K(1081344K)
[2018-10-23T22:26:12.164-0400][gc            ] GC(12) Pause Initial Mark (G1 Humongous Allocation) 365M->142M(1024M) 4.088ms
[2018-10-23T22:26:12.164-0400][gc,cpu        ] GC(12) User=0.01s Sys=0.00s Real=0.01s
[2018-10-23T22:26:12.164-0400][gc            ] GC(13) Concurrent Cycle
[2018-10-23T22:26:12.164-0400][gc,marking    ] GC(13) Concurrent Clear Claimed Marks
[2018-10-23T22:26:12.164-0400][gc,marking    ] GC(13) Concurrent Clear Claimed Marks 0.019ms
[2018-10-23T22:26:12.164-0400][gc,marking    ] GC(13) Concurrent Scan Root Regions
[2018-10-23T22:26:12.165-0400][gc,marking    ] GC(13) Concurrent Scan Root Regions 1.369ms
[2018-10-23T22:26:12.165-0400][gc,marking    ] GC(13) Concurrent Mark (230.139s)
[2018-10-23T22:26:12.165-0400][gc,marking    ] GC(13) Concurrent Mark From Roots
[2018-10-23T22:26:12.165-0400][gc,task       ] GC(13) Using 2 workers of 2 for marking
[2018-10-23T22:26:12.174-0400][gc,marking    ] GC(13) Concurrent Mark From Roots 8.414ms
[2018-10-23T22:26:12.174-0400][gc,marking    ] GC(13) Concurrent Mark (230.139s, 230.148s) 8.451ms
[2018-10-23T22:26:12.174-0400][gc,start      ] GC(13) Pause Remark
[2018-10-23T22:26:12.180-0400][gc,stringtable] GC(13) Cleaned string and symbol table, strings: 14764 processed, 0 removed, symbols: 95924 processed, 0 removed
[2018-10-23T22:26:12.180-0400][gc            ] GC(13) Pause Remark 145M->145M(1024M) 5.726ms
[2018-10-23T22:26:12.180-0400][gc,cpu        ] GC(13) User=0.02s Sys=0.00s Real=0.00s
[2018-10-23T22:26:12.180-0400][gc,marking    ] GC(13) Concurrent Create Live Data
[2018-10-23T22:26:12.182-0400][gc,marking    ] GC(13) Concurrent Create Live Data 2.139ms
[2018-10-23T22:26:12.182-0400][gc,start      ] GC(13) Pause Cleanup
[2018-10-23T22:26:12.183-0400][gc            ] GC(13) Pause Cleanup 145M->145M(1024M) 0.617ms
[2018-10-23T22:26:12.183-0400][gc,cpu        ] GC(13) User=0.00s Sys=0.00s Real=0.00s
[2018-10-23T22:26:12.183-0400][gc,marking    ] GC(13) Concurrent Cleanup for Next Mark
[2018-10-23T22:26:12.185-0400][gc,marking    ] GC(13) Concurrent Cleanup for Next Mark 1.525ms
[2018-10-23T22:26:12.185-0400][gc            ] GC(13) Concurrent Cycle 20.728ms
[2018-10-23T23:04:29.559-0400][gc,start      ] GC(14) Pause Young (G1 Evacuation Pause)
[2018-10-23T23:04:29.559-0400][gc,task       ] GC(14) Using 8 workers of 8 for evacuation
[2018-10-23T23:04:29.567-0400][gc,phases     ] GC(14)   Pre Evacuate Collection Set: 0.1ms
[2018-10-23T23:04:29.567-0400][gc,phases     ] GC(14)   Evacuate Collection Set: 6.0ms
[2018-10-23T23:04:29.567-0400][gc,phases     ] GC(14)   Post Evacuate Collection Set: 1.2ms
[2018-10-23T23:04:29.567-0400][gc,phases     ] GC(14)   Other: 0.3ms
[2018-10-23T23:04:29.567-0400][gc,heap       ] GC(14) Eden regions: 166->0(515)
[2018-10-23T23:04:29.567-0400][gc,heap       ] GC(14) Survivor regions: 2->4(21)
[2018-10-23T23:04:29.567-0400][gc,heap       ] GC(14) Old regions: 12->12
[2018-10-23T23:04:29.567-0400][gc,heap       ] GC(14) Humongous regions: 134->130
[2018-10-23T23:04:29.567-0400][gc,metaspace  ] GC(14) Metaspace: 36302K->36302K(1081344K)
[2018-10-23T23:04:29.567-0400][gc            ] GC(14) Pause Young (G1 Evacuation Pause) 312M->144M(1024M) 7.692ms
[2018-10-23T23:04:29.567-0400][gc,cpu        ] GC(14) User=0.03s Sys=0.00s Real=0.01s
[2018-10-23T23:07:59.783-0400][gc,start      ] GC(15) Pause Initial Mark (G1 Humongous Allocation)
[2018-10-23T23:07:59.783-0400][gc,task       ] GC(15) Using 8 workers of 8 for evacuation
[2018-10-23T23:07:59.789-0400][gc,phases     ] GC(15)   Pre Evacuate Collection Set: 0.1ms
[2018-10-23T23:07:59.790-0400][gc,phases     ] GC(15)   Evacuate Collection Set: 5.9ms
[2018-10-23T23:07:59.790-0400][gc,phases     ] GC(15)   Post Evacuate Collection Set: 0.6ms
[2018-10-23T23:07:59.790-0400][gc,phases     ] GC(15)   Other: 0.3ms
[2018-10-23T23:07:59.790-0400][gc,heap       ] GC(15) Eden regions: 26->0(611)
[2018-10-23T23:07:59.790-0400][gc,heap       ] GC(15) Survivor regions: 4->3(65)
[2018-10-23T23:07:59.790-0400][gc,heap       ] GC(15) Old regions: 12->12
[2018-10-23T23:07:59.790-0400][gc,heap       ] GC(15) Humongous regions: 346->130
[2018-10-23T23:07:59.790-0400][gc,metaspace  ] GC(15) Metaspace: 36403K->36403K(1081344K)
[2018-10-23T23:07:59.790-0400][gc            ] GC(15) Pause Initial Mark (G1 Humongous Allocation) 386M->144M(1024M) 7.005ms
[2018-10-23T23:07:59.790-0400][gc,cpu        ] GC(15) User=0.02s Sys=0.00s Real=0.00s
[2018-10-23T23:07:59.790-0400][gc            ] GC(16) Concurrent Cycle
[2018-10-23T23:07:59.790-0400][gc,marking    ] GC(16) Concurrent Clear Claimed Marks
[2018-10-23T23:07:59.790-0400][gc,marking    ] GC(16) Concurrent Clear Claimed Marks 0.014ms
[2018-10-23T23:07:59.790-0400][gc,marking    ] GC(16) Concurrent Scan Root Regions
[2018-10-23T23:07:59.791-0400][gc,marking    ] GC(16) Concurrent Scan Root Regions 1.158ms
[2018-10-23T23:07:59.791-0400][gc,marking    ] GC(16) Concurrent Mark (2737.765s)
[2018-10-23T23:07:59.791-0400][gc,marking    ] GC(16) Concurrent Mark From Roots
[2018-10-23T23:07:59.791-0400][gc,task       ] GC(16) Using 2 workers of 2 for marking
[2018-10-23T23:07:59.799-0400][gc,marking    ] GC(16) Concurrent Mark From Roots 8.240ms
[2018-10-23T23:07:59.799-0400][gc,marking    ] GC(16) Concurrent Mark (2737.765s, 2737.773s) 8.291ms
[2018-10-23T23:07:59.799-0400][gc,start      ] GC(16) Pause Remark
[2018-10-23T23:07:59.808-0400][gc,stringtable] GC(16) Cleaned string and symbol table, strings: 15180 processed, 513 removed, symbols: 95989 processed, 1 removed
[2018-10-23T23:07:59.808-0400][gc            ] GC(16) Pause Remark 148M->148M(1024M) 8.980ms
[2018-10-23T23:07:59.808-0400][gc,cpu        ] GC(16) User=0.03s Sys=0.00s Real=0.01s
[2018-10-23T23:07:59.808-0400][gc,marking    ] GC(16) Concurrent Create Live Data
[2018-10-23T23:07:59.811-0400][gc,marking    ] GC(16) Concurrent Create Live Data 2.109ms
[2018-10-23T23:07:59.811-0400][gc,start      ] GC(16) Pause Cleanup
[2018-10-23T23:07:59.815-0400][gc            ] GC(16) Pause Cleanup 148M->148M(1024M) 3.926ms
[2018-10-23T23:07:59.815-0400][gc,cpu        ] GC(16) User=0.00s Sys=0.00s Real=0.01s
[2018-10-23T23:07:59.815-0400][gc,marking    ] GC(16) Concurrent Cleanup for Next Mark
[2018-10-23T23:07:59.816-0400][gc,marking    ] GC(16) Concurrent Cleanup for Next Mark 1.343ms
[2018-10-23T23:07:59.816-0400][gc            ] GC(16) Concurrent Cycle 26.475ms
[2018-10-23T23:08:16.838-0400][gc,start      ] GC(17) Pause Initial Mark (G1 Humongous Allocation)
[2018-10-23T23:08:16.838-0400][gc,task       ] GC(17) Using 8 workers of 8 for evacuation
[2018-10-23T23:08:16.843-0400][gc,phases     ] GC(17)   Pre Evacuate Collection Set: 0.1ms
[2018-10-23T23:08:16.843-0400][gc,phases     ] GC(17)   Evacuate Collection Set: 4.1ms
[2018-10-23T23:08:16.843-0400][gc,phases     ] GC(17)   Post Evacuate Collection Set: 0.7ms
[2018-10-23T23:08:16.843-0400][gc,phases     ] GC(17)   Other: 0.4ms
[2018-10-23T23:08:16.843-0400][gc,heap       ] GC(17) Eden regions: 15->0(52)
[2018-10-23T23:08:16.843-0400][gc,heap       ] GC(17) Survivor regions: 3->3(77)
[2018-10-23T23:08:16.843-0400][gc,heap       ] GC(17) Old regions: 12->12
[2018-10-23T23:08:16.843-0400][gc,heap       ] GC(17) Humongous regions: 346->130
[2018-10-23T23:08:16.843-0400][gc,metaspace  ] GC(17) Metaspace: 36286K->36286K(1081344K)
[2018-10-23T23:08:16.843-0400][gc            ] GC(17) Pause Initial Mark (G1 Humongous Allocation) 374M->143M(1024M) 5.294ms
[2018-10-23T23:08:16.843-0400][gc,cpu        ] GC(17) User=0.02s Sys=0.00s Real=0.01s
[2018-10-23T23:08:16.843-0400][gc            ] GC(18) Concurrent Cycle
[2018-10-23T23:08:16.843-0400][gc,marking    ] GC(18) Concurrent Clear Claimed Marks
[2018-10-23T23:08:16.843-0400][gc,marking    ] GC(18) Concurrent Clear Claimed Marks 0.012ms
[2018-10-23T23:08:16.843-0400][gc,marking    ] GC(18) Concurrent Scan Root Regions
[2018-10-23T23:08:16.844-0400][gc,marking    ] GC(18) Concurrent Scan Root Regions 1.151ms
[2018-10-23T23:08:16.845-0400][gc,marking    ] GC(18) Concurrent Mark (2754.819s)
[2018-10-23T23:08:16.845-0400][gc,marking    ] GC(18) Concurrent Mark From Roots
[2018-10-23T23:08:16.845-0400][gc,task       ] GC(18) Using 2 workers of 2 for marking
[2018-10-23T23:08:16.854-0400][gc,marking    ] GC(18) Concurrent Mark From Roots 9.179ms
[2018-10-23T23:08:16.854-0400][gc,marking    ] GC(18) Concurrent Mark (2754.819s, 2754.828s) 9.212ms
[2018-10-23T23:08:16.854-0400][gc,start      ] GC(18) Pause Remark
[2018-10-23T23:08:16.860-0400][gc,stringtable] GC(18) Cleaned string and symbol table, strings: 14688 processed, 0 removed, symbols: 95988 processed, 14 removed
[2018-10-23T23:08:16.860-0400][gc            ] GC(18) Pause Remark 146M->146M(1024M) 6.373ms
[2018-10-23T23:08:16.860-0400][gc,cpu        ] GC(18) User=0.03s Sys=0.00s Real=0.00s
[2018-10-23T23:08:16.861-0400][gc,marking    ] GC(18) Concurrent Create Live Data
[2018-10-23T23:08:16.863-0400][gc,marking    ] GC(18) Concurrent Create Live Data 2.021ms
[2018-10-23T23:08:16.863-0400][gc,start      ] GC(18) Pause Cleanup
[2018-10-23T23:08:16.863-0400][gc            ] GC(18) Pause Cleanup 146M->146M(1024M) 0.557ms
[2018-10-23T23:08:16.863-0400][gc,cpu        ] GC(18) User=0.01s Sys=0.00s Real=0.00s
[2018-10-23T23:08:16.863-0400][gc,marking    ] GC(18) Concurrent Cleanup for Next Mark
[2018-10-23T23:08:16.865-0400][gc,marking    ] GC(18) Concurrent Cleanup for Next Mark 1.581ms
[2018-10-23T23:08:16.865-0400][gc            ] GC(18) Concurrent Cycle 21.656ms
[2018-10-23T23:19:28.236-0400][gc,start      ] GC(19) Pause Initial Mark (G1 Humongous Allocation)
[2018-10-23T23:19:28.236-0400][gc,task       ] GC(19) Using 8 workers of 8 for evacuation
[2018-10-23T23:19:28.246-0400][gc,phases     ] GC(19)   Pre Evacuate Collection Set: 0.1ms
[2018-10-23T23:19:28.246-0400][gc,phases     ] GC(19)   Evacuate Collection Set: 8.4ms
[2018-10-23T23:19:28.246-0400][gc,phases     ] GC(19)   Post Evacuate Collection Set: 0.9ms
[2018-10-23T23:19:28.246-0400][gc,phases     ] GC(19)   Other: 0.4ms
[2018-10-23T23:19:28.246-0400][gc,heap       ] GC(19) Eden regions: 31->0(58)
[2018-10-23T23:19:28.246-0400][gc,heap       ] GC(19) Survivor regions: 3->3(7)
[2018-10-23T23:19:28.246-0400][gc,heap       ] GC(19) Old regions: 12->12
[2018-10-23T23:19:28.246-0400][gc,heap       ] GC(19) Humongous regions: 346->131
[2018-10-23T23:19:28.246-0400][gc,metaspace  ] GC(19) Metaspace: 36422K->36422K(1081344K)
[2018-10-23T23:19:28.246-0400][gc            ] GC(19) Pause Initial Mark (G1 Humongous Allocation) 390M->145M(1024M) 9.801ms
[2018-10-23T23:19:28.246-0400][gc,cpu        ] GC(19) User=0.02s Sys=0.00s Real=0.01s
[2018-10-23T23:19:28.246-0400][gc            ] GC(20) Concurrent Cycle
[2018-10-23T23:19:28.246-0400][gc,marking    ] GC(20) Concurrent Clear Claimed Marks
[2018-10-23T23:19:28.246-0400][gc,marking    ] GC(20) Concurrent Clear Claimed Marks 0.011ms
[2018-10-23T23:19:28.246-0400][gc,marking    ] GC(20) Concurrent Scan Root Regions
[2018-10-23T23:19:28.251-0400][gc,marking    ] GC(20) Concurrent Scan Root Regions 4.164ms
[2018-10-23T23:19:28.251-0400][gc,marking    ] GC(20) Concurrent Mark (3426.225s)
[2018-10-23T23:19:28.251-0400][gc,marking    ] GC(20) Concurrent Mark From Roots
[2018-10-23T23:19:28.251-0400][gc,task       ] GC(20) Using 2 workers of 2 for marking
[2018-10-23T23:19:28.260-0400][gc,marking    ] GC(20) Concurrent Mark From Roots 9.807ms
[2018-10-23T23:19:28.260-0400][gc,marking    ] GC(20) Concurrent Mark (3426.225s, 3426.234s) 9.851ms
[2018-10-23T23:19:28.261-0400][gc,start      ] GC(20) Pause Remark
[2018-10-23T23:19:28.269-0400][gc,stringtable] GC(20) Cleaned string and symbol table, strings: 14732 processed, 0 removed, symbols: 96044 processed, 0 removed
[2018-10-23T23:19:28.269-0400][gc            ] GC(20) Pause Remark 146M->146M(1024M) 8.232ms
[2018-10-23T23:19:28.269-0400][gc,cpu        ] GC(20) User=0.04s Sys=0.00s Real=0.01s
[2018-10-23T23:19:28.269-0400][gc,marking    ] GC(20) Concurrent Create Live Data
[2018-10-23T23:19:28.272-0400][gc,marking    ] GC(20) Concurrent Create Live Data 3.108ms
[2018-10-23T23:19:28.272-0400][gc,start      ] GC(20) Pause Cleanup
[2018-10-23T23:19:28.273-0400][gc            ] GC(20) Pause Cleanup 146M->146M(1024M) 0.506ms
[2018-10-23T23:19:28.273-0400][gc,cpu        ] GC(20) User=0.00s Sys=0.00s Real=0.00s
[2018-10-23T23:19:28.273-0400][gc,marking    ] GC(20) Concurrent Cleanup for Next Mark
[2018-10-23T23:19:28.274-0400][gc,marking    ] GC(20) Concurrent Cleanup for Next Mark 1.509ms
[2018-10-23T23:19:28.275-0400][gc            ] GC(20) Concurrent Cycle 28.179ms
[2018-10-23T23:19:40.338-0400][gc,start      ] GC(21) Pause Initial Mark (G1 Humongous Allocation)
[2018-10-23T23:19:40.338-0400][gc,task       ] GC(21) Using 8 workers of 8 for evacuation
[2018-10-23T23:19:40.348-0400][gc,phases     ] GC(21)   Pre Evacuate Collection Set: 0.1ms
[2018-10-23T23:19:40.348-0400][gc,phases     ] GC(21)   Evacuate Collection Set: 8.8ms
[2018-10-23T23:19:40.348-0400][gc,phases     ] GC(21)   Post Evacuate Collection Set: 0.6ms
[2018-10-23T23:19:40.348-0400][gc,phases     ] GC(21)   Other: 0.3ms
[2018-10-23T23:19:40.348-0400][gc,heap       ] GC(21) Eden regions: 7->0(49)
[2018-10-23T23:19:40.348-0400][gc,heap       ] GC(21) Survivor regions: 3->3(8)
[2018-10-23T23:19:40.348-0400][gc,heap       ] GC(21) Old regions: 12->12
[2018-10-23T23:19:40.348-0400][gc,heap       ] GC(21) Humongous regions: 346->130
[2018-10-23T23:19:40.348-0400][gc,metaspace  ] GC(21) Metaspace: 36422K->36422K(1081344K)
[2018-10-23T23:19:40.348-0400][gc            ] GC(21) Pause Initial Mark (G1 Humongous Allocation) 366M->144M(1024M) 9.892ms
[2018-10-23T23:19:40.348-0400][gc,cpu        ] GC(21) User=0.02s Sys=0.00s Real=0.01s
[2018-10-23T23:19:40.348-0400][gc            ] GC(22) Concurrent Cycle
[2018-10-23T23:19:40.348-0400][gc,marking    ] GC(22) Concurrent Clear Claimed Marks
[2018-10-23T23:19:40.348-0400][gc,marking    ] GC(22) Concurrent Clear Claimed Marks 0.011ms
[2018-10-23T23:19:40.348-0400][gc,marking    ] GC(22) Concurrent Scan Root Regions
[2018-10-23T23:19:40.350-0400][gc,marking    ] GC(22) Concurrent Scan Root Regions 1.476ms
[2018-10-23T23:19:40.350-0400][gc,marking    ] GC(22) Concurrent Mark (3438.324s)
[2018-10-23T23:19:40.350-0400][gc,marking    ] GC(22) Concurrent Mark From Roots
[2018-10-23T23:19:40.350-0400][gc,task       ] GC(22) Using 2 workers of 2 for marking
[2018-10-23T23:19:40.358-0400][gc,marking    ] GC(22) Concurrent Mark From Roots 8.391ms
[2018-10-23T23:19:40.358-0400][gc,marking    ] GC(22) Concurrent Mark (3438.324s, 3438.332s) 8.412ms
[2018-10-23T23:19:40.358-0400][gc,start      ] GC(22) Pause Remark
[2018-10-23T23:19:40.365-0400][gc,stringtable] GC(22) Cleaned string and symbol table, strings: 14736 processed, 0 removed, symbols: 96045 processed, 1 removed
[2018-10-23T23:19:40.365-0400][gc            ] GC(22) Pause Remark 146M->146M(1024M) 7.101ms
[2018-10-23T23:19:40.365-0400][gc,cpu        ] GC(22) User=0.03s Sys=0.00s Real=0.01s
[2018-10-23T23:19:40.365-0400][gc,marking    ] GC(22) Concurrent Create Live Data
[2018-10-23T23:19:40.368-0400][gc,marking    ] GC(22) Concurrent Create Live Data 2.200ms
[2018-10-23T23:19:40.368-0400][gc,start      ] GC(22) Pause Cleanup
[2018-10-23T23:19:40.368-0400][gc            ] GC(22) Pause Cleanup 147M->147M(1024M) 0.596ms
[2018-10-23T23:19:40.368-0400][gc,cpu        ] GC(22) User=0.00s Sys=0.00s Real=0.00s
[2018-10-23T23:19:40.368-0400][gc,marking    ] GC(22) Concurrent Cleanup for Next Mark
[2018-10-23T23:19:40.370-0400][gc,marking    ] GC(22) Concurrent Cleanup for Next Mark 1.483ms
[2018-10-23T23:19:40.370-0400][gc            ] GC(22) Concurrent Cycle 21.909ms
[2018-10-23T23:20:35.699-0400][gc,start      ] GC(23) Pause Initial Mark (G1 Humongous Allocation)
[2018-10-23T23:20:35.699-0400][gc,task       ] GC(23) Using 8 workers of 8 for evacuation
[2018-10-23T23:20:35.705-0400][gc,phases     ] GC(23)   Pre Evacuate Collection Set: 0.1ms
[2018-10-23T23:20:35.705-0400][gc,phases     ] GC(23)   Evacuate Collection Set: 4.7ms
[2018-10-23T23:20:35.705-0400][gc,phases     ] GC(23)   Post Evacuate Collection Set: 0.6ms
[2018-10-23T23:20:35.705-0400][gc,phases     ] GC(23)   Other: 0.3ms
[2018-10-23T23:20:35.705-0400][gc,heap       ] GC(23) Eden regions: 8->0(54)
[2018-10-23T23:20:35.705-0400][gc,heap       ] GC(23) Survivor regions: 3->3(7)
[2018-10-23T23:20:35.705-0400][gc,heap       ] GC(23) Old regions: 12->12
[2018-10-23T23:20:35.705-0400][gc,heap       ] GC(23) Humongous regions: 346->131
[2018-10-23T23:20:35.705-0400][gc,metaspace  ] GC(23) Metaspace: 36429K->36429K(1081344K)
[2018-10-23T23:20:35.705-0400][gc            ] GC(23) Pause Initial Mark (G1 Humongous Allocation) 368M->145M(1024M) 5.742ms
[2018-10-23T23:20:35.705-0400][gc,cpu        ] GC(23) User=0.02s Sys=0.01s Real=0.01s
[2018-10-23T23:20:35.705-0400][gc            ] GC(24) Concurrent Cycle
[2018-10-23T23:20:35.705-0400][gc,marking    ] GC(24) Concurrent Clear Claimed Marks
[2018-10-23T23:20:35.705-0400][gc,marking    ] GC(24) Concurrent Clear Claimed Marks 0.013ms
[2018-10-23T23:20:35.705-0400][gc,marking    ] GC(24) Concurrent Scan Root Regions
[2018-10-23T23:20:35.706-0400][gc,marking    ] GC(24) Concurrent Scan Root Regions 1.430ms
[2018-10-23T23:20:35.706-0400][gc,marking    ] GC(24) Concurrent Mark (3493.680s)
[2018-10-23T23:20:35.706-0400][gc,marking    ] GC(24) Concurrent Mark From Roots
[2018-10-23T23:20:35.706-0400][gc,task       ] GC(24) Using 2 workers of 2 for marking
[2018-10-23T23:20:35.714-0400][gc,marking    ] GC(24) Concurrent Mark From Roots 7.990ms
[2018-10-23T23:20:35.714-0400][gc,marking    ] GC(24) Concurrent Mark (3493.680s, 3493.688s) 8.033ms
[2018-10-23T23:20:35.715-0400][gc,start      ] GC(24) Pause Remark
[2018-10-23T23:20:35.720-0400][gc,stringtable] GC(24) Cleaned string and symbol table, strings: 14740 processed, 0 removed, symbols: 96044 processed, 0 removed
[2018-10-23T23:20:35.720-0400][gc            ] GC(24) Pause Remark 147M->147M(1024M) 5.597ms
[2018-10-23T23:20:35.720-0400][gc,cpu        ] GC(24) User=0.04s Sys=0.00s Real=0.00s
[2018-10-23T23:20:35.720-0400][gc,marking    ] GC(24) Concurrent Create Live Data
[2018-10-23T23:20:35.722-0400][gc,marking    ] GC(24) Concurrent Create Live Data 2.098ms
[2018-10-23T23:20:35.723-0400][gc,start      ] GC(24) Pause Cleanup
[2018-10-23T23:20:35.723-0400][gc            ] GC(24) Pause Cleanup 147M->147M(1024M) 0.543ms
[2018-10-23T23:20:35.723-0400][gc,cpu        ] GC(24) User=0.01s Sys=0.00s Real=0.00s
[2018-10-23T23:20:35.723-0400][gc,marking    ] GC(24) Concurrent Cleanup for Next Mark
[2018-10-23T23:20:35.725-0400][gc,marking    ] GC(24) Concurrent Cleanup for Next Mark 1.351ms
[2018-10-23T23:20:35.725-0400][gc            ] GC(24) Concurrent Cycle 19.816ms
[2018-10-23T23:23:25.261-0400][gc,start      ] GC(25) Pause Initial Mark (G1 Humongous Allocation)
[2018-10-23T23:23:25.261-0400][gc,task       ] GC(25) Using 8 workers of 8 for evacuation
[2018-10-23T23:23:25.265-0400][gc,phases     ] GC(25)   Pre Evacuate Collection Set: 0.1ms
[2018-10-23T23:23:25.265-0400][gc,phases     ] GC(25)   Evacuate Collection Set: 2.8ms
[2018-10-23T23:23:25.265-0400][gc,phases     ] GC(25)   Post Evacuate Collection Set: 0.6ms
[2018-10-23T23:23:25.265-0400][gc,phases     ] GC(25)   Other: 0.4ms
[2018-10-23T23:23:25.265-0400][gc,heap       ] GC(25) Eden regions: 31->0(81)
[2018-10-23T23:23:25.265-0400][gc,heap       ] GC(25) Survivor regions: 3->3(8)
[2018-10-23T23:23:25.265-0400][gc,heap       ] GC(25) Old regions: 12->12
[2018-10-23T23:23:25.265-0400][gc,heap       ] GC(25) Humongous regions: 346->130
[2018-10-23T23:23:25.265-0400][gc,metaspace  ] GC(25) Metaspace: 36460K->36460K(1083392K)
[2018-10-23T23:23:25.265-0400][gc            ] GC(25) Pause Initial Mark (G1 Humongous Allocation) 390M->144M(1024M) 3.878ms
[2018-10-23T23:23:25.265-0400][gc,cpu        ] GC(25) User=0.02s Sys=0.00s Real=0.01s
[2018-10-23T23:23:25.265-0400][gc            ] GC(26) Concurrent Cycle
[2018-10-23T23:23:25.265-0400][gc,marking    ] GC(26) Concurrent Clear Claimed Marks
[2018-10-23T23:23:25.265-0400][gc,marking    ] GC(26) Concurrent Clear Claimed Marks 0.016ms
[2018-10-23T23:23:25.265-0400][gc,marking    ] GC(26) Concurrent Scan Root Regions
[2018-10-23T23:23:25.267-0400][gc,marking    ] GC(26) Concurrent Scan Root Regions 1.648ms
[2018-10-23T23:23:25.267-0400][gc,marking    ] GC(26) Concurrent Mark (3663.241s)
[2018-10-23T23:23:25.267-0400][gc,marking    ] GC(26) Concurrent Mark From Roots
[2018-10-23T23:23:25.267-0400][gc,task       ] GC(26) Using 2 workers of 2 for marking
[2018-10-23T23:23:25.277-0400][gc,marking    ] GC(26) Concurrent Mark From Roots 10.128ms
[2018-10-23T23:23:25.277-0400][gc,marking    ] GC(26) Concurrent Mark (3663.241s, 3663.251s) 10.167ms
[2018-10-23T23:23:25.277-0400][gc,start      ] GC(26) Pause Remark
[2018-10-23T23:23:25.283-0400][gc,stringtable] GC(26) Cleaned string and symbol table, strings: 14746 processed, 0 removed, symbols: 96085 processed, 0 removed
[2018-10-23T23:23:25.283-0400][gc            ] GC(26) Pause Remark 147M->147M(1024M) 5.713ms
[2018-10-23T23:23:25.283-0400][gc,cpu        ] GC(26) User=0.04s Sys=0.00s Real=0.01s
[2018-10-23T23:23:25.283-0400][gc,marking    ] GC(26) Concurrent Create Live Data
[2018-10-23T23:23:25.285-0400][gc,marking    ] GC(26) Concurrent Create Live Data 2.103ms
[2018-10-23T23:23:25.285-0400][gc,start      ] GC(26) Pause Cleanup
[2018-10-23T23:23:25.286-0400][gc            ] GC(26) Pause Cleanup 148M->148M(1024M) 0.635ms
[2018-10-23T23:23:25.286-0400][gc,cpu        ] GC(26) User=0.00s Sys=0.00s Real=0.00s
[2018-10-23T23:23:25.286-0400][gc,marking    ] GC(26) Concurrent Cleanup for Next Mark
[2018-10-23T23:23:25.288-0400][gc,marking    ] GC(26) Concurrent Cleanup for Next Mark 1.626ms
[2018-10-23T23:23:25.288-0400][gc            ] GC(26) Concurrent Cycle 22.502ms
[2018-10-23T23:27:17.520-0400][gc,start      ] GC(27) Pause Initial Mark (G1 Humongous Allocation)
[2018-10-23T23:27:17.520-0400][gc,task       ] GC(27) Using 8 workers of 8 for evacuation
[2018-10-23T23:27:17.524-0400][gc,phases     ] GC(27)   Pre Evacuate Collection Set: 0.1ms
[2018-10-23T23:27:17.524-0400][gc,phases     ] GC(27)   Evacuate Collection Set: 2.9ms
[2018-10-23T23:27:17.524-0400][gc,phases     ] GC(27)   Post Evacuate Collection Set: 0.7ms
[2018-10-23T23:27:17.524-0400][gc,phases     ] GC(27)   Other: 0.4ms
[2018-10-23T23:27:17.524-0400][gc,heap       ] GC(27) Eden regions: 40->0(104)
[2018-10-23T23:27:17.524-0400][gc,heap       ] GC(27) Survivor regions: 3->4(11)
[2018-10-23T23:27:17.524-0400][gc,heap       ] GC(27) Old regions: 12->12
[2018-10-23T23:27:17.524-0400][gc,heap       ] GC(27) Humongous regions: 346->130
[2018-10-23T23:27:17.524-0400][gc,metaspace  ] GC(27) Metaspace: 36494K->36494K(1083392K)
[2018-10-23T23:27:17.524-0400][gc            ] GC(27) Pause Initial Mark (G1 Humongous Allocation) 399M->144M(1024M) 4.090ms
[2018-10-23T23:27:17.524-0400][gc,cpu        ] GC(27) User=0.03s Sys=0.00s Real=0.01s
[2018-10-23T23:27:17.524-0400][gc            ] GC(28) Concurrent Cycle
[2018-10-23T23:27:17.524-0400][gc,marking    ] GC(28) Concurrent Clear Claimed Marks
[2018-10-23T23:27:17.524-0400][gc,marking    ] GC(28) Concurrent Clear Claimed Marks 0.025ms
[2018-10-23T23:27:17.524-0400][gc,marking    ] GC(28) Concurrent Scan Root Regions
[2018-10-23T23:27:17.525-0400][gc,marking    ] GC(28) Concurrent Scan Root Regions 1.554ms
[2018-10-23T23:27:17.525-0400][gc,marking    ] GC(28) Concurrent Mark (3895.499s)
[2018-10-23T23:27:17.525-0400][gc,marking    ] GC(28) Concurrent Mark From Roots
[2018-10-23T23:27:17.525-0400][gc,task       ] GC(28) Using 2 workers of 2 for marking
[2018-10-23T23:27:17.534-0400][gc,marking    ] GC(28) Concurrent Mark From Roots 8.283ms
[2018-10-23T23:27:17.534-0400][gc,marking    ] GC(28) Concurrent Mark (3895.499s, 3895.508s) 8.308ms
[2018-10-23T23:27:17.534-0400][gc,start      ] GC(28) Pause Remark
[2018-10-23T23:27:17.539-0400][gc,stringtable] GC(28) Cleaned string and symbol table, strings: 14755 processed, 0 removed, symbols: 96085 processed, 0 removed
[2018-10-23T23:27:17.539-0400][gc            ] GC(28) Pause Remark 147M->147M(1024M) 5.363ms
[2018-10-23T23:27:17.539-0400][gc,cpu        ] GC(28) User=0.04s Sys=0.00s Real=0.00s
[2018-10-23T23:27:17.540-0400][gc,marking    ] GC(28) Concurrent Create Live Data
[2018-10-23T23:27:17.542-0400][gc,marking    ] GC(28) Concurrent Create Live Data 2.006ms
[2018-10-23T23:27:17.542-0400][gc,start      ] GC(28) Pause Cleanup
[2018-10-23T23:27:17.543-0400][gc            ] GC(28) Pause Cleanup 147M->147M(1024M) 0.716ms
[2018-10-23T23:27:17.543-0400][gc,cpu        ] GC(28) User=0.00s Sys=0.00s Real=0.01s
[2018-10-23T23:27:17.543-0400][gc,marking    ] GC(28) Concurrent Cleanup for Next Mark
[2018-10-23T23:27:17.544-0400][gc,marking    ] GC(28) Concurrent Cleanup for Next Mark 1.403ms
[2018-10-23T23:27:17.544-0400][gc            ] GC(28) Concurrent Cycle 20.286ms
[2018-10-23T23:29:41.020-0400][gc,start      ] GC(29) Pause Initial Mark (G1 Humongous Allocation)
[2018-10-23T23:29:41.020-0400][gc,task       ] GC(29) Using 8 workers of 8 for evacuation
[2018-10-23T23:29:41.023-0400][gc,phases     ] GC(29)   Pre Evacuate Collection Set: 0.1ms
[2018-10-23T23:29:41.023-0400][gc,phases     ] GC(29)   Evacuate Collection Set: 2.9ms
[2018-10-23T23:29:41.023-0400][gc,phases     ] GC(29)   Post Evacuate Collection Set: 0.7ms
[2018-10-23T23:29:41.023-0400][gc,phases     ] GC(29)   Other: 0.3ms
[2018-10-23T23:29:41.023-0400][gc,heap       ] GC(29) Eden regions: 42->0(154)
[2018-10-23T23:29:41.023-0400][gc,heap       ] GC(29) Survivor regions: 4->4(14)
[2018-10-23T23:29:41.023-0400][gc,heap       ] GC(29) Old regions: 12->12
[2018-10-23T23:29:41.023-0400][gc,heap       ] GC(29) Humongous regions: 346->130
[2018-10-23T23:29:41.024-0400][gc,metaspace  ] GC(29) Metaspace: 36496K->36496K(1083392K)
[2018-10-23T23:29:41.024-0400][gc            ] GC(29) Pause Initial Mark (G1 Humongous Allocation) 402M->144M(1024M) 4.026ms
[2018-10-23T23:29:41.024-0400][gc,cpu        ] GC(29) User=0.03s Sys=0.00s Real=0.01s
[2018-10-23T23:29:41.024-0400][gc            ] GC(30) Concurrent Cycle
[2018-10-23T23:29:41.024-0400][gc,marking    ] GC(30) Concurrent Clear Claimed Marks
[2018-10-23T23:29:41.024-0400][gc,marking    ] GC(30) Concurrent Clear Claimed Marks 0.014ms
[2018-10-23T23:29:41.024-0400][gc,marking    ] GC(30) Concurrent Scan Root Regions
[2018-10-23T23:29:41.025-0400][gc,marking    ] GC(30) Concurrent Scan Root Regions 1.570ms
[2018-10-23T23:29:41.025-0400][gc,marking    ] GC(30) Concurrent Mark (4038.999s)
[2018-10-23T23:29:41.025-0400][gc,marking    ] GC(30) Concurrent Mark From Roots
[2018-10-23T23:29:41.025-0400][gc,task       ] GC(30) Using 2 workers of 2 for marking
[2018-10-23T23:29:41.034-0400][gc,marking    ] GC(30) Concurrent Mark From Roots 8.353ms
[2018-10-23T23:29:41.034-0400][gc,marking    ] GC(30) Concurrent Mark (4038.999s, 4039.008s) 8.378ms
[2018-10-23T23:29:41.034-0400][gc,start      ] GC(30) Pause Remark
[2018-10-23T23:29:41.039-0400][gc,stringtable] GC(30) Cleaned string and symbol table, strings: 14759 processed, 0 removed, symbols: 96085 processed, 0 removed
[2018-10-23T23:29:41.039-0400][gc            ] GC(30) Pause Remark 147M->147M(1024M) 5.401ms
[2018-10-23T23:29:41.039-0400][gc,cpu        ] GC(30) User=0.04s Sys=0.00s Real=0.00s
[2018-10-23T23:29:41.039-0400][gc,marking    ] GC(30) Concurrent Create Live Data
[2018-10-23T23:29:41.041-0400][gc,marking    ] GC(30) Concurrent Create Live Data 1.954ms
[2018-10-23T23:29:41.041-0400][gc,start      ] GC(30) Pause Cleanup
[2018-10-23T23:29:41.042-0400][gc            ] GC(30) Pause Cleanup 147M->147M(1024M) 0.530ms
[2018-10-23T23:29:41.042-0400][gc,cpu        ] GC(30) User=0.01s Sys=0.00s Real=0.01s
[2018-10-23T23:29:41.042-0400][gc,marking    ] GC(30) Concurrent Cleanup for Next Mark
[2018-10-23T23:29:41.043-0400][gc,marking    ] GC(30) Concurrent Cleanup for Next Mark 1.343ms
[2018-10-23T23:29:41.043-0400][gc            ] GC(30) Concurrent Cycle 19.849ms
[2018-10-23T23:30:12.114-0400][gc,start      ] GC(31) Pause Initial Mark (G1 Humongous Allocation)
[2018-10-23T23:30:12.114-0400][gc,task       ] GC(31) Using 8 workers of 8 for evacuation
[2018-10-23T23:30:12.118-0400][gc,phases     ] GC(31)   Pre Evacuate Collection Set: 0.1ms
[2018-10-23T23:30:12.118-0400][gc,phases     ] GC(31)   Evacuate Collection Set: 2.8ms
[2018-10-23T23:30:12.118-0400][gc,phases     ] GC(31)   Post Evacuate Collection Set: 0.6ms
[2018-10-23T23:30:12.118-0400][gc,phases     ] GC(31)   Other: 0.4ms
[2018-10-23T23:30:12.118-0400][gc,heap       ] GC(31) Eden regions: 9->0(233)
[2018-10-23T23:30:12.118-0400][gc,heap       ] GC(31) Survivor regions: 4->4(20)
[2018-10-23T23:30:12.118-0400][gc,heap       ] GC(31) Old regions: 12->12
[2018-10-23T23:30:12.118-0400][gc,heap       ] GC(31) Humongous regions: 346->130
[2018-10-23T23:30:12.118-0400][gc,metaspace  ] GC(31) Metaspace: 36497K->36497K(1083392K)
[2018-10-23T23:30:12.118-0400][gc            ] GC(31) Pause Initial Mark (G1 Humongous Allocation) 368M->144M(1024M) 3.846ms
[2018-10-23T23:30:12.118-0400][gc,cpu        ] GC(31) User=0.02s Sys=0.00s Real=0.00s
[2018-10-23T23:30:12.118-0400][gc            ] GC(32) Concurrent Cycle
[2018-10-23T23:30:12.118-0400][gc,marking    ] GC(32) Concurrent Clear Claimed Marks
[2018-10-23T23:30:12.118-0400][gc,marking    ] GC(32) Concurrent Clear Claimed Marks 0.016ms
[2018-10-23T23:30:12.118-0400][gc,marking    ] GC(32) Concurrent Scan Root Regions
[2018-10-23T23:30:12.120-0400][gc,marking    ] GC(32) Concurrent Scan Root Regions 1.426ms
[2018-10-23T23:30:12.120-0400][gc,marking    ] GC(32) Concurrent Mark (4070.094s)
[2018-10-23T23:30:12.120-0400][gc,marking    ] GC(32) Concurrent Mark From Roots
[2018-10-23T23:30:12.120-0400][gc,task       ] GC(32) Using 2 workers of 2 for marking
[2018-10-23T23:30:12.128-0400][gc,marking    ] GC(32) Concurrent Mark From Roots 8.285ms
[2018-10-23T23:30:12.128-0400][gc,marking    ] GC(32) Concurrent Mark (4070.094s, 4070.102s) 8.329ms
[2018-10-23T23:30:12.128-0400][gc,start      ] GC(32) Pause Remark
[2018-10-23T23:30:12.134-0400][gc,stringtable] GC(32) Cleaned string and symbol table, strings: 14759 processed, 0 removed, symbols: 96085 processed, 0 removed
[2018-10-23T23:30:12.134-0400][gc            ] GC(32) Pause Remark 148M->148M(1024M) 5.682ms
[2018-10-23T23:30:12.134-0400][gc,cpu        ] GC(32) User=0.03s Sys=0.00s Real=0.01s
[2018-10-23T23:30:12.134-0400][gc,marking    ] GC(32) Concurrent Create Live Data
[2018-10-23T23:30:12.136-0400][gc,marking    ] GC(32) Concurrent Create Live Data 2.125ms
[2018-10-23T23:30:12.136-0400][gc,start      ] GC(32) Pause Cleanup
[2018-10-23T23:30:12.137-0400][gc            ] GC(32) Pause Cleanup 148M->148M(1024M) 0.511ms
[2018-10-23T23:30:12.137-0400][gc,cpu        ] GC(32) User=0.00s Sys=0.00s Real=0.00s
[2018-10-23T23:30:12.137-0400][gc,marking    ] GC(32) Concurrent Cleanup for Next Mark
[2018-10-23T23:30:12.138-0400][gc,marking    ] GC(32) Concurrent Cleanup for Next Mark 1.424ms
[2018-10-23T23:30:12.138-0400][gc            ] GC(32) Concurrent Cycle 20.220ms
[2018-10-23T23:36:12.363-0400][gc,start      ] GC(33) Pause Initial Mark (G1 Humongous Allocation)
[2018-10-23T23:36:12.363-0400][gc,task       ] GC(33) Using 8 workers of 8 for evacuation
[2018-10-23T23:36:12.367-0400][gc,phases     ] GC(33)   Pre Evacuate Collection Set: 0.1ms
[2018-10-23T23:36:12.367-0400][gc,phases     ] GC(33)   Evacuate Collection Set: 3.2ms
[2018-10-23T23:36:12.367-0400][gc,phases     ] GC(33)   Post Evacuate Collection Set: 0.7ms
[2018-10-23T23:36:12.367-0400][gc,phases     ] GC(33)   Other: 0.4ms
[2018-10-23T23:36:12.367-0400][gc,heap       ] GC(33) Eden regions: 32->0(354)
[2018-10-23T23:36:12.367-0400][gc,heap       ] GC(33) Survivor regions: 4->4(30)
[2018-10-23T23:36:12.367-0400][gc,heap       ] GC(33) Old regions: 12->12
[2018-10-23T23:36:12.367-0400][gc,heap       ] GC(33) Humongous regions: 346->130
[2018-10-23T23:36:12.367-0400][gc,metaspace  ] GC(33) Metaspace: 36499K->36499K(1083392K)
[2018-10-23T23:36:12.368-0400][gc            ] GC(33) Pause Initial Mark (G1 Humongous Allocation) 392M->144M(1024M) 4.386ms
[2018-10-23T23:36:12.368-0400][gc,cpu        ] GC(33) User=0.02s Sys=0.00s Real=0.00s
[2018-10-23T23:36:12.368-0400][gc            ] GC(34) Concurrent Cycle
[2018-10-23T23:36:12.368-0400][gc,marking    ] GC(34) Concurrent Clear Claimed Marks
[2018-10-23T23:36:12.368-0400][gc,marking    ] GC(34) Concurrent Clear Claimed Marks 0.018ms
[2018-10-23T23:36:12.368-0400][gc,marking    ] GC(34) Concurrent Scan Root Regions
[2018-10-23T23:36:12.369-0400][gc,marking    ] GC(34) Concurrent Scan Root Regions 1.826ms
[2018-10-23T23:36:12.369-0400][gc,marking    ] GC(34) Concurrent Mark (4430.344s)
[2018-10-23T23:36:12.369-0400][gc,marking    ] GC(34) Concurrent Mark From Roots
[2018-10-23T23:36:12.369-0400][gc,task       ] GC(34) Using 2 workers of 2 for marking
[2018-10-23T23:36:12.377-0400][gc,marking    ] GC(34) Concurrent Mark From Roots 7.547ms
[2018-10-23T23:36:12.377-0400][gc,marking    ] GC(34) Concurrent Mark (4430.344s, 4430.351s) 7.578ms
[2018-10-23T23:36:12.377-0400][gc,start      ] GC(34) Pause Remark
[2018-10-23T23:36:12.383-0400][gc,stringtable] GC(34) Cleaned string and symbol table, strings: 14770 processed, 0 removed, symbols: 96085 processed, 0 removed
[2018-10-23T23:36:12.383-0400][gc            ] GC(34) Pause Remark 147M->147M(1024M) 5.601ms
[2018-10-23T23:36:12.383-0400][gc,cpu        ] GC(34) User=0.04s Sys=0.00s Real=0.01s
[2018-10-23T23:36:12.383-0400][gc,marking    ] GC(34) Concurrent Create Live Data
[2018-10-23T23:36:12.385-0400][gc,marking    ] GC(34) Concurrent Create Live Data 1.956ms
[2018-10-23T23:36:12.385-0400][gc,start      ] GC(34) Pause Cleanup
[2018-10-23T23:36:12.386-0400][gc            ] GC(34) Pause Cleanup 147M->147M(1024M) 0.656ms
[2018-10-23T23:36:12.386-0400][gc,cpu        ] GC(34) User=0.00s Sys=0.00s Real=0.00s
[2018-10-23T23:36:12.386-0400][gc,marking    ] GC(34) Concurrent Cleanup for Next Mark
[2018-10-23T23:36:12.388-0400][gc,marking    ] GC(34) Concurrent Cleanup for Next Mark 1.530ms
[2018-10-23T23:36:12.388-0400][gc            ] GC(34) Concurrent Cycle 19.988ms
[2018-10-23T23:38:35.674-0400][gc,start      ] GC(35) Pause Initial Mark (G1 Humongous Allocation)
[2018-10-23T23:38:35.674-0400][gc,task       ] GC(35) Using 8 workers of 8 for evacuation
[2018-10-23T23:38:35.678-0400][gc,phases     ] GC(35)   Pre Evacuate Collection Set: 0.1ms
[2018-10-23T23:38:35.678-0400][gc,phases     ] GC(35)   Evacuate Collection Set: 2.9ms
[2018-10-23T23:38:35.678-0400][gc,phases     ] GC(35)   Post Evacuate Collection Set: 0.7ms
[2018-10-23T23:38:35.678-0400][gc,phases     ] GC(35)   Other: 0.3ms
[2018-10-23T23:38:35.678-0400][gc,heap       ] GC(35) Eden regions: 18->0(496)
[2018-10-23T23:38:35.678-0400][gc,heap       ] GC(35) Survivor regions: 4->4(45)
[2018-10-23T23:38:35.678-0400][gc,heap       ] GC(35) Old regions: 12->12
[2018-10-23T23:38:35.678-0400][gc,heap       ] GC(35) Humongous regions: 346->130
[2018-10-23T23:38:35.678-0400][gc,metaspace  ] GC(35) Metaspace: 36500K->36500K(1083392K)
[2018-10-23T23:38:35.678-0400][gc            ] GC(35) Pause Initial Mark (G1 Humongous Allocation) 377M->144M(1024M) 4.100ms
[2018-10-23T23:38:35.678-0400][gc,cpu        ] GC(35) User=0.03s Sys=0.00s Real=0.01s
[2018-10-23T23:38:35.678-0400][gc            ] GC(36) Concurrent Cycle
[2018-10-23T23:38:35.678-0400][gc,marking    ] GC(36) Concurrent Clear Claimed Marks
[2018-10-23T23:38:35.678-0400][gc,marking    ] GC(36) Concurrent Clear Claimed Marks 0.013ms
[2018-10-23T23:38:35.678-0400][gc,marking    ] GC(36) Concurrent Scan Root Regions
[2018-10-23T23:38:35.680-0400][gc,marking    ] GC(36) Concurrent Scan Root Regions 1.494ms
[2018-10-23T23:38:35.680-0400][gc,marking    ] GC(36) Concurrent Mark (4573.654s)
[2018-10-23T23:38:35.680-0400][gc,marking    ] GC(36) Concurrent Mark From Roots
[2018-10-23T23:38:35.680-0400][gc,task       ] GC(36) Using 2 workers of 2 for marking
[2018-10-23T23:38:35.689-0400][gc,marking    ] GC(36) Concurrent Mark From Roots 8.983ms
[2018-10-23T23:38:35.689-0400][gc,marking    ] GC(36) Concurrent Mark (4573.654s, 4573.663s) 9.012ms
[2018-10-23T23:38:35.689-0400][gc,start      ] GC(36) Pause Remark
[2018-10-23T23:38:35.694-0400][gc,stringtable] GC(36) Cleaned string and symbol table, strings: 14770 processed, 0 removed, symbols: 96085 processed, 0 removed
[2018-10-23T23:38:35.695-0400][gc            ] GC(36) Pause Remark 149M->149M(1024M) 5.661ms
[2018-10-23T23:38:35.695-0400][gc,cpu        ] GC(36) User=0.04s Sys=0.00s Real=0.01s
[2018-10-23T23:38:35.695-0400][gc,marking    ] GC(36) Concurrent Create Live Data
[2018-10-23T23:38:35.697-0400][gc,marking    ] GC(36) Concurrent Create Live Data 2.062ms
[2018-10-23T23:38:35.697-0400][gc,start      ] GC(36) Pause Cleanup
[2018-10-23T23:38:35.697-0400][gc            ] GC(36) Pause Cleanup 149M->149M(1024M) 0.517ms
[2018-10-23T23:38:35.697-0400][gc,cpu        ] GC(36) User=0.00s Sys=0.00s Real=0.00s
[2018-10-23T23:38:35.697-0400][gc,marking    ] GC(36) Concurrent Cleanup for Next Mark
[2018-10-23T23:38:35.699-0400][gc,marking    ] GC(36) Concurrent Cleanup for Next Mark 1.425ms
[2018-10-23T23:38:35.699-0400][gc            ] GC(36) Concurrent Cycle 20.886ms
[2018-10-23T23:39:35.500-0400][gc,start      ] GC(37) Pause Initial Mark (G1 Humongous Allocation)
[2018-10-23T23:39:35.500-0400][gc,task       ] GC(37) Using 8 workers of 8 for evacuation
[2018-10-23T23:39:35.504-0400][gc,phases     ] GC(37)   Pre Evacuate Collection Set: 0.1ms
[2018-10-23T23:39:35.504-0400][gc,phases     ] GC(37)   Evacuate Collection Set: 2.9ms
[2018-10-23T23:39:35.504-0400][gc,phases     ] GC(37)   Post Evacuate Collection Set: 0.6ms
[2018-10-23T23:39:35.504-0400][gc,phases     ] GC(37)   Other: 0.3ms
[2018-10-23T23:39:35.504-0400][gc,heap       ] GC(37) Eden regions: 14->0(576)
[2018-10-23T23:39:35.504-0400][gc,heap       ] GC(37) Survivor regions: 4->4(63)
[2018-10-23T23:39:35.504-0400][gc,heap       ] GC(37) Old regions: 12->12
[2018-10-23T23:39:35.504-0400][gc,heap       ] GC(37) Humongous regions: 346->130
[2018-10-23T23:39:35.504-0400][gc,metaspace  ] GC(37) Metaspace: 36500K->36500K(1083392K)
[2018-10-23T23:39:35.504-0400][gc            ] GC(37) Pause Initial Mark (G1 Humongous Allocation) 374M->144M(1024M) 3.970ms
[2018-10-23T23:39:35.504-0400][gc,cpu        ] GC(37) User=0.02s Sys=0.00s Real=0.01s
[2018-10-23T23:39:35.504-0400][gc            ] GC(38) Concurrent Cycle
[2018-10-23T23:39:35.504-0400][gc,marking    ] GC(38) Concurrent Clear Claimed Marks
[2018-10-23T23:39:35.504-0400][gc,marking    ] GC(38) Concurrent Clear Claimed Marks 0.025ms
[2018-10-23T23:39:35.504-0400][gc,marking    ] GC(38) Concurrent Scan Root Regions
[2018-10-23T23:39:35.506-0400][gc,marking    ] GC(38) Concurrent Scan Root Regions 1.584ms
[2018-10-23T23:39:35.506-0400][gc,marking    ] GC(38) Concurrent Mark (4633.480s)
[2018-10-23T23:39:35.506-0400][gc,marking    ] GC(38) Concurrent Mark From Roots
[2018-10-23T23:39:35.506-0400][gc,task       ] GC(38) Using 2 workers of 2 for marking
[2018-10-23T23:39:35.513-0400][gc,marking    ] GC(38) Concurrent Mark From Roots 7.580ms
[2018-10-23T23:39:35.513-0400][gc,marking    ] GC(38) Concurrent Mark (4633.480s, 4633.487s) 7.611ms
[2018-10-23T23:39:35.514-0400][gc,start      ] GC(38) Pause Remark
[2018-10-23T23:39:35.519-0400][gc,stringtable] GC(38) Cleaned string and symbol table, strings: 14770 processed, 0 removed, symbols: 96085 processed, 0 removed
[2018-10-23T23:39:35.519-0400][gc            ] GC(38) Pause Remark 148M->148M(1024M) 5.908ms
[2018-10-23T23:39:35.520-0400][gc,cpu        ] GC(38) User=0.04s Sys=0.00s Real=0.01s
[2018-10-23T23:39:35.520-0400][gc,marking    ] GC(38) Concurrent Create Live Data
[2018-10-23T23:39:35.522-0400][gc,marking    ] GC(38) Concurrent Create Live Data 2.086ms
[2018-10-23T23:39:35.522-0400][gc,start      ] GC(38) Pause Cleanup
[2018-10-23T23:39:35.522-0400][gc            ] GC(38) Pause Cleanup 148M->148M(1024M) 0.494ms
[2018-10-23T23:39:35.522-0400][gc,cpu        ] GC(38) User=0.00s Sys=0.00s Real=0.00s
[2018-10-23T23:39:35.522-0400][gc,marking    ] GC(38) Concurrent Cleanup for Next Mark
[2018-10-23T23:39:35.524-0400][gc,marking    ] GC(38) Concurrent Cleanup for Next Mark 1.502ms
[2018-10-23T23:39:35.524-0400][gc            ] GC(38) Concurrent Cycle 20.028ms
[2018-10-23T23:40:50.508-0400][gc,start      ] GC(39) Pause Initial Mark (G1 Humongous Allocation)
[2018-10-23T23:40:50.508-0400][gc,task       ] GC(39) Using 8 workers of 8 for evacuation
[2018-10-23T23:40:50.512-0400][gc,phases     ] GC(39)   Pre Evacuate Collection Set: 0.1ms
[2018-10-23T23:40:50.512-0400][gc,phases     ] GC(39)   Evacuate Collection Set: 2.9ms
[2018-10-23T23:40:50.512-0400][gc,phases     ] GC(39)   Post Evacuate Collection Set: 0.6ms
[2018-10-23T23:40:50.512-0400][gc,phases     ] GC(39)   Other: 0.4ms
[2018-10-23T23:40:50.512-0400][gc,heap       ] GC(39) Eden regions: 15->0(596)
[2018-10-23T23:40:50.512-0400][gc,heap       ] GC(39) Survivor regions: 4->4(73)
[2018-10-23T23:40:50.512-0400][gc,heap       ] GC(39) Old regions: 12->12
[2018-10-23T23:40:50.512-0400][gc,heap       ] GC(39) Humongous regions: 346->130
[2018-10-23T23:40:50.512-0400][gc,metaspace  ] GC(39) Metaspace: 36501K->36501K(1083392K)
[2018-10-23T23:40:50.512-0400][gc            ] GC(39) Pause Initial Mark (G1 Humongous Allocation) 374M->144M(1024M) 4.020ms
[2018-10-23T23:40:50.512-0400][gc,cpu        ] GC(39) User=0.03s Sys=0.00s Real=0.00s
[2018-10-23T23:40:50.512-0400][gc            ] GC(40) Concurrent Cycle
[2018-10-23T23:40:50.512-0400][gc,marking    ] GC(40) Concurrent Clear Claimed Marks
[2018-10-23T23:40:50.512-0400][gc,marking    ] GC(40) Concurrent Clear Claimed Marks 0.039ms
[2018-10-23T23:40:50.512-0400][gc,marking    ] GC(40) Concurrent Scan Root Regions
[2018-10-23T23:40:50.513-0400][gc,marking    ] GC(40) Concurrent Scan Root Regions 1.396ms
[2018-10-23T23:40:50.513-0400][gc,marking    ] GC(40) Concurrent Mark (4708.488s)
[2018-10-23T23:40:50.513-0400][gc,marking    ] GC(40) Concurrent Mark From Roots
[2018-10-23T23:40:50.513-0400][gc,task       ] GC(40) Using 2 workers of 2 for marking
[2018-10-23T23:40:50.523-0400][gc,marking    ] GC(40) Concurrent Mark From Roots 9.595ms
[2018-10-23T23:40:50.523-0400][gc,marking    ] GC(40) Concurrent Mark (4708.488s, 4708.497s) 9.642ms
[2018-10-23T23:40:50.523-0400][gc,start      ] GC(40) Pause Remark
[2018-10-23T23:40:50.529-0400][gc,stringtable] GC(40) Cleaned string and symbol table, strings: 14781 processed, 0 removed, symbols: 96085 processed, 0 removed
[2018-10-23T23:40:50.529-0400][gc            ] GC(40) Pause Remark 148M->148M(1024M) 5.892ms
[2018-10-23T23:40:50.529-0400][gc,cpu        ] GC(40) User=0.04s Sys=0.00s Real=0.00s
[2018-10-23T23:40:50.529-0400][gc,marking    ] GC(40) Concurrent Create Live Data
[2018-10-23T23:40:50.532-0400][gc,marking    ] GC(40) Concurrent Create Live Data 2.242ms
[2018-10-23T23:40:50.532-0400][gc,start      ] GC(40) Pause Cleanup
[2018-10-23T23:40:50.532-0400][gc            ] GC(40) Pause Cleanup 148M->148M(1024M) 0.491ms
[2018-10-23T23:40:50.532-0400][gc,cpu        ] GC(40) User=0.00s Sys=0.00s Real=0.00s
[2018-10-23T23:40:50.532-0400][gc,marking    ] GC(40) Concurrent Cleanup for Next Mark
[2018-10-23T23:40:50.534-0400][gc,marking    ] GC(40) Concurrent Cleanup for Next Mark 1.362ms
[2018-10-23T23:40:50.534-0400][gc            ] GC(40) Concurrent Cycle 21.916ms
[2018-10-23T23:41:24.128-0400][gc,start      ] GC(41) Pause Initial Mark (G1 Humongous Allocation)
[2018-10-23T23:41:24.128-0400][gc,task       ] GC(41) Using 8 workers of 8 for evacuation
[2018-10-23T23:41:24.132-0400][gc,phases     ] GC(41)   Pre Evacuate Collection Set: 0.1ms
[2018-10-23T23:41:24.133-0400][gc,phases     ] GC(41)   Evacuate Collection Set: 3.7ms
[2018-10-23T23:41:24.133-0400][gc,phases     ] GC(41)   Post Evacuate Collection Set: 0.6ms
[2018-10-23T23:41:24.133-0400][gc,phases     ] GC(41)   Other: 0.4ms
[2018-10-23T23:41:24.133-0400][gc,heap       ] GC(41) Eden regions: 14->0(610)
[2018-10-23T23:41:24.133-0400][gc,heap       ] GC(41) Survivor regions: 4->4(75)
[2018-10-23T23:41:24.133-0400][gc,heap       ] GC(41) Old regions: 12->12
[2018-10-23T23:41:24.133-0400][gc,heap       ] GC(41) Humongous regions: 346->130
[2018-10-23T23:41:24.133-0400][gc,metaspace  ] GC(41) Metaspace: 36511K->36511K(1083392K)
[2018-10-23T23:41:24.133-0400][gc            ] GC(41) Pause Initial Mark (G1 Humongous Allocation) 374M->144M(1024M) 4.813ms
[2018-10-23T23:41:24.133-0400][gc,cpu        ] GC(41) User=0.02s Sys=0.00s Real=0.00s
[2018-10-23T23:41:24.133-0400][gc            ] GC(42) Concurrent Cycle
[2018-10-23T23:41:24.133-0400][gc,marking    ] GC(42) Concurrent Clear Claimed Marks
[2018-10-23T23:41:24.133-0400][gc,marking    ] GC(42) Concurrent Clear Claimed Marks 0.012ms
[2018-10-23T23:41:24.133-0400][gc,marking    ] GC(42) Concurrent Scan Root Regions
[2018-10-23T23:41:24.134-0400][gc,marking    ] GC(42) Concurrent Scan Root Regions 1.645ms
[2018-10-23T23:41:24.134-0400][gc,marking    ] GC(42) Concurrent Mark (4742.108s)
[2018-10-23T23:41:24.134-0400][gc,marking    ] GC(42) Concurrent Mark From Roots
[2018-10-23T23:41:24.134-0400][gc,task       ] GC(42) Using 2 workers of 2 for marking
[2018-10-23T23:41:24.145-0400][gc,marking    ] GC(42) Concurrent Mark From Roots 11.009ms
[2018-10-23T23:41:24.145-0400][gc,marking    ] GC(42) Concurrent Mark (4742.108s, 4742.120s) 11.062ms
[2018-10-23T23:41:24.146-0400][gc,start      ] GC(42) Pause Remark
[2018-10-23T23:41:24.152-0400][gc,stringtable] GC(42) Cleaned string and symbol table, strings: 14782 processed, 0 removed, symbols: 96087 processed, 0 removed
[2018-10-23T23:41:24.152-0400][gc            ] GC(42) Pause Remark 148M->148M(1024M) 6.279ms
[2018-10-23T23:41:24.152-0400][gc,cpu        ] GC(42) User=0.03s Sys=0.00s Real=0.00s
[2018-10-23T23:41:24.152-0400][gc,marking    ] GC(42) Concurrent Create Live Data
[2018-10-23T23:41:24.155-0400][gc,marking    ] GC(42) Concurrent Create Live Data 2.542ms
[2018-10-23T23:41:24.155-0400][gc,start      ] GC(42) Pause Cleanup
[2018-10-23T23:41:24.155-0400][gc            ] GC(42) Pause Cleanup 149M->149M(1024M) 0.514ms
[2018-10-23T23:41:24.155-0400][gc,cpu        ] GC(42) User=0.00s Sys=0.00s Real=0.00s
[2018-10-23T23:41:24.155-0400][gc,marking    ] GC(42) Concurrent Cleanup for Next Mark
[2018-10-23T23:41:24.157-0400][gc,marking    ] GC(42) Concurrent Cleanup for Next Mark 1.375ms
[2018-10-23T23:41:24.157-0400][gc            ] GC(42) Concurrent Cycle 24.143ms
[2018-10-23T23:41:37.401-0400][gc,start      ] GC(43) Pause Initial Mark (G1 Humongous Allocation)
[2018-10-23T23:41:37.401-0400][gc,task       ] GC(43) Using 8 workers of 8 for evacuation
[2018-10-23T23:41:37.405-0400][gc,phases     ] GC(43)   Pre Evacuate Collection Set: 0.1ms
[2018-10-23T23:41:37.405-0400][gc,phases     ] GC(43)   Evacuate Collection Set: 3.2ms
[2018-10-23T23:41:37.405-0400][gc,phases     ] GC(43)   Post Evacuate Collection Set: 0.6ms
[2018-10-23T23:41:37.405-0400][gc,phases     ] GC(43)   Other: 0.3ms
[2018-10-23T23:41:37.405-0400][gc,heap       ] GC(43) Eden regions: 13->0(611)
[2018-10-23T23:41:37.405-0400][gc,heap       ] GC(43) Survivor regions: 4->3(77)
[2018-10-23T23:41:37.405-0400][gc,heap       ] GC(43) Old regions: 12->12
[2018-10-23T23:41:37.405-0400][gc,heap       ] GC(43) Humongous regions: 346->130
[2018-10-23T23:41:37.405-0400][gc,metaspace  ] GC(43) Metaspace: 36512K->36512K(1083392K)
[2018-10-23T23:41:37.405-0400][gc            ] GC(43) Pause Initial Mark (G1 Humongous Allocation) 373M->144M(1024M) 4.295ms
[2018-10-23T23:41:37.405-0400][gc,cpu        ] GC(43) User=0.02s Sys=0.00s Real=0.01s
[2018-10-23T23:41:37.405-0400][gc            ] GC(44) Concurrent Cycle
[2018-10-23T23:41:37.405-0400][gc,marking    ] GC(44) Concurrent Clear Claimed Marks
[2018-10-23T23:41:37.405-0400][gc,marking    ] GC(44) Concurrent Clear Claimed Marks 0.015ms
[2018-10-23T23:41:37.405-0400][gc,marking    ] GC(44) Concurrent Scan Root Regions
[2018-10-23T23:41:37.406-0400][gc,marking    ] GC(44) Concurrent Scan Root Regions 1.454ms
[2018-10-23T23:41:37.406-0400][gc,marking    ] GC(44) Concurrent Mark (4755.380s)
[2018-10-23T23:41:37.406-0400][gc,marking    ] GC(44) Concurrent Mark From Roots
[2018-10-23T23:41:37.406-0400][gc,task       ] GC(44) Using 2 workers of 2 for marking
[2018-10-23T23:41:37.415-0400][gc,marking    ] GC(44) Concurrent Mark From Roots 8.588ms
[2018-10-23T23:41:37.415-0400][gc,marking    ] GC(44) Concurrent Mark (4755.380s, 4755.389s) 8.616ms
[2018-10-23T23:41:37.415-0400][gc,start      ] GC(44) Pause Remark
[2018-10-23T23:41:37.421-0400][gc,stringtable] GC(44) Cleaned string and symbol table, strings: 14782 processed, 0 removed, symbols: 96087 processed, 0 removed
[2018-10-23T23:41:37.421-0400][gc            ] GC(44) Pause Remark 148M->148M(1024M) 5.639ms
[2018-10-23T23:41:37.421-0400][gc,cpu        ] GC(44) User=0.03s Sys=0.00s Real=0.00s
[2018-10-23T23:41:37.421-0400][gc,marking    ] GC(44) Concurrent Create Live Data
[2018-10-23T23:41:37.423-0400][gc,marking    ] GC(44) Concurrent Create Live Data 2.128ms
[2018-10-23T23:41:37.423-0400][gc,start      ] GC(44) Pause Cleanup
[2018-10-23T23:41:37.424-0400][gc            ] GC(44) Pause Cleanup 148M->148M(1024M) 0.520ms
[2018-10-23T23:41:37.424-0400][gc,cpu        ] GC(44) User=0.00s Sys=0.00s Real=0.00s
[2018-10-23T23:41:37.424-0400][gc,marking    ] GC(44) Concurrent Cleanup for Next Mark
[2018-10-23T23:41:37.425-0400][gc,marking    ] GC(44) Concurrent Cleanup for Next Mark 1.339ms
[2018-10-23T23:41:37.425-0400][gc            ] GC(44) Concurrent Cycle 20.433ms
[2018-10-23T23:42:06.318-0400][gc,start      ] GC(45) Pause Initial Mark (G1 Humongous Allocation)
[2018-10-23T23:42:06.318-0400][gc,task       ] GC(45) Using 8 workers of 8 for evacuation
[2018-10-23T23:42:06.323-0400][gc,phases     ] GC(45)   Pre Evacuate Collection Set: 0.1ms
[2018-10-23T23:42:06.323-0400][gc,phases     ] GC(45)   Evacuate Collection Set: 3.3ms
[2018-10-23T23:42:06.323-0400][gc,phases     ] GC(45)   Post Evacuate Collection Set: 0.5ms
[2018-10-23T23:42:06.323-0400][gc,phases     ] GC(45)   Other: 0.4ms
[2018-10-23T23:42:06.323-0400][gc,heap       ] GC(45) Eden regions: 14->0(416)
[2018-10-23T23:42:06.323-0400][gc,heap       ] GC(45) Survivor regions: 3->3(77)
[2018-10-23T23:42:06.323-0400][gc,heap       ] GC(45) Old regions: 12->12
[2018-10-23T23:42:06.323-0400][gc,heap       ] GC(45) Humongous regions: 346->130
[2018-10-23T23:42:06.323-0400][gc,metaspace  ] GC(45) Metaspace: 36513K->36513K(1083392K)
[2018-10-23T23:42:06.323-0400][gc            ] GC(45) Pause Initial Mark (G1 Humongous Allocation) 374M->144M(1024M) 4.383ms
[2018-10-23T23:42:06.323-0400][gc,cpu        ] GC(45) User=0.02s Sys=0.00s Real=0.01s
[2018-10-23T23:42:06.323-0400][gc            ] GC(46) Concurrent Cycle
[2018-10-23T23:42:06.323-0400][gc,marking    ] GC(46) Concurrent Clear Claimed Marks
[2018-10-23T23:42:06.323-0400][gc,marking    ] GC(46) Concurrent Clear Claimed Marks 0.012ms
[2018-10-23T23:42:06.323-0400][gc,marking    ] GC(46) Concurrent Scan Root Regions
[2018-10-23T23:42:06.324-0400][gc,marking    ] GC(46) Concurrent Scan Root Regions 1.325ms
[2018-10-23T23:42:06.324-0400][gc,marking    ] GC(46) Concurrent Mark (4784.298s)
[2018-10-23T23:42:06.324-0400][gc,marking    ] GC(46) Concurrent Mark From Roots
[2018-10-23T23:42:06.324-0400][gc,task       ] GC(46) Using 2 workers of 2 for marking
[2018-10-23T23:42:06.333-0400][gc,marking    ] GC(46) Concurrent Mark From Roots 8.350ms
[2018-10-23T23:42:06.333-0400][gc,marking    ] GC(46) Concurrent Mark (4784.298s, 4784.307s) 8.406ms
[2018-10-23T23:42:06.333-0400][gc,start      ] GC(46) Pause Remark
[2018-10-23T23:42:06.344-0400][gc,stringtable] GC(46) Cleaned string and symbol table, strings: 14789 processed, 0 removed, symbols: 96087 processed, 0 removed
[2018-10-23T23:42:06.344-0400][gc            ] GC(46) Pause Remark 148M->148M(1024M) 11.383ms
[2018-10-23T23:42:06.344-0400][gc,cpu        ] GC(46) User=0.03s Sys=0.01s Real=0.02s
[2018-10-23T23:42:06.344-0400][gc,marking    ] GC(46) Concurrent Create Live Data
[2018-10-23T23:42:06.347-0400][gc,marking    ] GC(46) Concurrent Create Live Data 2.229ms
[2018-10-23T23:42:06.347-0400][gc,start      ] GC(46) Pause Cleanup
[2018-10-23T23:42:06.347-0400][gc            ] GC(46) Pause Cleanup 148M->148M(1024M) 0.532ms
[2018-10-23T23:42:06.347-0400][gc,cpu        ] GC(46) User=0.01s Sys=0.00s Real=0.00s
[2018-10-23T23:42:06.347-0400][gc,marking    ] GC(46) Concurrent Cleanup for Next Mark
[2018-10-23T23:42:06.349-0400][gc,marking    ] GC(46) Concurrent Cleanup for Next Mark 1.593ms
[2018-10-23T23:42:06.349-0400][gc            ] GC(46) Concurrent Cycle 26.289ms
[2018-10-23T23:42:18.592-0400][gc,start      ] GC(47) Pause Initial Mark (G1 Humongous Allocation)
[2018-10-23T23:42:18.592-0400][gc,task       ] GC(47) Using 8 workers of 8 for evacuation
[2018-10-23T23:42:18.596-0400][gc,phases     ] GC(47)   Pre Evacuate Collection Set: 0.1ms
[2018-10-23T23:42:18.596-0400][gc,phases     ] GC(47)   Evacuate Collection Set: 2.8ms
[2018-10-23T23:42:18.596-0400][gc,phases     ] GC(47)   Post Evacuate Collection Set: 0.6ms
[2018-10-23T23:42:18.596-0400][gc,phases     ] GC(47)   Other: 0.3ms
[2018-10-23T23:42:18.596-0400][gc,heap       ] GC(47) Eden regions: 11->0(358)
[2018-10-23T23:42:18.596-0400][gc,heap       ] GC(47) Survivor regions: 3->3(53)
[2018-10-23T23:42:18.596-0400][gc,heap       ] GC(47) Old regions: 12->12
[2018-10-23T23:42:18.596-0400][gc,heap       ] GC(47) Humongous regions: 346->130
[2018-10-23T23:42:18.596-0400][gc,metaspace  ] GC(47) Metaspace: 36513K->36513K(1083392K)
[2018-10-23T23:42:18.596-0400][gc            ] GC(47) Pause Initial Mark (G1 Humongous Allocation) 371M->144M(1024M) 3.765ms
[2018-10-23T23:42:18.596-0400][gc,cpu        ] GC(47) User=0.02s Sys=0.00s Real=0.01s
[2018-10-23T23:42:18.596-0400][gc            ] GC(48) Concurrent Cycle
[2018-10-23T23:42:18.596-0400][gc,marking    ] GC(48) Concurrent Clear Claimed Marks
[2018-10-23T23:42:18.596-0400][gc,marking    ] GC(48) Concurrent Clear Claimed Marks 0.012ms
[2018-10-23T23:42:18.596-0400][gc,marking    ] GC(48) Concurrent Scan Root Regions
[2018-10-23T23:42:18.597-0400][gc,marking    ] GC(48) Concurrent Scan Root Regions 1.429ms
[2018-10-23T23:42:18.597-0400][gc,marking    ] GC(48) Concurrent Mark (4796.571s)
[2018-10-23T23:42:18.597-0400][gc,marking    ] GC(48) Concurrent Mark From Roots
[2018-10-23T23:42:18.597-0400][gc,task       ] GC(48) Using 2 workers of 2 for marking
[2018-10-23T23:42:18.606-0400][gc,marking    ] GC(48) Concurrent Mark From Roots 8.450ms
[2018-10-23T23:42:18.606-0400][gc,marking    ] GC(48) Concurrent Mark (4796.571s, 4796.580s) 8.497ms
[2018-10-23T23:42:18.606-0400][gc,start      ] GC(48) Pause Remark
[2018-10-23T23:42:18.613-0400][gc,stringtable] GC(48) Cleaned string and symbol table, strings: 14800 processed, 0 removed, symbols: 96087 processed, 0 removed
[2018-10-23T23:42:18.613-0400][gc            ] GC(48) Pause Remark 148M->148M(1024M) 7.106ms
[2018-10-23T23:42:18.613-0400][gc,cpu        ] GC(48) User=0.02s Sys=0.00s Real=0.00s
[2018-10-23T23:42:18.613-0400][gc,marking    ] GC(48) Concurrent Create Live Data
[2018-10-23T23:42:18.616-0400][gc,marking    ] GC(48) Concurrent Create Live Data 2.165ms
[2018-10-23T23:42:18.616-0400][gc,start      ] GC(48) Pause Cleanup
[2018-10-23T23:42:18.616-0400][gc            ] GC(48) Pause Cleanup 148M->148M(1024M) 0.573ms
[2018-10-23T23:42:18.616-0400][gc,cpu        ] GC(48) User=0.00s Sys=0.00s Real=0.00s
[2018-10-23T23:42:18.616-0400][gc,marking    ] GC(48) Concurrent Cleanup for Next Mark
[2018-10-23T23:42:18.618-0400][gc,marking    ] GC(48) Concurrent Cleanup for Next Mark 1.393ms
[2018-10-23T23:42:18.618-0400][gc            ] GC(48) Concurrent Cycle 21.919ms
[2018-10-23T23:43:02.547-0400][gc,start      ] GC(49) Pause Initial Mark (G1 Humongous Allocation)
[2018-10-23T23:43:02.547-0400][gc,task       ] GC(49) Using 8 workers of 8 for evacuation
[2018-10-23T23:43:02.552-0400][gc,phases     ] GC(49)   Pre Evacuate Collection Set: 0.1ms
[2018-10-23T23:43:02.552-0400][gc,phases     ] GC(49)   Evacuate Collection Set: 4.5ms
[2018-10-23T23:43:02.552-0400][gc,phases     ] GC(49)   Post Evacuate Collection Set: 0.6ms
[2018-10-23T23:43:02.552-0400][gc,phases     ] GC(49)   Other: 0.3ms
[2018-10-23T23:43:02.552-0400][gc,heap       ] GC(49) Eden regions: 13->0(334)
[2018-10-23T23:43:02.552-0400][gc,heap       ] GC(49) Survivor regions: 3->3(46)
[2018-10-23T23:43:02.552-0400][gc,heap       ] GC(49) Old regions: 12->12
[2018-10-23T23:43:02.552-0400][gc,heap       ] GC(49) Humongous regions: 346->131
[2018-10-23T23:43:02.552-0400][gc,metaspace  ] GC(49) Metaspace: 36516K->36516K(1083392K)
[2018-10-23T23:43:02.552-0400][gc            ] GC(49) Pause Initial Mark (G1 Humongous Allocation) 373M->145M(1024M) 5.584ms
[2018-10-23T23:43:02.552-0400][gc,cpu        ] GC(49) User=0.02s Sys=0.00s Real=0.00s
[2018-10-23T23:43:02.552-0400][gc            ] GC(50) Concurrent Cycle
[2018-10-23T23:43:02.552-0400][gc,marking    ] GC(50) Concurrent Clear Claimed Marks
[2018-10-23T23:43:02.552-0400][gc,marking    ] GC(50) Concurrent Clear Claimed Marks 0.013ms
[2018-10-23T23:43:02.552-0400][gc,marking    ] GC(50) Concurrent Scan Root Regions
[2018-10-23T23:43:02.554-0400][gc,marking    ] GC(50) Concurrent Scan Root Regions 1.316ms
[2018-10-23T23:43:02.554-0400][gc,marking    ] GC(50) Concurrent Mark (4840.528s)
[2018-10-23T23:43:02.554-0400][gc,marking    ] GC(50) Concurrent Mark From Roots
[2018-10-23T23:43:02.554-0400][gc,task       ] GC(50) Using 2 workers of 2 for marking
[2018-10-23T23:43:02.561-0400][gc,marking    ] GC(50) Concurrent Mark From Roots 7.624ms
[2018-10-23T23:43:02.561-0400][gc,marking    ] GC(50) Concurrent Mark (4840.528s, 4840.535s) 7.662ms
[2018-10-23T23:43:02.562-0400][gc,start      ] GC(50) Pause Remark
[2018-10-23T23:43:02.570-0400][gc,stringtable] GC(50) Cleaned string and symbol table, strings: 14800 processed, 0 removed, symbols: 96087 processed, 0 removed
[2018-10-23T23:43:02.570-0400][gc            ] GC(50) Pause Remark 147M->147M(1024M) 8.371ms
[2018-10-23T23:43:02.570-0400][gc,cpu        ] GC(50) User=0.03s Sys=0.00s Real=0.01s
[2018-10-23T23:43:02.570-0400][gc,marking    ] GC(50) Concurrent Create Live Data
[2018-10-23T23:43:02.573-0400][gc,marking    ] GC(50) Concurrent Create Live Data 2.531ms
[2018-10-23T23:43:02.573-0400][gc,start      ] GC(50) Pause Cleanup
[2018-10-23T23:43:02.574-0400][gc            ] GC(50) Pause Cleanup 147M->147M(1024M) 0.623ms
[2018-10-23T23:43:02.574-0400][gc,cpu        ] GC(50) User=0.00s Sys=0.00s Real=0.00s
[2018-10-23T23:43:02.574-0400][gc,marking    ] GC(50) Concurrent Cleanup for Next Mark
[2018-10-23T23:43:02.577-0400][gc,marking    ] GC(50) Concurrent Cleanup for Next Mark 2.789ms
[2018-10-23T23:43:02.577-0400][gc            ] GC(50) Concurrent Cycle 24.269ms
[2018-10-23T23:43:15.054-0400][gc,start      ] GC(51) Pause Initial Mark (G1 Humongous Allocation)
[2018-10-23T23:43:15.054-0400][gc,task       ] GC(51) Using 8 workers of 8 for evacuation
[2018-10-23T23:43:15.058-0400][gc,phases     ] GC(51)   Pre Evacuate Collection Set: 0.1ms
[2018-10-23T23:43:15.058-0400][gc,phases     ] GC(51)   Evacuate Collection Set: 2.8ms
[2018-10-23T23:43:15.058-0400][gc,phases     ] GC(51)   Post Evacuate Collection Set: 0.6ms
[2018-10-23T23:43:15.058-0400][gc,phases     ] GC(51)   Other: 0.4ms
[2018-10-23T23:43:15.058-0400][gc,heap       ] GC(51) Eden regions: 10->0(321)
[2018-10-23T23:43:15.058-0400][gc,heap       ] GC(51) Survivor regions: 3->3(43)
[2018-10-23T23:43:15.058-0400][gc,heap       ] GC(51) Old regions: 12->12
[2018-10-23T23:43:15.058-0400][gc,heap       ] GC(51) Humongous regions: 346->130
[2018-10-23T23:43:15.058-0400][gc,metaspace  ] GC(51) Metaspace: 36516K->36516K(1083392K)
[2018-10-23T23:43:15.058-0400][gc            ] GC(51) Pause Initial Mark (G1 Humongous Allocation) 369M->144M(1024M) 3.810ms
[2018-10-23T23:43:15.058-0400][gc,cpu        ] GC(51) User=0.02s Sys=0.00s Real=0.00s
[2018-10-23T23:43:15.058-0400][gc            ] GC(52) Concurrent Cycle
[2018-10-23T23:43:15.058-0400][gc,marking    ] GC(52) Concurrent Clear Claimed Marks
[2018-10-23T23:43:15.058-0400][gc,marking    ] GC(52) Concurrent Clear Claimed Marks 0.031ms
[2018-10-23T23:43:15.058-0400][gc,marking    ] GC(52) Concurrent Scan Root Regions
[2018-10-23T23:43:15.060-0400][gc,marking    ] GC(52) Concurrent Scan Root Regions 1.458ms
[2018-10-23T23:43:15.060-0400][gc,marking    ] GC(52) Concurrent Mark (4853.034s)
[2018-10-23T23:43:15.060-0400][gc,marking    ] GC(52) Concurrent Mark From Roots
[2018-10-23T23:43:15.060-0400][gc,task       ] GC(52) Using 2 workers of 2 for marking
[2018-10-23T23:43:15.068-0400][gc,marking    ] GC(52) Concurrent Mark From Roots 8.254ms
[2018-10-23T23:43:15.068-0400][gc,marking    ] GC(52) Concurrent Mark (4853.034s, 4853.042s) 8.285ms
[2018-10-23T23:43:15.068-0400][gc,start      ] GC(52) Pause Remark
[2018-10-23T23:43:15.074-0400][gc,stringtable] GC(52) Cleaned string and symbol table, strings: 14800 processed, 11 removed, symbols: 96087 processed, 0 removed
[2018-10-23T23:43:15.074-0400][gc            ] GC(52) Pause Remark 147M->147M(1024M) 5.865ms
[2018-10-23T23:43:15.074-0400][gc,cpu        ] GC(52) User=0.03s Sys=0.00s Real=0.01s
[2018-10-23T23:43:15.074-0400][gc,marking    ] GC(52) Concurrent Create Live Data
[2018-10-23T23:43:15.077-0400][gc,marking    ] GC(52) Concurrent Create Live Data 2.146ms
[2018-10-23T23:43:15.077-0400][gc,start      ] GC(52) Pause Cleanup
[2018-10-23T23:43:15.077-0400][gc            ] GC(52) Pause Cleanup 147M->147M(1024M) 0.567ms
[2018-10-23T23:43:15.077-0400][gc,cpu        ] GC(52) User=0.01s Sys=0.00s Real=0.00s
[2018-10-23T23:43:15.077-0400][gc,marking    ] GC(52) Concurrent Cleanup for Next Mark
[2018-10-23T23:43:15.081-0400][gc,marking    ] GC(52) Concurrent Cleanup for Next Mark 3.871ms
[2018-10-23T23:43:15.081-0400][gc            ] GC(52) Concurrent Cycle 23.037ms
[2018-10-23T23:43:47.999-0400][gc,start      ] GC(53) Pause Initial Mark (G1 Humongous Allocation)
[2018-10-23T23:43:47.999-0400][gc,task       ] GC(53) Using 8 workers of 8 for evacuation
[2018-10-23T23:43:48.005-0400][gc,phases     ] GC(53)   Pre Evacuate Collection Set: 0.1ms
[2018-10-23T23:43:48.005-0400][gc,phases     ] GC(53)   Evacuate Collection Set: 5.8ms
[2018-10-23T23:43:48.005-0400][gc,phases     ] GC(53)   Post Evacuate Collection Set: 0.5ms
[2018-10-23T23:43:48.005-0400][gc,phases     ] GC(53)   Other: 0.3ms
[2018-10-23T23:43:48.005-0400][gc,heap       ] GC(53) Eden regions: 11->0(316)
[2018-10-23T23:43:48.005-0400][gc,heap       ] GC(53) Survivor regions: 3->4(41)
[2018-10-23T23:43:48.005-0400][gc,heap       ] GC(53) Old regions: 12->12
[2018-10-23T23:43:48.005-0400][gc,heap       ] GC(53) Humongous regions: 346->130
[2018-10-23T23:43:48.005-0400][gc,metaspace  ] GC(53) Metaspace: 36516K->36516K(1083392K)
[2018-10-23T23:43:48.005-0400][gc            ] GC(53) Pause Initial Mark (G1 Humongous Allocation) 371M->144M(1024M) 6.820ms
[2018-10-23T23:43:48.005-0400][gc,cpu        ] GC(53) User=0.02s Sys=0.00s Real=0.01s
[2018-10-23T23:43:48.006-0400][gc            ] GC(54) Concurrent Cycle
[2018-10-23T23:43:48.006-0400][gc,marking    ] GC(54) Concurrent Clear Claimed Marks
[2018-10-23T23:43:48.006-0400][gc,marking    ] GC(54) Concurrent Clear Claimed Marks 0.012ms
[2018-10-23T23:43:48.006-0400][gc,marking    ] GC(54) Concurrent Scan Root Regions
[2018-10-23T23:43:48.007-0400][gc,marking    ] GC(54) Concurrent Scan Root Regions 1.454ms
[2018-10-23T23:43:48.007-0400][gc,marking    ] GC(54) Concurrent Mark (4885.981s)
[2018-10-23T23:43:48.007-0400][gc,marking    ] GC(54) Concurrent Mark From Roots
[2018-10-23T23:43:48.007-0400][gc,task       ] GC(54) Using 2 workers of 2 for marking
[2018-10-23T23:43:48.015-0400][gc,marking    ] GC(54) Concurrent Mark From Roots 7.786ms
[2018-10-23T23:43:48.015-0400][gc,marking    ] GC(54) Concurrent Mark (4885.981s, 4885.989s) 7.815ms
[2018-10-23T23:43:48.015-0400][gc,start      ] GC(54) Pause Remark
[2018-10-23T23:43:48.021-0400][gc,stringtable] GC(54) Cleaned string and symbol table, strings: 14789 processed, 0 removed, symbols: 96087 processed, 0 removed
[2018-10-23T23:43:48.022-0400][gc            ] GC(54) Pause Remark 147M->147M(1024M) 6.395ms
[2018-10-23T23:43:48.022-0400][gc,cpu        ] GC(54) User=0.03s Sys=0.00s Real=0.00s
[2018-10-23T23:43:48.022-0400][gc,marking    ] GC(54) Concurrent Create Live Data
[2018-10-23T23:43:48.024-0400][gc,marking    ] GC(54) Concurrent Create Live Data 2.802ms
[2018-10-23T23:43:48.025-0400][gc,start      ] GC(54) Pause Cleanup
[2018-10-23T23:43:48.025-0400][gc            ] GC(54) Pause Cleanup 148M->148M(1024M) 0.649ms
[2018-10-23T23:43:48.025-0400][gc,cpu        ] GC(54) User=0.00s Sys=0.00s Real=0.00s
[2018-10-23T23:43:48.025-0400][gc,marking    ] GC(54) Concurrent Cleanup for Next Mark
[2018-10-23T23:43:48.027-0400][gc,marking    ] GC(54) Concurrent Cleanup for Next Mark 1.895ms
[2018-10-23T23:43:48.027-0400][gc            ] GC(54) Concurrent Cycle 21.831ms
[2018-10-23T23:44:00.797-0400][gc,start      ] GC(55) Pause Initial Mark (G1 Humongous Allocation)
[2018-10-23T23:44:00.798-0400][gc,task       ] GC(55) Using 8 workers of 8 for evacuation
[2018-10-23T23:44:00.802-0400][gc,phases     ] GC(55)   Pre Evacuate Collection Set: 0.1ms
[2018-10-23T23:44:00.802-0400][gc,phases     ] GC(55)   Evacuate Collection Set: 3.6ms
[2018-10-23T23:44:00.802-0400][gc,phases     ] GC(55)   Post Evacuate Collection Set: 0.6ms
[2018-10-23T23:44:00.802-0400][gc,phases     ] GC(55)   Other: 0.4ms
[2018-10-23T23:44:00.802-0400][gc,heap       ] GC(55) Eden regions: 10->0(354)
[2018-10-23T23:44:00.802-0400][gc,heap       ] GC(55) Survivor regions: 4->3(40)
[2018-10-23T23:44:00.802-0400][gc,heap       ] GC(55) Old regions: 12->13
[2018-10-23T23:44:00.802-0400][gc,heap       ] GC(55) Humongous regions: 346->130
[2018-10-23T23:44:00.802-0400][gc,metaspace  ] GC(55) Metaspace: 36516K->36516K(1083392K)
[2018-10-23T23:44:00.802-0400][gc            ] GC(55) Pause Initial Mark (G1 Humongous Allocation) 370M->144M(1024M) 4.743ms
[2018-10-23T23:44:00.802-0400][gc,cpu        ] GC(55) User=0.02s Sys=0.01s Real=0.01s
[2018-10-23T23:44:00.802-0400][gc            ] GC(56) Concurrent Cycle
[2018-10-23T23:44:00.802-0400][gc,marking    ] GC(56) Concurrent Clear Claimed Marks
[2018-10-23T23:44:00.802-0400][gc,marking    ] GC(56) Concurrent Clear Claimed Marks 0.012ms
[2018-10-23T23:44:00.802-0400][gc,marking    ] GC(56) Concurrent Scan Root Regions
[2018-10-23T23:44:00.804-0400][gc,marking    ] GC(56) Concurrent Scan Root Regions 1.478ms
[2018-10-23T23:44:00.804-0400][gc,marking    ] GC(56) Concurrent Mark (4898.778s)
[2018-10-23T23:44:00.804-0400][gc,marking    ] GC(56) Concurrent Mark From Roots
[2018-10-23T23:44:00.804-0400][gc,task       ] GC(56) Using 2 workers of 2 for marking
[2018-10-23T23:44:00.820-0400][gc,marking    ] GC(56) Concurrent Mark From Roots 16.353ms
[2018-10-23T23:44:00.820-0400][gc,marking    ] GC(56) Concurrent Mark (4898.778s, 4898.794s) 16.408ms
[2018-10-23T23:44:00.821-0400][gc,start      ] GC(56) Pause Remark
[2018-10-23T23:44:00.827-0400][gc,stringtable] GC(56) Cleaned string and symbol table, strings: 14789 processed, 0 removed, symbols: 96087 processed, 0 removed
[2018-10-23T23:44:00.827-0400][gc            ] GC(56) Pause Remark 148M->148M(1024M) 6.459ms
[2018-10-23T23:44:00.827-0400][gc,cpu        ] GC(56) User=0.03s Sys=0.00s Real=0.01s
[2018-10-23T23:44:00.827-0400][gc,marking    ] GC(56) Concurrent Create Live Data
[2018-10-23T23:44:00.830-0400][gc,marking    ] GC(56) Concurrent Create Live Data 2.456ms
[2018-10-23T23:44:00.830-0400][gc,start      ] GC(56) Pause Cleanup
[2018-10-23T23:44:00.830-0400][gc            ] GC(56) Pause Cleanup 148M->148M(1024M) 0.693ms
[2018-10-23T23:44:00.830-0400][gc,cpu        ] GC(56) User=0.00s Sys=0.00s Real=0.00s
[2018-10-23T23:44:00.831-0400][gc,marking    ] GC(56) Concurrent Cleanup for Next Mark
[2018-10-23T23:44:00.832-0400][gc,marking    ] GC(56) Concurrent Cleanup for Next Mark 1.716ms
[2018-10-23T23:44:00.832-0400][gc            ] GC(56) Concurrent Cycle 29.949ms
[2018-10-23T23:45:29.971-0400][gc,start      ] GC(57) Pause Initial Mark (G1 Humongous Allocation)
[2018-10-23T23:45:29.971-0400][gc,task       ] GC(57) Using 8 workers of 8 for evacuation
[2018-10-23T23:45:29.975-0400][gc,phases     ] GC(57)   Pre Evacuate Collection Set: 0.1ms
[2018-10-23T23:45:29.975-0400][gc,phases     ] GC(57)   Evacuate Collection Set: 3.4ms
[2018-10-23T23:45:29.975-0400][gc,phases     ] GC(57)   Post Evacuate Collection Set: 0.7ms
[2018-10-23T23:45:29.975-0400][gc,phases     ] GC(57)   Other: 0.4ms
[2018-10-23T23:45:29.975-0400][gc,heap       ] GC(57) Eden regions: 79->0(380)
[2018-10-23T23:45:29.975-0400][gc,heap       ] GC(57) Survivor regions: 3->3(45)
[2018-10-23T23:45:29.975-0400][gc,heap       ] GC(57) Old regions: 13->13
[2018-10-23T23:45:29.975-0400][gc,heap       ] GC(57) Humongous regions: 345->131
[2018-10-23T23:45:29.975-0400][gc,metaspace  ] GC(57) Metaspace: 36516K->36516K(1083392K)
[2018-10-23T23:45:29.975-0400][gc            ] GC(57) Pause Initial Mark (G1 Humongous Allocation) 438M->145M(1024M) 4.619ms
[2018-10-23T23:45:29.975-0400][gc,cpu        ] GC(57) User=0.02s Sys=0.00s Real=0.01s
[2018-10-23T23:45:29.976-0400][gc            ] GC(58) Concurrent Cycle
[2018-10-23T23:45:29.976-0400][gc,marking    ] GC(58) Concurrent Clear Claimed Marks
[2018-10-23T23:45:29.976-0400][gc,marking    ] GC(58) Concurrent Clear Claimed Marks 0.011ms
[2018-10-23T23:45:29.976-0400][gc,marking    ] GC(58) Concurrent Scan Root Regions
[2018-10-23T23:45:29.977-0400][gc,marking    ] GC(58) Concurrent Scan Root Regions 1.282ms
[2018-10-23T23:45:29.977-0400][gc,marking    ] GC(58) Concurrent Mark (4987.951s)
[2018-10-23T23:45:29.977-0400][gc,marking    ] GC(58) Concurrent Mark From Roots
[2018-10-23T23:45:29.977-0400][gc,task       ] GC(58) Using 2 workers of 2 for marking
[2018-10-23T23:45:29.985-0400][gc,marking    ] GC(58) Concurrent Mark From Roots 8.557ms
[2018-10-23T23:45:29.985-0400][gc,marking    ] GC(58) Concurrent Mark (4987.951s, 4987.960s) 8.603ms
[2018-10-23T23:45:29.986-0400][gc,start      ] GC(58) Pause Remark
[2018-10-23T23:45:29.992-0400][gc,stringtable] GC(58) Cleaned string and symbol table, strings: 14789 processed, 0 removed, symbols: 96087 processed, 0 removed
[2018-10-23T23:45:29.992-0400][gc            ] GC(58) Pause Remark 149M->149M(1024M) 6.327ms
[2018-10-23T23:45:29.992-0400][gc,cpu        ] GC(58) User=0.03s Sys=0.00s Real=0.00s
[2018-10-23T23:45:29.992-0400][gc,marking    ] GC(58) Concurrent Create Live Data
[2018-10-23T23:45:29.994-0400][gc,marking    ] GC(58) Concurrent Create Live Data 2.234ms
[2018-10-23T23:45:29.995-0400][gc,start      ] GC(58) Pause Cleanup
[2018-10-23T23:45:29.995-0400][gc            ] GC(58) Pause Cleanup 149M->149M(1024M) 0.627ms
[2018-10-23T23:45:29.995-0400][gc,cpu        ] GC(58) User=0.01s Sys=0.00s Real=0.00s
[2018-10-23T23:45:29.995-0400][gc,marking    ] GC(58) Concurrent Cleanup for Next Mark
[2018-10-23T23:45:29.997-0400][gc,marking    ] GC(58) Concurrent Cleanup for Next Mark 1.547ms
[2018-10-23T23:45:29.997-0400][gc            ] GC(58) Concurrent Cycle 21.272ms
[2018-10-23T23:46:07.478-0400][gc,start      ] GC(59) Pause Initial Mark (G1 Humongous Allocation)
[2018-10-23T23:46:07.478-0400][gc,task       ] GC(59) Using 8 workers of 8 for evacuation
[2018-10-23T23:46:07.483-0400][gc,phases     ] GC(59)   Pre Evacuate Collection Set: 0.1ms
[2018-10-23T23:46:07.483-0400][gc,phases     ] GC(59)   Evacuate Collection Set: 3.6ms
[2018-10-23T23:46:07.483-0400][gc,phases     ] GC(59)   Post Evacuate Collection Set: 0.7ms
[2018-10-23T23:46:07.483-0400][gc,phases     ] GC(59)   Other: 0.3ms
[2018-10-23T23:46:07.483-0400][gc,heap       ] GC(59) Eden regions: 29->0(419)
[2018-10-23T23:46:07.483-0400][gc,heap       ] GC(59) Survivor regions: 3->3(48)
[2018-10-23T23:46:07.483-0400][gc,heap       ] GC(59) Old regions: 13->13
[2018-10-23T23:46:07.483-0400][gc,heap       ] GC(59) Humongous regions: 345->131
[2018-10-23T23:46:07.483-0400][gc,metaspace  ] GC(59) Metaspace: 36516K->36516K(1083392K)
[2018-10-23T23:46:07.483-0400][gc            ] GC(59) Pause Initial Mark (G1 Humongous Allocation) 388M->145M(1024M) 4.741ms
[2018-10-23T23:46:07.483-0400][gc,cpu        ] GC(59) User=0.02s Sys=0.00s Real=0.01s
[2018-10-23T23:46:07.483-0400][gc            ] GC(60) Concurrent Cycle
[2018-10-23T23:46:07.483-0400][gc,marking    ] GC(60) Concurrent Clear Claimed Marks
[2018-10-23T23:46:07.483-0400][gc,marking    ] GC(60) Concurrent Clear Claimed Marks 0.013ms
[2018-10-23T23:46:07.483-0400][gc,marking    ] GC(60) Concurrent Scan Root Regions
[2018-10-23T23:46:07.484-0400][gc,marking    ] GC(60) Concurrent Scan Root Regions 1.395ms
[2018-10-23T23:46:07.484-0400][gc,marking    ] GC(60) Concurrent Mark (5025.458s)
[2018-10-23T23:46:07.484-0400][gc,marking    ] GC(60) Concurrent Mark From Roots
[2018-10-23T23:46:07.484-0400][gc,task       ] GC(60) Using 2 workers of 2 for marking
[2018-10-23T23:46:07.495-0400][gc,marking    ] GC(60) Concurrent Mark From Roots 10.729ms
[2018-10-23T23:46:07.495-0400][gc,marking    ] GC(60) Concurrent Mark (5025.458s, 5025.469s) 10.759ms
[2018-10-23T23:46:07.495-0400][gc,start      ] GC(60) Pause Remark
[2018-10-23T23:46:07.508-0400][gc,stringtable] GC(60) Cleaned string and symbol table, strings: 14789 processed, 0 removed, symbols: 96087 processed, 0 removed
[2018-10-23T23:46:07.508-0400][gc            ] GC(60) Pause Remark 149M->149M(1024M) 12.584ms
[2018-10-23T23:46:07.508-0400][gc,cpu        ] GC(60) User=0.08s Sys=0.00s Real=0.01s
[2018-10-23T23:46:07.508-0400][gc,marking    ] GC(60) Concurrent Create Live Data
[2018-10-23T23:46:07.510-0400][gc,marking    ] GC(60) Concurrent Create Live Data 2.239ms
[2018-10-23T23:46:07.511-0400][gc,start      ] GC(60) Pause Cleanup
[2018-10-23T23:46:07.511-0400][gc            ] GC(60) Pause Cleanup 149M->149M(1024M) 0.512ms
[2018-10-23T23:46:07.511-0400][gc,cpu        ] GC(60) User=0.00s Sys=0.00s Real=0.00s
[2018-10-23T23:46:07.511-0400][gc,marking    ] GC(60) Concurrent Cleanup for Next Mark
[2018-10-23T23:46:07.512-0400][gc,marking    ] GC(60) Concurrent Cleanup for Next Mark 1.371ms
[2018-10-23T23:46:07.512-0400][gc            ] GC(60) Concurrent Cycle 29.601ms
[2018-10-23T23:46:40.159-0400][gc,start      ] GC(61) Pause Initial Mark (G1 Humongous Allocation)
[2018-10-23T23:46:40.159-0400][gc,task       ] GC(61) Using 8 workers of 8 for evacuation
[2018-10-23T23:46:40.163-0400][gc,phases     ] GC(61)   Pre Evacuate Collection Set: 0.1ms
[2018-10-23T23:46:40.163-0400][gc,phases     ] GC(61)   Evacuate Collection Set: 3.8ms
[2018-10-23T23:46:40.163-0400][gc,phases     ] GC(61)   Post Evacuate Collection Set: 0.5ms
[2018-10-23T23:46:40.163-0400][gc,phases     ] GC(61)   Other: 0.4ms
[2018-10-23T23:46:40.163-0400][gc,heap       ] GC(61) Eden regions: 14->0(446)
[2018-10-23T23:46:40.163-0400][gc,heap       ] GC(61) Survivor regions: 3->3(53)
[2018-10-23T23:46:40.163-0400][gc,heap       ] GC(61) Old regions: 13->13
[2018-10-23T23:46:40.163-0400][gc,heap       ] GC(61) Humongous regions: 345->131
[2018-10-23T23:46:40.163-0400][gc,metaspace  ] GC(61) Metaspace: 36516K->36516K(1083392K)
[2018-10-23T23:46:40.164-0400][gc            ] GC(61) Pause Initial Mark (G1 Humongous Allocation) 373M->145M(1024M) 4.821ms
[2018-10-23T23:46:40.164-0400][gc,cpu        ] GC(61) User=0.01s Sys=0.00s Real=0.01s
[2018-10-23T23:46:40.164-0400][gc            ] GC(62) Concurrent Cycle
[2018-10-23T23:46:40.164-0400][gc,marking    ] GC(62) Concurrent Clear Claimed Marks
[2018-10-23T23:46:40.164-0400][gc,marking    ] GC(62) Concurrent Clear Claimed Marks 0.010ms
[2018-10-23T23:46:40.164-0400][gc,marking    ] GC(62) Concurrent Scan Root Regions
[2018-10-23T23:46:40.165-0400][gc,marking    ] GC(62) Concurrent Scan Root Regions 1.618ms
[2018-10-23T23:46:40.165-0400][gc,marking    ] GC(62) Concurrent Mark (5058.139s)
[2018-10-23T23:46:40.165-0400][gc,marking    ] GC(62) Concurrent Mark From Roots
[2018-10-23T23:46:40.165-0400][gc,task       ] GC(62) Using 2 workers of 2 for marking
[2018-10-23T23:46:40.175-0400][gc,marking    ] GC(62) Concurrent Mark From Roots 9.700ms
[2018-10-23T23:46:40.175-0400][gc,marking    ] GC(62) Concurrent Mark (5058.139s, 5058.149s) 9.739ms
[2018-10-23T23:46:40.175-0400][gc,start      ] GC(62) Pause Remark
[2018-10-23T23:46:40.182-0400][gc,stringtable] GC(62) Cleaned string and symbol table, strings: 14789 processed, 0 removed, symbols: 96087 processed, 0 removed
[2018-10-23T23:46:40.182-0400][gc            ] GC(62) Pause Remark 149M->149M(1024M) 7.020ms
[2018-10-23T23:46:40.182-0400][gc,cpu        ] GC(62) User=0.03s Sys=0.00s Real=0.01s
[2018-10-23T23:46:40.182-0400][gc,marking    ] GC(62) Concurrent Create Live Data
[2018-10-23T23:46:40.185-0400][gc,marking    ] GC(62) Concurrent Create Live Data 2.328ms
[2018-10-23T23:46:40.185-0400][gc,start      ] GC(62) Pause Cleanup
[2018-10-23T23:46:40.186-0400][gc            ] GC(62) Pause Cleanup 149M->149M(1024M) 0.688ms
[2018-10-23T23:46:40.186-0400][gc,cpu        ] GC(62) User=0.01s Sys=0.00s Real=0.00s
[2018-10-23T23:46:40.186-0400][gc,marking    ] GC(62) Concurrent Cleanup for Next Mark
[2018-10-23T23:46:40.187-0400][gc,marking    ] GC(62) Concurrent Cleanup for Next Mark 1.413ms
[2018-10-23T23:46:40.187-0400][gc            ] GC(62) Concurrent Cycle 23.468ms
[2018-10-23T23:47:13.178-0400][gc,start      ] GC(63) Pause Initial Mark (G1 Humongous Allocation)
[2018-10-23T23:47:13.178-0400][gc,task       ] GC(63) Using 8 workers of 8 for evacuation
[2018-10-23T23:47:13.186-0400][gc,phases     ] GC(63)   Pre Evacuate Collection Set: 0.1ms
[2018-10-23T23:47:13.186-0400][gc,phases     ] GC(63)   Evacuate Collection Set: 7.0ms
[2018-10-23T23:47:13.186-0400][gc,phases     ] GC(63)   Post Evacuate Collection Set: 0.6ms
[2018-10-23T23:47:13.186-0400][gc,phases     ] GC(63)   Other: 0.3ms
[2018-10-23T23:47:13.186-0400][gc,heap       ] GC(63) Eden regions: 14->0(458)
[2018-10-23T23:47:13.186-0400][gc,heap       ] GC(63) Survivor regions: 3->3(57)
[2018-10-23T23:47:13.186-0400][gc,heap       ] GC(63) Old regions: 13->13
[2018-10-23T23:47:13.186-0400][gc,heap       ] GC(63) Humongous regions: 345->131
[2018-10-23T23:47:13.186-0400][gc,metaspace  ] GC(63) Metaspace: 36516K->36516K(1083392K)
[2018-10-23T23:47:13.186-0400][gc            ] GC(63) Pause Initial Mark (G1 Humongous Allocation) 373M->145M(1024M) 8.034ms
[2018-10-23T23:47:13.186-0400][gc,cpu        ] GC(63) User=0.03s Sys=0.00s Real=0.01s
[2018-10-23T23:47:13.186-0400][gc            ] GC(64) Concurrent Cycle
[2018-10-23T23:47:13.186-0400][gc,marking    ] GC(64) Concurrent Clear Claimed Marks
[2018-10-23T23:47:13.186-0400][gc,marking    ] GC(64) Concurrent Clear Claimed Marks 0.011ms
[2018-10-23T23:47:13.186-0400][gc,marking    ] GC(64) Concurrent Scan Root Regions
[2018-10-23T23:47:13.188-0400][gc,marking    ] GC(64) Concurrent Scan Root Regions 1.550ms
[2018-10-23T23:47:13.188-0400][gc,marking    ] GC(64) Concurrent Mark (5091.162s)
[2018-10-23T23:47:13.188-0400][gc,marking    ] GC(64) Concurrent Mark From Roots
[2018-10-23T23:47:13.188-0400][gc,task       ] GC(64) Using 2 workers of 2 for marking
[2018-10-23T23:47:13.197-0400][gc,marking    ] GC(64) Concurrent Mark From Roots 9.291ms
[2018-10-23T23:47:13.197-0400][gc,marking    ] GC(64) Concurrent Mark (5091.162s, 5091.171s) 9.311ms
[2018-10-23T23:47:13.197-0400][gc,start      ] GC(64) Pause Remark
[2018-10-23T23:47:13.205-0400][gc,stringtable] GC(64) Cleaned string and symbol table, strings: 14789 processed, 0 removed, symbols: 96087 processed, 0 removed
[2018-10-23T23:47:13.205-0400][gc            ] GC(64) Pause Remark 148M->148M(1024M) 7.876ms
[2018-10-23T23:47:13.205-0400][gc,cpu        ] GC(64) User=0.04s Sys=0.00s Real=0.01s
[2018-10-23T23:47:13.205-0400][gc,marking    ] GC(64) Concurrent Create Live Data
[2018-10-23T23:47:13.208-0400][gc,marking    ] GC(64) Concurrent Create Live Data 2.739ms
[2018-10-23T23:47:13.208-0400][gc,start      ] GC(64) Pause Cleanup
[2018-10-23T23:47:13.209-0400][gc            ] GC(64) Pause Cleanup 148M->148M(1024M) 0.669ms
[2018-10-23T23:47:13.209-0400][gc,cpu        ] GC(64) User=0.00s Sys=0.00s Real=0.00s
[2018-10-23T23:47:13.209-0400][gc,marking    ] GC(64) Concurrent Cleanup for Next Mark
[2018-10-23T23:47:13.210-0400][gc,marking    ] GC(64) Concurrent Cleanup for Next Mark 1.449ms
[2018-10-23T23:47:13.210-0400][gc            ] GC(64) Concurrent Cycle 24.299ms
[2018-10-23T23:47:47.977-0400][gc,start      ] GC(65) Pause Initial Mark (G1 Humongous Allocation)
[2018-10-23T23:47:47.977-0400][gc,task       ] GC(65) Using 8 workers of 8 for evacuation
[2018-10-23T23:47:47.982-0400][gc,phases     ] GC(65)   Pre Evacuate Collection Set: 0.1ms
[2018-10-23T23:47:47.983-0400][gc,phases     ] GC(65)   Evacuate Collection Set: 4.1ms
[2018-10-23T23:47:47.983-0400][gc,phases     ] GC(65)   Post Evacuate Collection Set: 0.6ms
[2018-10-23T23:47:47.983-0400][gc,phases     ] GC(65)   Other: 0.4ms
[2018-10-23T23:47:47.983-0400][gc,heap       ] GC(65) Eden regions: 23->0(502)
[2018-10-23T23:47:47.983-0400][gc,heap       ] GC(65) Survivor regions: 3->3(58)
[2018-10-23T23:47:47.983-0400][gc,heap       ] GC(65) Old regions: 13->13
[2018-10-23T23:47:47.983-0400][gc,heap       ] GC(65) Humongous regions: 345->131
[2018-10-23T23:47:47.983-0400][gc,metaspace  ] GC(65) Metaspace: 36518K->36518K(1083392K)
[2018-10-23T23:47:47.983-0400][gc            ] GC(65) Pause Initial Mark (G1 Humongous Allocation) 382M->145M(1024M) 5.174ms
[2018-10-23T23:47:47.983-0400][gc,cpu        ] GC(65) User=0.01s Sys=0.00s Real=0.01s
[2018-10-23T23:47:47.983-0400][gc            ] GC(66) Concurrent Cycle
[2018-10-23T23:47:47.983-0400][gc,marking    ] GC(66) Concurrent Clear Claimed Marks
[2018-10-23T23:47:47.983-0400][gc,marking    ] GC(66) Concurrent Clear Claimed Marks 0.010ms
[2018-10-23T23:47:47.983-0400][gc,marking    ] GC(66) Concurrent Scan Root Regions
[2018-10-23T23:47:47.985-0400][gc,marking    ] GC(66) Concurrent Scan Root Regions 2.028ms
[2018-10-23T23:47:47.985-0400][gc,marking    ] GC(66) Concurrent Mark (5125.959s)
[2018-10-23T23:47:47.985-0400][gc,marking    ] GC(66) Concurrent Mark From Roots
[2018-10-23T23:47:47.985-0400][gc,task       ] GC(66) Using 2 workers of 2 for marking
[2018-10-23T23:47:47.993-0400][gc,marking    ] GC(66) Concurrent Mark From Roots 8.566ms
[2018-10-23T23:47:47.993-0400][gc,marking    ] GC(66) Concurrent Mark (5125.959s, 5125.967s) 8.607ms
[2018-10-23T23:47:47.994-0400][gc,start      ] GC(66) Pause Remark
[2018-10-23T23:47:48.002-0400][gc,stringtable] GC(66) Cleaned string and symbol table, strings: 14789 processed, 0 removed, symbols: 96087 processed, 0 removed
[2018-10-23T23:47:48.002-0400][gc            ] GC(66) Pause Remark 148M->148M(1024M) 7.953ms
[2018-10-23T23:47:48.002-0400][gc,cpu        ] GC(66) User=0.03s Sys=0.00s Real=0.01s
[2018-10-23T23:47:48.002-0400][gc,marking    ] GC(66) Concurrent Create Live Data
[2018-10-23T23:47:48.004-0400][gc,marking    ] GC(66) Concurrent Create Live Data 2.276ms
[2018-10-23T23:47:48.004-0400][gc,start      ] GC(66) Pause Cleanup
[2018-10-23T23:47:48.005-0400][gc            ] GC(66) Pause Cleanup 148M->148M(1024M) 0.635ms
[2018-10-23T23:47:48.005-0400][gc,cpu        ] GC(66) User=0.00s Sys=0.00s Real=0.00s
[2018-10-23T23:47:48.005-0400][gc,marking    ] GC(66) Concurrent Cleanup for Next Mark
[2018-10-23T23:47:48.006-0400][gc,marking    ] GC(66) Concurrent Cleanup for Next Mark 1.330ms
[2018-10-23T23:47:48.006-0400][gc            ] GC(66) Concurrent Cycle 23.558ms
[2018-10-23T23:48:26.086-0400][gc,start      ] GC(67) Pause Initial Mark (G1 Humongous Allocation)
[2018-10-23T23:48:26.086-0400][gc,task       ] GC(67) Using 8 workers of 8 for evacuation
[2018-10-23T23:48:26.090-0400][gc,phases     ] GC(67)   Pre Evacuate Collection Set: 0.1ms
[2018-10-23T23:48:26.090-0400][gc,phases     ] GC(67)   Evacuate Collection Set: 3.2ms
[2018-10-23T23:48:26.090-0400][gc,phases     ] GC(67)   Post Evacuate Collection Set: 0.6ms
[2018-10-23T23:48:26.090-0400][gc,phases     ] GC(67)   Other: 0.3ms
[2018-10-23T23:48:26.090-0400][gc,heap       ] GC(67) Eden regions: 34->0(529)
