[2018-10-24T19:39:05.545-0400][gc,heap] Heap region size: 1M
[2018-10-24T19:39:05.556-0400][gc     ] Using G1
[2018-10-24T19:39:05.556-0400][gc,heap,coops] Heap address: 0x00000000c0000000, size: 1024 MB, Compressed Oops mode: 32-bit
[2018-10-24T19:39:06.531-0400][gc,start     ] GC(0) Pause Young (G1 Evacuation Pause)
[2018-10-24T19:39:06.531-0400][gc,task      ] GC(0) Using 8 workers of 8 for evacuation
[2018-10-24T19:39:06.549-0400][gc,phases    ] GC(0)   Pre Evacuate Collection Set: 0.0ms
[2018-10-24T19:39:06.549-0400][gc,phases    ] GC(0)   Evacuate Collection Set: 12.9ms
[2018-10-24T19:39:06.549-0400][gc,phases    ] GC(0)   Post Evacuate Collection Set: 4.5ms
[2018-10-24T19:39:06.549-0400][gc,phases    ] GC(0)   Other: 0.2ms
[2018-10-24T19:39:06.549-0400][gc,heap      ] GC(0) Eden regions: 51->0(44)
[2018-10-24T19:39:06.549-0400][gc,heap      ] GC(0) Survivor regions: 0->7(7)
[2018-10-24T19:39:06.549-0400][gc,heap      ] GC(0) Old regions: 0->4
[2018-10-24T19:39:06.549-0400][gc,heap      ] GC(0) Humongous regions: 1->1
[2018-10-24T19:39:06.549-0400][gc,metaspace ] GC(0) Metaspace: 19095K->19095K(1067008K)
[2018-10-24T19:39:06.549-0400][gc           ] GC(0) Pause Young (G1 Evacuation Pause) 52M->11M(1024M) 17.744ms
[2018-10-24T19:39:06.549-0400][gc,cpu       ] GC(0) User=0.03s Sys=0.01s Real=0.02s
[2018-10-24T19:39:06.797-0400][gc,start     ] GC(1) Pause Initial Mark (Metadata GC Threshold)
[2018-10-24T19:39:06.797-0400][gc,task      ] GC(1) Using 8 workers of 8 for evacuation
[2018-10-24T19:39:06.809-0400][gc,phases    ] GC(1)   Pre Evacuate Collection Set: 0.0ms
[2018-10-24T19:39:06.809-0400][gc,phases    ] GC(1)   Evacuate Collection Set: 10.8ms
[2018-10-24T19:39:06.809-0400][gc,phases    ] GC(1)   Post Evacuate Collection Set: 1.0ms
[2018-10-24T19:39:06.809-0400][gc,phases    ] GC(1)   Other: 0.3ms
[2018-10-24T19:39:06.809-0400][gc,heap      ] GC(1) Eden regions: 9->0(49)
[2018-10-24T19:39:06.809-0400][gc,heap      ] GC(1) Survivor regions: 7->2(7)
[2018-10-24T19:39:06.809-0400][gc,heap      ] GC(1) Old regions: 4->10
[2018-10-24T19:39:06.809-0400][gc,heap      ] GC(1) Humongous regions: 1->1
[2018-10-24T19:39:06.809-0400][gc,metaspace ] GC(1) Metaspace: 20566K->20566K(1069056K)
[2018-10-24T19:39:06.809-0400][gc           ] GC(1) Pause Initial Mark (Metadata GC Threshold) 19M->11M(1024M) 12.187ms
[2018-10-24T19:39:06.809-0400][gc,cpu       ] GC(1) User=0.02s Sys=0.01s Real=0.01s
[2018-10-24T19:39:06.812-0400][gc           ] GC(2) Concurrent Cycle
[2018-10-24T19:39:06.812-0400][gc,marking   ] GC(2) Concurrent Clear Claimed Marks
[2018-10-24T19:39:06.812-0400][gc,marking   ] GC(2) Concurrent Clear Claimed Marks 0.027ms
[2018-10-24T19:39:06.812-0400][gc,marking   ] GC(2) Concurrent Scan Root Regions
[2018-10-24T19:39:06.814-0400][gc,marking   ] GC(2) Concurrent Scan Root Regions 1.873ms
[2018-10-24T19:39:06.814-0400][gc,marking   ] GC(2) Concurrent Mark (1.274s)
[2018-10-24T19:39:06.814-0400][gc,marking   ] GC(2) Concurrent Mark From Roots
[2018-10-24T19:39:06.814-0400][gc,task      ] GC(2) Using 2 workers of 2 for marking
[2018-10-24T19:39:06.817-0400][gc,marking   ] GC(2) Concurrent Mark From Roots 3.464ms
[2018-10-24T19:39:06.817-0400][gc,marking   ] GC(2) Concurrent Mark (1.274s, 1.277s) 3.484ms
[2018-10-24T19:39:06.817-0400][gc,start     ] GC(2) Pause Remark
[2018-10-24T19:39:06.851-0400][gc,stringtable] GC(2) Cleaned string and symbol table, strings: 9177 processed, 0 removed, symbols: 68203 processed, 43 removed
[2018-10-24T19:39:06.851-0400][gc,mmu        ] GC(2) MMU target violated: 21.0ms (20.0ms/21.0ms)
[2018-10-24T19:39:06.851-0400][gc            ] GC(2) Pause Remark 12M->12M(1024M) 33.817ms
[2018-10-24T19:39:06.851-0400][gc,cpu        ] GC(2) User=0.13s Sys=0.00s Real=0.03s
[2018-10-24T19:39:06.851-0400][gc,marking    ] GC(2) Concurrent Create Live Data
[2018-10-24T19:39:06.853-0400][gc,marking    ] GC(2) Concurrent Create Live Data 1.436ms
[2018-10-24T19:39:06.853-0400][gc,start      ] GC(2) Pause Cleanup
[2018-10-24T19:39:06.854-0400][gc            ] GC(2) Pause Cleanup 12M->9M(1024M) 0.928ms
[2018-10-24T19:39:06.854-0400][gc,cpu        ] GC(2) User=0.01s Sys=0.00s Real=0.00s
[2018-10-24T19:39:06.854-0400][gc,marking    ] GC(2) Concurrent Complete Cleanup
[2018-10-24T19:39:06.854-0400][gc,marking    ] GC(2) Concurrent Complete Cleanup 0.012ms
[2018-10-24T19:39:06.854-0400][gc,marking    ] GC(2) Concurrent Cleanup for Next Mark
[2018-10-24T19:39:06.859-0400][gc,marking    ] GC(2) Concurrent Cleanup for Next Mark 4.791ms
[2018-10-24T19:39:06.859-0400][gc            ] GC(2) Concurrent Cycle 46.864ms
[2018-10-24T19:39:07.594-0400][gc,start      ] GC(3) Pause Young (G1 Evacuation Pause)
[2018-10-24T19:39:07.594-0400][gc,task       ] GC(3) Using 8 workers of 8 for evacuation
[2018-10-24T19:39:07.603-0400][gc,phases     ] GC(3)   Pre Evacuate Collection Set: 0.1ms
[2018-10-24T19:39:07.603-0400][gc,phases     ] GC(3)   Evacuate Collection Set: 5.7ms
[2018-10-24T19:39:07.603-0400][gc,phases     ] GC(3)   Post Evacuate Collection Set: 3.2ms
[2018-10-24T19:39:07.603-0400][gc,phases     ] GC(3)   Other: 0.2ms
[2018-10-24T19:39:07.603-0400][gc,heap       ] GC(3) Eden regions: 49->0(44)
[2018-10-24T19:39:07.603-0400][gc,heap       ] GC(3) Survivor regions: 2->7(7)
[2018-10-24T19:39:07.603-0400][gc,heap       ] GC(3) Old regions: 7->9
[2018-10-24T19:39:07.603-0400][gc,heap       ] GC(3) Humongous regions: 130->130
[2018-10-24T19:39:07.603-0400][gc,metaspace  ] GC(3) Metaspace: 27713K->27713K(1075200K)
[2018-10-24T19:39:07.603-0400][gc            ] GC(3) Pause Young (G1 Evacuation Pause) 186M->145M(1024M) 9.236ms
[2018-10-24T19:39:07.603-0400][gc,cpu        ] GC(3) User=0.03s Sys=0.00s Real=0.01s
[2018-10-24T19:39:27.290-0400][gc,start      ] GC(4) Pause Young (G1 Evacuation Pause)
[2018-10-24T19:39:27.290-0400][gc,task       ] GC(4) Using 8 workers of 8 for evacuation
[2018-10-24T19:39:27.301-0400][gc,phases     ] GC(4)   Pre Evacuate Collection Set: 0.0ms
[2018-10-24T19:39:27.301-0400][gc,phases     ] GC(4)   Evacuate Collection Set: 8.9ms
[2018-10-24T19:39:27.301-0400][gc,phases     ] GC(4)   Post Evacuate Collection Set: 2.0ms
[2018-10-24T19:39:27.301-0400][gc,phases     ] GC(4)   Other: 0.2ms
[2018-10-24T19:39:27.301-0400][gc,heap       ] GC(4) Eden regions: 44->0(46)
[2018-10-24T19:39:27.301-0400][gc,heap       ] GC(4) Survivor regions: 7->5(7)
[2018-10-24T19:39:27.301-0400][gc,heap       ] GC(4) Old regions: 9->12
[2018-10-24T19:39:27.301-0400][gc,heap       ] GC(4) Humongous regions: 130->130
[2018-10-24T19:39:27.301-0400][gc,metaspace  ] GC(4) Metaspace: 32264K->32264K(1079296K)
[2018-10-24T19:39:27.301-0400][gc            ] GC(4) Pause Young (G1 Evacuation Pause) 189M->146M(1024M) 11.147ms
[2018-10-24T19:39:27.301-0400][gc,cpu        ] GC(4) User=0.04s Sys=0.00s Real=0.01s
[2018-10-24T19:39:56.307-0400][gc,start      ] GC(5) Pause Young (G1 Evacuation Pause)
[2018-10-24T19:39:56.307-0400][gc,task       ] GC(5) Using 8 workers of 8 for evacuation
[2018-10-24T19:39:56.314-0400][gc,phases     ] GC(5)   Pre Evacuate Collection Set: 0.1ms
[2018-10-24T19:39:56.314-0400][gc,phases     ] GC(5)   Evacuate Collection Set: 5.3ms
[2018-10-24T19:39:56.314-0400][gc,phases     ] GC(5)   Post Evacuate Collection Set: 1.4ms
[2018-10-24T19:39:56.314-0400][gc,phases     ] GC(5)   Other: 0.3ms
[2018-10-24T19:39:56.314-0400][gc,heap       ] GC(5) Eden regions: 46->0(47)
[2018-10-24T19:39:56.314-0400][gc,heap       ] GC(5) Survivor regions: 5->4(7)
[2018-10-24T19:39:56.314-0400][gc,heap       ] GC(5) Old regions: 12->13
[2018-10-24T19:39:56.314-0400][gc,heap       ] GC(5) Humongous regions: 204->130
[2018-10-24T19:39:56.314-0400][gc,metaspace  ] GC(5) Metaspace: 34933K->34933K(1081344K)
[2018-10-24T19:39:56.314-0400][gc            ] GC(5) Pause Young (G1 Evacuation Pause) 266M->146M(1024M) 7.077ms
[2018-10-24T19:39:56.314-0400][gc,cpu        ] GC(5) User=0.02s Sys=0.00s Real=0.00s
[2018-10-24T19:40:01.119-0400][gc,start      ] GC(6) Pause Initial Mark (Metadata GC Threshold)
[2018-10-24T19:40:01.119-0400][gc,task       ] GC(6) Using 8 workers of 8 for evacuation
[2018-10-24T19:40:01.124-0400][gc,phases     ] GC(6)   Pre Evacuate Collection Set: 0.0ms
[2018-10-24T19:40:01.124-0400][gc,phases     ] GC(6)   Evacuate Collection Set: 4.6ms
[2018-10-24T19:40:01.124-0400][gc,phases     ] GC(6)   Post Evacuate Collection Set: 0.3ms
[2018-10-24T19:40:01.124-0400][gc,phases     ] GC(6)   Other: 0.4ms
[2018-10-24T19:40:01.124-0400][gc,heap       ] GC(6) Eden regions: 7->0(49)
[2018-10-24T19:40:01.124-0400][gc,heap       ] GC(6) Survivor regions: 4->2(7)
[2018-10-24T19:40:01.124-0400][gc,heap       ] GC(6) Old regions: 13->13
[2018-10-24T19:40:01.124-0400][gc,heap       ] GC(6) Humongous regions: 154->130
[2018-10-24T19:40:01.124-0400][gc,metaspace  ] GC(6) Metaspace: 34978K->34978K(1081344K)
[2018-10-24T19:40:01.124-0400][gc            ] GC(6) Pause Initial Mark (Metadata GC Threshold) 177M->144M(1024M) 5.425ms
[2018-10-24T19:40:01.124-0400][gc,cpu        ] GC(6) User=0.01s Sys=0.00s Real=0.00s
[2018-10-24T19:40:01.124-0400][gc            ] GC(7) Concurrent Cycle
[2018-10-24T19:40:01.124-0400][gc,marking    ] GC(7) Concurrent Clear Claimed Marks
[2018-10-24T19:40:01.124-0400][gc,marking    ] GC(7) Concurrent Clear Claimed Marks 0.012ms
[2018-10-24T19:40:01.124-0400][gc,marking    ] GC(7) Concurrent Scan Root Regions
[2018-10-24T19:40:01.125-0400][gc,marking    ] GC(7) Concurrent Scan Root Regions 1.035ms
[2018-10-24T19:40:01.125-0400][gc,marking    ] GC(7) Concurrent Mark (55.585s)
[2018-10-24T19:40:01.125-0400][gc,marking    ] GC(7) Concurrent Mark From Roots
[2018-10-24T19:40:01.125-0400][gc,task       ] GC(7) Using 2 workers of 2 for marking
[2018-10-24T19:40:01.138-0400][gc,marking    ] GC(7) Concurrent Mark From Roots 12.383ms
[2018-10-24T19:40:01.138-0400][gc,marking    ] GC(7) Concurrent Mark (55.585s, 55.598s) 12.420ms
[2018-10-24T19:40:01.138-0400][gc,start      ] GC(7) Pause Remark
[2018-10-24T19:40:01.152-0400][gc,stringtable] GC(7) Cleaned string and symbol table, strings: 15853 processed, 18 removed, symbols: 97295 processed, 13 removed
[2018-10-24T19:40:01.152-0400][gc            ] GC(7) Pause Remark 144M->144M(1024M) 13.740ms
[2018-10-24T19:40:01.152-0400][gc,cpu        ] GC(7) User=0.03s Sys=0.00s Real=0.01s
[2018-10-24T19:40:01.152-0400][gc,marking    ] GC(7) Concurrent Create Live Data
[2018-10-24T19:40:01.154-0400][gc,marking    ] GC(7) Concurrent Create Live Data 2.173ms
[2018-10-24T19:40:01.154-0400][gc,start      ] GC(7) Pause Cleanup
[2018-10-24T19:40:01.155-0400][gc            ] GC(7) Pause Cleanup 144M->143M(1024M) 0.740ms
[2018-10-24T19:40:01.155-0400][gc,cpu        ] GC(7) User=0.00s Sys=0.00s Real=0.00s
[2018-10-24T19:40:01.155-0400][gc,marking    ] GC(7) Concurrent Complete Cleanup
[2018-10-24T19:40:01.155-0400][gc,marking    ] GC(7) Concurrent Complete Cleanup 0.016ms
[2018-10-24T19:40:01.155-0400][gc,marking    ] GC(7) Concurrent Cleanup for Next Mark
[2018-10-24T19:40:01.160-0400][gc,marking    ] GC(7) Concurrent Cleanup for Next Mark 5.273ms
[2018-10-24T19:40:01.160-0400][gc            ] GC(7) Concurrent Cycle 36.249ms
[2018-10-24T19:44:44.189-0400][gc,start      ] GC(8) Pause Initial Mark (G1 Humongous Allocation)
[2018-10-24T19:44:44.189-0400][gc,task       ] GC(8) Using 8 workers of 8 for evacuation
[2018-10-24T19:44:44.195-0400][gc,phases     ] GC(8)   Pre Evacuate Collection Set: 0.1ms
[2018-10-24T19:44:44.195-0400][gc,phases     ] GC(8)   Evacuate Collection Set: 4.8ms
[2018-10-24T19:44:44.195-0400][gc,phases     ] GC(8)   Post Evacuate Collection Set: 0.8ms
[2018-10-24T19:44:44.195-0400][gc,phases     ] GC(8)   Other: 0.3ms
[2018-10-24T19:44:44.195-0400][gc,heap       ] GC(8) Eden regions: 34->0(57)
[2018-10-24T19:44:44.195-0400][gc,heap       ] GC(8) Survivor regions: 2->2(7)
[2018-10-24T19:44:44.195-0400][gc,heap       ] GC(8) Old regions: 12->12
[2018-10-24T19:44:44.195-0400][gc,heap       ] GC(8) Humongous regions: 346->130
[2018-10-24T19:44:44.195-0400][gc,metaspace  ] GC(8) Metaspace: 35748K->35748K(1081344K)
[2018-10-24T19:44:44.195-0400][gc            ] GC(8) Pause Initial Mark (G1 Humongous Allocation) 392M->143M(1024M) 5.982ms
[2018-10-24T19:44:44.195-0400][gc,cpu        ] GC(8) User=0.02s Sys=0.00s Real=0.00s
[2018-10-24T19:44:44.195-0400][gc            ] GC(9) Concurrent Cycle
[2018-10-24T19:44:44.195-0400][gc,marking    ] GC(9) Concurrent Clear Claimed Marks
[2018-10-24T19:44:44.195-0400][gc,marking    ] GC(9) Concurrent Clear Claimed Marks 0.014ms
[2018-10-24T19:44:44.195-0400][gc,marking    ] GC(9) Concurrent Scan Root Regions
[2018-10-24T19:44:44.196-0400][gc,marking    ] GC(9) Concurrent Scan Root Regions 1.361ms
[2018-10-24T19:44:44.196-0400][gc,marking    ] GC(9) Concurrent Mark (338.656s)
[2018-10-24T19:44:44.196-0400][gc,marking    ] GC(9) Concurrent Mark From Roots
[2018-10-24T19:44:44.196-0400][gc,task       ] GC(9) Using 2 workers of 2 for marking
[2018-10-24T19:44:44.205-0400][gc,marking    ] GC(9) Concurrent Mark From Roots 8.735ms
[2018-10-24T19:44:44.205-0400][gc,marking    ] GC(9) Concurrent Mark (338.656s, 338.665s) 8.762ms
[2018-10-24T19:44:44.205-0400][gc,start      ] GC(9) Pause Remark
[2018-10-24T19:44:44.213-0400][gc,stringtable] GC(9) Cleaned string and symbol table, strings: 16037 processed, 0 removed, symbols: 97350 processed, 2 removed
[2018-10-24T19:44:44.213-0400][gc            ] GC(9) Pause Remark 146M->146M(1024M) 7.532ms
[2018-10-24T19:44:44.213-0400][gc,cpu        ] GC(9) User=0.03s Sys=0.00s Real=0.00s
[2018-10-24T19:44:44.213-0400][gc,marking    ] GC(9) Concurrent Create Live Data
[2018-10-24T19:44:44.215-0400][gc,marking    ] GC(9) Concurrent Create Live Data 2.098ms
[2018-10-24T19:44:44.215-0400][gc,start      ] GC(9) Pause Cleanup
[2018-10-24T19:44:44.216-0400][gc            ] GC(9) Pause Cleanup 146M->146M(1024M) 0.761ms
[2018-10-24T19:44:44.216-0400][gc,cpu        ] GC(9) User=0.00s Sys=0.00s Real=0.00s
[2018-10-24T19:44:44.216-0400][gc,marking    ] GC(9) Concurrent Cleanup for Next Mark
[2018-10-24T19:44:44.217-0400][gc,marking    ] GC(9) Concurrent Cleanup for Next Mark 1.488ms
[2018-10-24T19:44:44.217-0400][gc            ] GC(9) Concurrent Cycle 22.628ms
[2018-10-24T19:45:49.754-0400][gc,start      ] GC(10) Pause Initial Mark (G1 Humongous Allocation)
[2018-10-24T19:45:49.754-0400][gc,task       ] GC(10) Using 8 workers of 8 for evacuation
[2018-10-24T19:45:49.759-0400][gc,phases     ] GC(10)   Pre Evacuate Collection Set: 0.1ms
[2018-10-24T19:45:49.759-0400][gc,phases     ] GC(10)   Evacuate Collection Set: 3.5ms
[2018-10-24T19:45:49.759-0400][gc,phases     ] GC(10)   Post Evacuate Collection Set: 0.6ms
[2018-10-24T19:45:49.759-0400][gc,phases     ] GC(10)   Other: 0.3ms
[2018-10-24T19:45:49.759-0400][gc,heap       ] GC(10) Eden regions: 15->0(48)
[2018-10-24T19:45:49.759-0400][gc,heap       ] GC(10) Survivor regions: 2->3(8)
[2018-10-24T19:45:49.759-0400][gc,heap       ] GC(10) Old regions: 12->12
[2018-10-24T19:45:49.759-0400][gc,heap       ] GC(10) Humongous regions: 346->130
[2018-10-24T19:45:49.759-0400][gc,metaspace  ] GC(10) Metaspace: 35858K->35858K(1081344K)
[2018-10-24T19:45:49.759-0400][gc            ] GC(10) Pause Initial Mark (G1 Humongous Allocation) 374M->144M(1024M) 4.566ms
[2018-10-24T19:45:49.759-0400][gc,cpu        ] GC(10) User=0.01s Sys=0.00s Real=0.01s
[2018-10-24T19:45:49.759-0400][gc            ] GC(11) Concurrent Cycle
[2018-10-24T19:45:49.759-0400][gc,marking    ] GC(11) Concurrent Clear Claimed Marks
[2018-10-24T19:45:49.759-0400][gc,marking    ] GC(11) Concurrent Clear Claimed Marks 0.018ms
[2018-10-24T19:45:49.759-0400][gc,marking    ] GC(11) Concurrent Scan Root Regions
[2018-10-24T19:45:49.761-0400][gc,marking    ] GC(11) Concurrent Scan Root Regions 1.701ms
[2018-10-24T19:45:49.761-0400][gc,marking    ] GC(11) Concurrent Mark (404.221s)
[2018-10-24T19:45:49.761-0400][gc,marking    ] GC(11) Concurrent Mark From Roots
[2018-10-24T19:45:49.761-0400][gc,task       ] GC(11) Using 2 workers of 2 for marking
[2018-10-24T19:45:49.770-0400][gc,marking    ] GC(11) Concurrent Mark From Roots 8.947ms
[2018-10-24T19:45:49.770-0400][gc,marking    ] GC(11) Concurrent Mark (404.221s, 404.230s) 8.985ms
[2018-10-24T19:45:49.770-0400][gc,start      ] GC(11) Pause Remark
[2018-10-24T19:45:49.776-0400][gc,stringtable] GC(11) Cleaned string and symbol table, strings: 16084 processed, 0 removed, symbols: 97348 processed, 0 removed
[2018-10-24T19:45:49.776-0400][gc            ] GC(11) Pause Remark 147M->147M(1024M) 6.160ms
[2018-10-24T19:45:49.776-0400][gc,cpu        ] GC(11) User=0.03s Sys=0.00s Real=0.00s
[2018-10-24T19:45:49.776-0400][gc,marking    ] GC(11) Concurrent Create Live Data
[2018-10-24T19:45:49.778-0400][gc,marking    ] GC(11) Concurrent Create Live Data 2.048ms
[2018-10-24T19:45:49.779-0400][gc,start      ] GC(11) Pause Cleanup
[2018-10-24T19:45:49.779-0400][gc            ] GC(11) Pause Cleanup 147M->147M(1024M) 0.712ms
[2018-10-24T19:45:49.779-0400][gc,cpu        ] GC(11) User=0.00s Sys=0.00s Real=0.00s
[2018-10-24T19:45:49.779-0400][gc,marking    ] GC(11) Concurrent Cleanup for Next Mark
[2018-10-24T19:45:49.781-0400][gc,marking    ] GC(11) Concurrent Cleanup for Next Mark 1.491ms
[2018-10-24T19:45:49.781-0400][gc            ] GC(11) Concurrent Cycle 21.775ms
[2018-10-24T19:46:22.424-0400][gc,start      ] GC(12) Pause Initial Mark (G1 Humongous Allocation)
[2018-10-24T19:46:22.424-0400][gc,task       ] GC(12) Using 8 workers of 8 for evacuation
[2018-10-24T19:46:22.429-0400][gc,phases     ] GC(12)   Pre Evacuate Collection Set: 0.1ms
[2018-10-24T19:46:22.429-0400][gc,phases     ] GC(12)   Evacuate Collection Set: 4.6ms
[2018-10-24T19:46:22.429-0400][gc,phases     ] GC(12)   Post Evacuate Collection Set: 0.6ms
[2018-10-24T19:46:22.429-0400][gc,phases     ] GC(12)   Other: 0.4ms
[2018-10-24T19:46:22.429-0400][gc,heap       ] GC(12) Eden regions: 8->0(48)
[2018-10-24T19:46:22.429-0400][gc,heap       ] GC(12) Survivor regions: 3->3(7)
[2018-10-24T19:46:22.429-0400][gc,heap       ] GC(12) Old regions: 12->12
[2018-10-24T19:46:22.429-0400][gc,heap       ] GC(12) Humongous regions: 346->130
[2018-10-24T19:46:22.429-0400][gc,metaspace  ] GC(12) Metaspace: 35916K->35916K(1081344K)
[2018-10-24T19:46:22.429-0400][gc            ] GC(12) Pause Initial Mark (G1 Humongous Allocation) 367M->144M(1024M) 5.727ms
[2018-10-24T19:46:22.429-0400][gc,cpu        ] GC(12) User=0.02s Sys=0.00s Real=0.01s
[2018-10-24T19:46:22.429-0400][gc            ] GC(13) Concurrent Cycle
[2018-10-24T19:46:22.429-0400][gc,marking    ] GC(13) Concurrent Clear Claimed Marks
[2018-10-24T19:46:22.429-0400][gc,marking    ] GC(13) Concurrent Clear Claimed Marks 0.015ms
[2018-10-24T19:46:22.429-0400][gc,marking    ] GC(13) Concurrent Scan Root Regions
[2018-10-24T19:46:22.431-0400][gc,marking    ] GC(13) Concurrent Scan Root Regions 1.896ms
[2018-10-24T19:46:22.431-0400][gc,marking    ] GC(13) Concurrent Mark (436.892s)
[2018-10-24T19:46:22.431-0400][gc,marking    ] GC(13) Concurrent Mark From Roots
[2018-10-24T19:46:22.431-0400][gc,task       ] GC(13) Using 2 workers of 2 for marking
[2018-10-24T19:46:22.442-0400][gc,marking    ] GC(13) Concurrent Mark From Roots 10.958ms
[2018-10-24T19:46:22.442-0400][gc,marking    ] GC(13) Concurrent Mark (436.892s, 436.903s) 11.011ms
[2018-10-24T19:46:22.443-0400][gc,start      ] GC(13) Pause Remark
[2018-10-24T19:46:22.449-0400][gc,stringtable] GC(13) Cleaned string and symbol table, strings: 16109 processed, 0 removed, symbols: 97350 processed, 0 removed
[2018-10-24T19:46:22.449-0400][gc            ] GC(13) Pause Remark 147M->147M(1024M) 6.801ms
[2018-10-24T19:46:22.449-0400][gc,cpu        ] GC(13) User=0.02s Sys=0.00s Real=0.01s
[2018-10-24T19:46:22.450-0400][gc,marking    ] GC(13) Concurrent Create Live Data
[2018-10-24T19:46:22.452-0400][gc,marking    ] GC(13) Concurrent Create Live Data 2.053ms
[2018-10-24T19:46:22.452-0400][gc,start      ] GC(13) Pause Cleanup
[2018-10-24T19:46:22.453-0400][gc            ] GC(13) Pause Cleanup 147M->147M(1024M) 0.751ms
[2018-10-24T19:46:22.453-0400][gc,cpu        ] GC(13) User=0.00s Sys=0.00s Real=0.00s
[2018-10-24T19:46:22.453-0400][gc,marking    ] GC(13) Concurrent Cleanup for Next Mark
[2018-10-24T19:46:22.454-0400][gc,marking    ] GC(13) Concurrent Cleanup for Next Mark 1.813ms
[2018-10-24T19:46:22.455-0400][gc            ] GC(13) Concurrent Cycle 25.062ms
[2018-10-24T20:02:41.341-0400][gc,start      ] GC(14) Pause Young (G1 Evacuation Pause)
[2018-10-24T20:02:41.341-0400][gc,task       ] GC(14) Using 8 workers of 8 for evacuation
[2018-10-24T20:02:41.346-0400][gc,phases     ] GC(14)   Pre Evacuate Collection Set: 0.1ms
[2018-10-24T20:02:41.346-0400][gc,phases     ] GC(14)   Evacuate Collection Set: 3.6ms
[2018-10-24T20:02:41.346-0400][gc,phases     ] GC(14)   Post Evacuate Collection Set: 0.9ms
[2018-10-24T20:02:41.346-0400][gc,phases     ] GC(14)   Other: 0.2ms
[2018-10-24T20:02:41.346-0400][gc,heap       ] GC(14) Eden regions: 48->0(54)
[2018-10-24T20:02:41.346-0400][gc,heap       ] GC(14) Survivor regions: 3->4(7)
[2018-10-24T20:02:41.346-0400][gc,heap       ] GC(14) Old regions: 12->12
[2018-10-24T20:02:41.346-0400][gc,heap       ] GC(14) Humongous regions: 148->130
[2018-10-24T20:02:41.346-0400][gc,metaspace  ] GC(14) Metaspace: 36573K->36573K(1081344K)
[2018-10-24T20:02:41.346-0400][gc            ] GC(14) Pause Young (G1 Evacuation Pause) 210M->144M(1024M) 4.879ms
[2018-10-24T20:02:41.346-0400][gc,cpu        ] GC(14) User=0.03s Sys=0.00s Real=0.01s
[2018-10-24T20:02:41.366-0400][gc,heap,exit  ] Heap
[2018-10-24T20:02:41.366-0400][gc,heap,exit  ]  garbage-first heap   total 1048576K, used 151521K [0x00000000c0000000, 0x00000000c0102000, 0x0000000100000000)
[2018-10-24T20:02:41.366-0400][gc,heap,exit  ]   region size 1024K, 8 young (8192K), 4 survivors (4096K)
[2018-10-24T20:02:41.366-0400][gc,heap,exit  ]  Metaspace       used 36606K, capacity 37320K, committed 37504K, reserved 1081344K
[2018-10-24T20:02:41.366-0400][gc,heap,exit  ]   class space    used 4558K, capacity 4709K, committed 4736K, reserved 1048576K
