[2018-10-23T21:56:32.238-0400][gc,heap] Heap region size: 1M
[2018-10-23T21:56:32.247-0400][gc     ] Using G1
[2018-10-23T21:56:32.247-0400][gc,heap,coops] Heap address: 0x00000000c0000000, size: 1024 MB, Compressed Oops mode: 32-bit
[2018-10-23T21:56:33.014-0400][gc,start     ] GC(0) Pause Young (G1 Evacuation Pause)
[2018-10-23T21:56:33.014-0400][gc,task      ] GC(0) Using 8 workers of 8 for evacuation
[2018-10-23T21:56:33.035-0400][gc,mmu       ] GC(0) MMU target violated: 20.7ms (20.0ms/21.0ms)
[2018-10-23T21:56:33.035-0400][gc,phases    ] GC(0)   Pre Evacuate Collection Set: 0.0ms
[2018-10-23T21:56:33.035-0400][gc,phases    ] GC(0)   Evacuate Collection Set: 16.7ms
[2018-10-23T21:56:33.035-0400][gc,phases    ] GC(0)   Post Evacuate Collection Set: 3.9ms
[2018-10-23T21:56:33.035-0400][gc,phases    ] GC(0)   Other: 0.2ms
[2018-10-23T21:56:33.035-0400][gc,heap      ] GC(0) Eden regions: 51->0(44)
[2018-10-23T21:56:33.035-0400][gc,heap      ] GC(0) Survivor regions: 0->7(7)
[2018-10-23T21:56:33.035-0400][gc,heap      ] GC(0) Old regions: 0->4
[2018-10-23T21:56:33.035-0400][gc,heap      ] GC(0) Humongous regions: 1->1
[2018-10-23T21:56:33.035-0400][gc,metaspace ] GC(0) Metaspace: 19024K->19024K(1067008K)
[2018-10-23T21:56:33.035-0400][gc           ] GC(0) Pause Young (G1 Evacuation Pause) 52M->11M(1024M) 20.863ms
[2018-10-23T21:56:33.035-0400][gc,cpu       ] GC(0) User=0.03s Sys=0.01s Real=0.03s
[2018-10-23T21:56:33.136-0400][gc,start     ] GC(1) Pause Initial Mark (Metadata GC Threshold)
[2018-10-23T21:56:33.136-0400][gc,task      ] GC(1) Using 8 workers of 8 for evacuation
[2018-10-23T21:56:33.146-0400][gc,phases    ] GC(1)   Pre Evacuate Collection Set: 0.0ms
[2018-10-23T21:56:33.146-0400][gc,phases    ] GC(1)   Evacuate Collection Set: 9.5ms
[2018-10-23T21:56:33.146-0400][gc,phases    ] GC(1)   Post Evacuate Collection Set: 0.9ms
[2018-10-23T21:56:33.147-0400][gc,phases    ] GC(1)   Other: 0.3ms
[2018-10-23T21:56:33.147-0400][gc,heap      ] GC(1) Eden regions: 9->0(49)
[2018-10-23T21:56:33.147-0400][gc,heap      ] GC(1) Survivor regions: 7->2(7)
[2018-10-23T21:56:33.147-0400][gc,heap      ] GC(1) Old regions: 4->10
[2018-10-23T21:56:33.147-0400][gc,heap      ] GC(1) Humongous regions: 1->1
[2018-10-23T21:56:33.147-0400][gc,metaspace ] GC(1) Metaspace: 20597K->20597K(1069056K)
[2018-10-23T21:56:33.147-0400][gc           ] GC(1) Pause Initial Mark (Metadata GC Threshold) 20M->12M(1024M) 10.843ms
[2018-10-23T21:56:33.147-0400][gc,cpu       ] GC(1) User=0.03s Sys=0.01s Real=0.01s
[2018-10-23T21:56:33.151-0400][gc           ] GC(2) Concurrent Cycle
[2018-10-23T21:56:33.151-0400][gc,marking   ] GC(2) Concurrent Clear Claimed Marks
[2018-10-23T21:56:33.151-0400][gc,marking   ] GC(2) Concurrent Clear Claimed Marks 0.017ms
[2018-10-23T21:56:33.151-0400][gc,marking   ] GC(2) Concurrent Scan Root Regions
[2018-10-23T21:56:33.152-0400][gc,marking   ] GC(2) Concurrent Scan Root Regions 0.997ms
[2018-10-23T21:56:33.152-0400][gc,marking   ] GC(2) Concurrent Mark (0.919s)
[2018-10-23T21:56:33.152-0400][gc,marking   ] GC(2) Concurrent Mark From Roots
[2018-10-23T21:56:33.153-0400][gc,task      ] GC(2) Using 2 workers of 2 for marking
[2018-10-23T21:56:33.156-0400][gc,marking   ] GC(2) Concurrent Mark From Roots 3.635ms
[2018-10-23T21:56:33.156-0400][gc,marking   ] GC(2) Concurrent Mark (0.919s, 0.922s) 3.656ms
[2018-10-23T21:56:33.156-0400][gc,start     ] GC(2) Pause Remark
[2018-10-23T21:56:33.173-0400][gc,stringtable] GC(2) Cleaned string and symbol table, strings: 9214 processed, 0 removed, symbols: 68558 processed, 44 removed
[2018-10-23T21:56:33.173-0400][gc            ] GC(2) Pause Remark 13M->13M(1024M) 17.021ms
[2018-10-23T21:56:33.173-0400][gc,cpu        ] GC(2) User=0.06s Sys=0.00s Real=0.01s
[2018-10-23T21:56:33.173-0400][gc,marking    ] GC(2) Concurrent Create Live Data
[2018-10-23T21:56:33.174-0400][gc,marking    ] GC(2) Concurrent Create Live Data 0.933ms
[2018-10-23T21:56:33.177-0400][gc,start      ] GC(2) Pause Cleanup
[2018-10-23T21:56:33.177-0400][gc            ] GC(2) Pause Cleanup 13M->10M(1024M) 0.781ms
[2018-10-23T21:56:33.177-0400][gc,cpu        ] GC(2) User=0.00s Sys=0.00s Real=0.00s
[2018-10-23T21:56:33.178-0400][gc,marking    ] GC(2) Concurrent Complete Cleanup
[2018-10-23T21:56:33.178-0400][gc,marking    ] GC(2) Concurrent Complete Cleanup 0.014ms
[2018-10-23T21:56:33.178-0400][gc,marking    ] GC(2) Concurrent Cleanup for Next Mark
[2018-10-23T21:56:33.182-0400][gc,marking    ] GC(2) Concurrent Cleanup for Next Mark 4.496ms
[2018-10-23T21:56:33.182-0400][gc            ] GC(2) Concurrent Cycle 30.637ms
[2018-10-23T21:56:33.886-0400][gc,start      ] GC(3) Pause Young (G1 Evacuation Pause)
[2018-10-23T21:56:33.886-0400][gc,task       ] GC(3) Using 8 workers of 8 for evacuation
[2018-10-23T21:56:33.893-0400][gc,phases     ] GC(3)   Pre Evacuate Collection Set: 0.1ms
[2018-10-23T21:56:33.893-0400][gc,phases     ] GC(3)   Evacuate Collection Set: 3.8ms
[2018-10-23T21:56:33.893-0400][gc,phases     ] GC(3)   Post Evacuate Collection Set: 2.9ms
[2018-10-23T21:56:33.893-0400][gc,phases     ] GC(3)   Other: 0.2ms
[2018-10-23T21:56:33.893-0400][gc,heap       ] GC(3) Eden regions: 49->0(44)
[2018-10-23T21:56:33.893-0400][gc,heap       ] GC(3) Survivor regions: 2->7(7)
[2018-10-23T21:56:33.893-0400][gc,heap       ] GC(3) Old regions: 7->8
[2018-10-23T21:56:33.893-0400][gc,heap       ] GC(3) Humongous regions: 282->130
[2018-10-23T21:56:33.893-0400][gc,metaspace  ] GC(3) Metaspace: 27500K->27500K(1075200K)
[2018-10-23T21:56:33.893-0400][gc            ] GC(3) Pause Young (G1 Evacuation Pause) 339M->144M(1024M) 6.996ms
[2018-10-23T21:56:33.893-0400][gc,cpu        ] GC(3) User=0.02s Sys=0.00s Real=0.00s
[2018-10-23T21:56:34.230-0400][gc,start      ] GC(4) Pause Young (G1 Evacuation Pause)
[2018-10-23T21:56:34.230-0400][gc,task       ] GC(4) Using 8 workers of 8 for evacuation
[2018-10-23T21:56:34.239-0400][gc,phases     ] GC(4)   Pre Evacuate Collection Set: 0.0ms
[2018-10-23T21:56:34.239-0400][gc,phases     ] GC(4)   Evacuate Collection Set: 7.0ms
[2018-10-23T21:56:34.239-0400][gc,phases     ] GC(4)   Post Evacuate Collection Set: 1.6ms
[2018-10-23T21:56:34.239-0400][gc,phases     ] GC(4)   Other: 0.2ms
[2018-10-23T21:56:34.239-0400][gc,heap       ] GC(4) Eden regions: 44->0(45)
[2018-10-23T21:56:34.239-0400][gc,heap       ] GC(4) Survivor regions: 7->6(7)
[2018-10-23T21:56:34.239-0400][gc,heap       ] GC(4) Old regions: 8->10
[2018-10-23T21:56:34.239-0400][gc,heap       ] GC(4) Humongous regions: 130->130
[2018-10-23T21:56:34.239-0400][gc,metaspace  ] GC(4) Metaspace: 32139K->32139K(1079296K)
[2018-10-23T21:56:34.239-0400][gc            ] GC(4) Pause Young (G1 Evacuation Pause) 188M->145M(1024M) 8.900ms
[2018-10-23T21:56:34.239-0400][gc,cpu        ] GC(4) User=0.02s Sys=0.01s Real=0.01s
[2018-10-23T21:58:00.149-0400][gc,start      ] GC(5) Pause Young (G1 Evacuation Pause)
[2018-10-23T21:58:00.149-0400][gc,task       ] GC(5) Using 8 workers of 8 for evacuation
[2018-10-23T21:58:00.156-0400][gc,phases     ] GC(5)   Pre Evacuate Collection Set: 0.1ms
[2018-10-23T21:58:00.156-0400][gc,phases     ] GC(5)   Evacuate Collection Set: 4.8ms
[2018-10-23T21:58:00.156-0400][gc,phases     ] GC(5)   Post Evacuate Collection Set: 1.5ms
[2018-10-23T21:58:00.156-0400][gc,phases     ] GC(5)   Other: 0.2ms
[2018-10-23T21:58:00.156-0400][gc,heap       ] GC(5) Eden regions: 45->0(47)
[2018-10-23T21:58:00.156-0400][gc,heap       ] GC(5) Survivor regions: 6->4(7)
[2018-10-23T21:58:00.156-0400][gc,heap       ] GC(5) Old regions: 10->12
[2018-10-23T21:58:00.156-0400][gc,heap       ] GC(5) Humongous regions: 230->130
[2018-10-23T21:58:00.156-0400][gc,metaspace  ] GC(5) Metaspace: 35083K->35083K(1081344K)
[2018-10-23T21:58:00.156-0400][gc            ] GC(5) Pause Young (G1 Evacuation Pause) 290M->145M(1024M) 6.566ms
[2018-10-23T21:58:00.156-0400][gc,cpu        ] GC(5) User=0.03s Sys=0.00s Real=0.01s
[2018-10-23T21:58:16.185-0400][gc,start      ] GC(6) Pause Initial Mark (Metadata GC Threshold)
[2018-10-23T21:58:16.185-0400][gc,task       ] GC(6) Using 8 workers of 8 for evacuation
[2018-10-23T21:58:16.194-0400][gc,phases     ] GC(6)   Pre Evacuate Collection Set: 0.0ms
[2018-10-23T21:58:16.194-0400][gc,phases     ] GC(6)   Evacuate Collection Set: 8.3ms
[2018-10-23T21:58:16.194-0400][gc,phases     ] GC(6)   Post Evacuate Collection Set: 0.5ms
[2018-10-23T21:58:16.194-0400][gc,phases     ] GC(6)   Other: 0.3ms
[2018-10-23T21:58:16.194-0400][gc,heap       ] GC(6) Eden regions: 27->0(49)
[2018-10-23T21:58:16.194-0400][gc,heap       ] GC(6) Survivor regions: 4->2(7)
[2018-10-23T21:58:16.194-0400][gc,heap       ] GC(6) Old regions: 12->12
[2018-10-23T21:58:16.194-0400][gc,heap       ] GC(6) Humongous regions: 186->130
[2018-10-23T21:58:16.194-0400][gc,metaspace  ] GC(6) Metaspace: 35207K->35207K(1081344K)
[2018-10-23T21:58:16.194-0400][gc            ] GC(6) Pause Initial Mark (Metadata GC Threshold) 227M->142M(1024M) 9.284ms
[2018-10-23T21:58:16.194-0400][gc,cpu        ] GC(6) User=0.01s Sys=0.00s Real=0.01s
[2018-10-23T21:58:16.194-0400][gc            ] GC(7) Concurrent Cycle
[2018-10-23T21:58:16.194-0400][gc,marking    ] GC(7) Concurrent Clear Claimed Marks
[2018-10-23T21:58:16.194-0400][gc,marking    ] GC(7) Concurrent Clear Claimed Marks 0.013ms
[2018-10-23T21:58:16.194-0400][gc,marking    ] GC(7) Concurrent Scan Root Regions
[2018-10-23T21:58:16.195-0400][gc,marking    ] GC(7) Concurrent Scan Root Regions 0.961ms
[2018-10-23T21:58:16.195-0400][gc,marking    ] GC(7) Concurrent Mark (103.961s)
[2018-10-23T21:58:16.195-0400][gc,marking    ] GC(7) Concurrent Mark From Roots
[2018-10-23T21:58:16.195-0400][gc,task       ] GC(7) Using 2 workers of 2 for marking
[2018-10-23T21:58:16.203-0400][gc,marking    ] GC(7) Concurrent Mark From Roots 7.650ms
[2018-10-23T21:58:16.203-0400][gc,marking    ] GC(7) Concurrent Mark (103.961s, 103.969s) 7.677ms
[2018-10-23T21:58:16.203-0400][gc,start      ] GC(7) Pause Remark
[2018-10-23T21:58:16.228-0400][gc,stringtable] GC(7) Cleaned string and symbol table, strings: 14615 processed, 18 removed, symbols: 95918 processed, 13 removed
[2018-10-23T21:58:16.228-0400][gc,mmu        ] GC(7) MMU target violated: 21.0ms (20.0ms/21.0ms)
[2018-10-23T21:58:16.228-0400][gc            ] GC(7) Pause Remark 143M->143M(1024M) 24.734ms
[2018-10-23T21:58:16.228-0400][gc,cpu        ] GC(7) User=0.09s Sys=0.00s Real=0.02s
[2018-10-23T21:58:16.228-0400][gc,marking    ] GC(7) Concurrent Create Live Data
[2018-10-23T21:58:16.230-0400][gc,marking    ] GC(7) Concurrent Create Live Data 1.788ms
[2018-10-23T21:58:16.230-0400][gc,start      ] GC(7) Pause Cleanup
[2018-10-23T21:58:16.231-0400][gc            ] GC(7) Pause Cleanup 143M->143M(1024M) 0.775ms
[2018-10-23T21:58:16.231-0400][gc,cpu        ] GC(7) User=0.00s Sys=0.00s Real=0.00s
[2018-10-23T21:58:16.231-0400][gc,marking    ] GC(7) Concurrent Cleanup for Next Mark
[2018-10-23T21:58:16.235-0400][gc,marking    ] GC(7) Concurrent Cleanup for Next Mark 4.885ms
[2018-10-23T21:58:16.236-0400][gc            ] GC(7) Concurrent Cycle 41.515ms
[2018-10-23T21:58:42.915-0400][gc,start      ] GC(8) Pause Young (G1 Evacuation Pause)
[2018-10-23T21:58:42.915-0400][gc,task       ] GC(8) Using 8 workers of 8 for evacuation
[2018-10-23T21:58:42.919-0400][gc,phases     ] GC(8)   Pre Evacuate Collection Set: 0.1ms
[2018-10-23T21:58:42.919-0400][gc,phases     ] GC(8)   Evacuate Collection Set: 2.9ms
[2018-10-23T21:58:42.919-0400][gc,phases     ] GC(8)   Post Evacuate Collection Set: 0.5ms
[2018-10-23T21:58:42.919-0400][gc,phases     ] GC(8)   Other: 0.2ms
[2018-10-23T21:58:42.919-0400][gc,heap       ] GC(8) Eden regions: 49->0(50)
[2018-10-23T21:58:42.919-0400][gc,heap       ] GC(8) Survivor regions: 2->2(7)
[2018-10-23T21:58:42.919-0400][gc,heap       ] GC(8) Old regions: 12->12
[2018-10-23T21:58:42.919-0400][gc,heap       ] GC(8) Humongous regions: 220->130
[2018-10-23T21:58:42.919-0400][gc,metaspace  ] GC(8) Metaspace: 35302K->35302K(1081344K)
[2018-10-23T21:58:42.919-0400][gc            ] GC(8) Pause Young (G1 Evacuation Pause) 281M->143M(1024M) 3.775ms
[2018-10-23T21:58:42.919-0400][gc,cpu        ] GC(8) User=0.02s Sys=0.00s Real=0.00s
[2018-10-23T21:59:08.683-0400][gc,start      ] GC(9) Pause Young (G1 Evacuation Pause)
[2018-10-23T21:59:08.683-0400][gc,task       ] GC(9) Using 8 workers of 8 for evacuation
[2018-10-23T21:59:08.687-0400][gc,phases     ] GC(9)   Pre Evacuate Collection Set: 0.1ms
[2018-10-23T21:59:08.687-0400][gc,phases     ] GC(9)   Evacuate Collection Set: 2.9ms
[2018-10-23T21:59:08.687-0400][gc,phases     ] GC(9)   Post Evacuate Collection Set: 0.5ms
[2018-10-23T21:59:08.687-0400][gc,phases     ] GC(9)   Other: 0.2ms
[2018-10-23T21:59:08.687-0400][gc,heap       ] GC(9) Eden regions: 50->0(63)
[2018-10-23T21:59:08.687-0400][gc,heap       ] GC(9) Survivor regions: 2->2(7)
[2018-10-23T21:59:08.687-0400][gc,heap       ] GC(9) Old regions: 12->12
[2018-10-23T21:59:08.687-0400][gc,heap       ] GC(9) Humongous regions: 202->130
[2018-10-23T21:59:08.687-0400][gc,metaspace  ] GC(9) Metaspace: 35465K->35465K(1081344K)
[2018-10-23T21:59:08.687-0400][gc            ] GC(9) Pause Young (G1 Evacuation Pause) 265M->142M(1024M) 3.797ms
[2018-10-23T21:59:08.687-0400][gc,cpu        ] GC(9) User=0.01s Sys=0.01s Real=0.00s
[2018-10-23T21:59:53.972-0400][gc,start      ] GC(10) Pause Initial Mark (G1 Humongous Allocation)
[2018-10-23T21:59:53.972-0400][gc,task       ] GC(10) Using 8 workers of 8 for evacuation
[2018-10-23T21:59:53.978-0400][gc,phases     ] GC(10)   Pre Evacuate Collection Set: 0.1ms
[2018-10-23T21:59:53.978-0400][gc,phases     ] GC(10)   Evacuate Collection Set: 4.9ms
[2018-10-23T21:59:53.978-0400][gc,phases     ] GC(10)   Post Evacuate Collection Set: 0.6ms
[2018-10-23T21:59:53.978-0400][gc,phases     ] GC(10)   Other: 0.3ms
[2018-10-23T21:59:53.978-0400][gc,heap       ] GC(10) Eden regions: 50->0(79)
[2018-10-23T21:59:53.978-0400][gc,heap       ] GC(10) Survivor regions: 2->2(9)
[2018-10-23T21:59:53.978-0400][gc,heap       ] GC(10) Old regions: 12->12
[2018-10-23T21:59:53.978-0400][gc,heap       ] GC(10) Humongous regions: 346->130
[2018-10-23T21:59:53.978-0400][gc,metaspace  ] GC(10) Metaspace: 35680K->35680K(1081344K)
[2018-10-23T21:59:53.978-0400][gc            ] GC(10) Pause Initial Mark (G1 Humongous Allocation) 408M->143M(1024M) 5.930ms
[2018-10-23T21:59:53.978-0400][gc,cpu        ] GC(10) User=0.01s Sys=0.00s Real=0.01s
[2018-10-23T21:59:53.978-0400][gc            ] GC(11) Concurrent Cycle
[2018-10-23T21:59:53.978-0400][gc,marking    ] GC(11) Concurrent Clear Claimed Marks
[2018-10-23T21:59:53.978-0400][gc,marking    ] GC(11) Concurrent Clear Claimed Marks 0.024ms
[2018-10-23T21:59:53.978-0400][gc,marking    ] GC(11) Concurrent Scan Root Regions
[2018-10-23T21:59:53.979-0400][gc,marking    ] GC(11) Concurrent Scan Root Regions 0.977ms
[2018-10-23T21:59:53.979-0400][gc,marking    ] GC(11) Concurrent Mark (201.745s)
[2018-10-23T21:59:53.979-0400][gc,marking    ] GC(11) Concurrent Mark From Roots
[2018-10-23T21:59:53.979-0400][gc,task       ] GC(11) Using 2 workers of 2 for marking
[2018-10-23T21:59:53.988-0400][gc,marking    ] GC(11) Concurrent Mark From Roots 8.607ms
[2018-10-23T21:59:53.988-0400][gc,marking    ] GC(11) Concurrent Mark (201.745s, 201.754s) 8.651ms
[2018-10-23T21:59:53.988-0400][gc,start      ] GC(11) Pause Remark
[2018-10-23T21:59:53.994-0400][gc,stringtable] GC(11) Cleaned string and symbol table, strings: 14739 processed, 0 removed, symbols: 95906 processed, 1 removed
[2018-10-23T21:59:53.994-0400][gc            ] GC(11) Pause Remark 146M->146M(1024M) 5.833ms
[2018-10-23T21:59:53.994-0400][gc,cpu        ] GC(11) User=0.02s Sys=0.00s Real=0.00s
[2018-10-23T21:59:53.994-0400][gc,marking    ] GC(11) Concurrent Create Live Data
[2018-10-23T21:59:53.996-0400][gc,marking    ] GC(11) Concurrent Create Live Data 1.750ms
[2018-10-23T21:59:53.996-0400][gc,start      ] GC(11) Pause Cleanup
[2018-10-23T21:59:53.997-0400][gc            ] GC(11) Pause Cleanup 146M->146M(1024M) 0.625ms
[2018-10-23T21:59:53.997-0400][gc,cpu        ] GC(11) User=0.00s Sys=0.00s Real=0.00s
[2018-10-23T21:59:53.997-0400][gc,marking    ] GC(11) Concurrent Cleanup for Next Mark
[2018-10-23T21:59:53.998-0400][gc,marking    ] GC(11) Concurrent Cleanup for Next Mark 1.462ms
[2018-10-23T21:59:53.998-0400][gc            ] GC(11) Concurrent Cycle 20.010ms
[2018-10-23T22:00:40.777-0400][gc,start      ] GC(12) Pause Young (G1 Evacuation Pause)
[2018-10-23T22:00:40.777-0400][gc,task       ] GC(12) Using 8 workers of 8 for evacuation
[2018-10-23T22:00:40.781-0400][gc,phases     ] GC(12)   Pre Evacuate Collection Set: 0.1ms
[2018-10-23T22:00:40.781-0400][gc,phases     ] GC(12)   Evacuate Collection Set: 3.3ms
[2018-10-23T22:00:40.781-0400][gc,phases     ] GC(12)   Post Evacuate Collection Set: 0.6ms
[2018-10-23T22:00:40.781-0400][gc,phases     ] GC(12)   Other: 0.2ms
[2018-10-23T22:00:40.781-0400][gc,heap       ] GC(12) Eden regions: 79->0(90)
[2018-10-23T22:00:40.781-0400][gc,heap       ] GC(12) Survivor regions: 2->2(11)
[2018-10-23T22:00:40.781-0400][gc,heap       ] GC(12) Old regions: 12->12
[2018-10-23T22:00:40.781-0400][gc,heap       ] GC(12) Humongous regions: 296->130
[2018-10-23T22:00:40.781-0400][gc,metaspace  ] GC(12) Metaspace: 35901K->35901K(1081344K)
[2018-10-23T22:00:40.781-0400][gc            ] GC(12) Pause Young (G1 Evacuation Pause) 388M->143M(1024M) 4.249ms
[2018-10-23T22:00:40.781-0400][gc,cpu        ] GC(12) User=0.01s Sys=0.00s Real=0.00s
[2018-10-23T22:01:26.427-0400][gc,start      ] GC(13) Pause Young (G1 Evacuation Pause)
[2018-10-23T22:01:26.427-0400][gc,task       ] GC(13) Using 8 workers of 8 for evacuation
[2018-10-23T22:01:26.431-0400][gc,phases     ] GC(13)   Pre Evacuate Collection Set: 0.1ms
[2018-10-23T22:01:26.431-0400][gc,phases     ] GC(13)   Evacuate Collection Set: 3.0ms
[2018-10-23T22:01:26.431-0400][gc,phases     ] GC(13)   Post Evacuate Collection Set: 0.6ms
[2018-10-23T22:01:26.431-0400][gc,phases     ] GC(13)   Other: 0.2ms
[2018-10-23T22:01:26.431-0400][gc,heap       ] GC(13) Eden regions: 90->0(107)
[2018-10-23T22:01:26.431-0400][gc,heap       ] GC(13) Survivor regions: 2->3(12)
[2018-10-23T22:01:26.431-0400][gc,heap       ] GC(13) Old regions: 12->12
[2018-10-23T22:01:26.431-0400][gc,heap       ] GC(13) Humongous regions: 252->130
[2018-10-23T22:01:26.431-0400][gc,metaspace  ] GC(13) Metaspace: 35952K->35952K(1081344K)
[2018-10-23T22:01:26.431-0400][gc            ] GC(13) Pause Young (G1 Evacuation Pause) 355M->143M(1024M) 3.948ms
[2018-10-23T22:01:26.431-0400][gc,cpu        ] GC(13) User=0.02s Sys=0.00s Real=0.00s
[2018-10-23T22:02:25.595-0400][gc,start      ] GC(14) Pause Initial Mark (G1 Humongous Allocation)
[2018-10-23T22:02:25.595-0400][gc,task       ] GC(14) Using 8 workers of 8 for evacuation
[2018-10-23T22:02:25.603-0400][gc,phases     ] GC(14)   Pre Evacuate Collection Set: 0.1ms
[2018-10-23T22:02:25.603-0400][gc,phases     ] GC(14)   Evacuate Collection Set: 6.4ms
[2018-10-23T22:02:25.603-0400][gc,phases     ] GC(14)   Post Evacuate Collection Set: 0.7ms
[2018-10-23T22:02:25.603-0400][gc,phases     ] GC(14)   Other: 0.4ms
[2018-10-23T22:02:25.603-0400][gc,heap       ] GC(14) Eden regions: 89->0(116)
[2018-10-23T22:02:25.603-0400][gc,heap       ] GC(14) Survivor regions: 3->3(14)
[2018-10-23T22:02:25.603-0400][gc,heap       ] GC(14) Old regions: 12->12
[2018-10-23T22:02:25.603-0400][gc,heap       ] GC(14) Humongous regions: 346->130
[2018-10-23T22:02:25.603-0400][gc,metaspace  ] GC(14) Metaspace: 36003K->36003K(1081344K)
[2018-10-23T22:02:25.603-0400][gc            ] GC(14) Pause Initial Mark (G1 Humongous Allocation) 447M->144M(1024M) 7.657ms
[2018-10-23T22:02:25.603-0400][gc,cpu        ] GC(14) User=0.02s Sys=0.00s Real=0.01s
[2018-10-23T22:02:25.603-0400][gc            ] GC(15) Concurrent Cycle
[2018-10-23T22:02:25.603-0400][gc,marking    ] GC(15) Concurrent Clear Claimed Marks
[2018-10-23T22:02:25.603-0400][gc,marking    ] GC(15) Concurrent Clear Claimed Marks 0.028ms
[2018-10-23T22:02:25.603-0400][gc,marking    ] GC(15) Concurrent Scan Root Regions
[2018-10-23T22:02:25.604-0400][gc,marking    ] GC(15) Concurrent Scan Root Regions 1.214ms
[2018-10-23T22:02:25.604-0400][gc,marking    ] GC(15) Concurrent Mark (353.371s)
[2018-10-23T22:02:25.604-0400][gc,marking    ] GC(15) Concurrent Mark From Roots
[2018-10-23T22:02:25.604-0400][gc,task       ] GC(15) Using 2 workers of 2 for marking
[2018-10-23T22:02:25.612-0400][gc,marking    ] GC(15) Concurrent Mark From Roots 8.170ms
[2018-10-23T22:02:25.612-0400][gc,marking    ] GC(15) Concurrent Mark (353.371s, 353.379s) 8.225ms
[2018-10-23T22:02:25.613-0400][gc,start      ] GC(15) Pause Remark
[2018-10-23T22:02:25.619-0400][gc,stringtable] GC(15) Cleaned string and symbol table, strings: 14906 processed, 0 removed, symbols: 95905 processed, 0 removed
[2018-10-23T22:02:25.619-0400][gc            ] GC(15) Pause Remark 147M->147M(1024M) 6.705ms
[2018-10-23T22:02:25.619-0400][gc,cpu        ] GC(15) User=0.03s Sys=0.00s Real=0.01s
[2018-10-23T22:02:25.620-0400][gc,marking    ] GC(15) Concurrent Create Live Data
[2018-10-23T22:02:25.621-0400][gc,marking    ] GC(15) Concurrent Create Live Data 1.873ms
[2018-10-23T22:02:25.622-0400][gc,start      ] GC(15) Pause Cleanup
[2018-10-23T22:02:25.622-0400][gc            ] GC(15) Pause Cleanup 147M->147M(1024M) 0.673ms
[2018-10-23T22:02:25.622-0400][gc,cpu        ] GC(15) User=0.00s Sys=0.00s Real=0.01s
[2018-10-23T22:02:25.622-0400][gc,marking    ] GC(15) Concurrent Cleanup for Next Mark
[2018-10-23T22:02:25.624-0400][gc,marking    ] GC(15) Concurrent Cleanup for Next Mark 1.450ms
[2018-10-23T22:02:25.624-0400][gc            ] GC(15) Concurrent Cycle 21.037ms
[2018-10-23T22:03:08.235-0400][gc,start      ] GC(16) Pause Initial Mark (G1 Humongous Allocation)
[2018-10-23T22:03:08.235-0400][gc,task       ] GC(16) Using 8 workers of 8 for evacuation
[2018-10-23T22:03:08.241-0400][gc,phases     ] GC(16)   Pre Evacuate Collection Set: 0.1ms
[2018-10-23T22:03:08.241-0400][gc,phases     ] GC(16)   Evacuate Collection Set: 5.0ms
[2018-10-23T22:03:08.241-0400][gc,phases     ] GC(16)   Post Evacuate Collection Set: 0.7ms
[2018-10-23T22:03:08.241-0400][gc,phases     ] GC(16)   Other: 0.4ms
[2018-10-23T22:03:08.241-0400][gc,heap       ] GC(16) Eden regions: 41->0(113)
[2018-10-23T22:03:08.241-0400][gc,heap       ] GC(16) Survivor regions: 3->3(15)
[2018-10-23T22:03:08.241-0400][gc,heap       ] GC(16) Old regions: 12->12
[2018-10-23T22:03:08.241-0400][gc,heap       ] GC(16) Humongous regions: 346->130
[2018-10-23T22:03:08.241-0400][gc,metaspace  ] GC(16) Metaspace: 36012K->36012K(1081344K)
[2018-10-23T22:03:08.241-0400][gc            ] GC(16) Pause Initial Mark (G1 Humongous Allocation) 400M->144M(1024M) 6.264ms
[2018-10-23T22:03:08.241-0400][gc,cpu        ] GC(16) User=0.02s Sys=0.00s Real=0.00s
[2018-10-23T22:03:08.241-0400][gc            ] GC(17) Concurrent Cycle
[2018-10-23T22:03:08.241-0400][gc,marking    ] GC(17) Concurrent Clear Claimed Marks
[2018-10-23T22:03:08.241-0400][gc,marking    ] GC(17) Concurrent Clear Claimed Marks 0.019ms
[2018-10-23T22:03:08.241-0400][gc,marking    ] GC(17) Concurrent Scan Root Regions
[2018-10-23T22:03:08.243-0400][gc,marking    ] GC(17) Concurrent Scan Root Regions 1.527ms
[2018-10-23T22:03:08.243-0400][gc,marking    ] GC(17) Concurrent Mark (396.009s)
[2018-10-23T22:03:08.243-0400][gc,marking    ] GC(17) Concurrent Mark From Roots
[2018-10-23T22:03:08.243-0400][gc,task       ] GC(17) Using 2 workers of 2 for marking
[2018-10-23T22:03:08.251-0400][gc,marking    ] GC(17) Concurrent Mark From Roots 7.793ms
[2018-10-23T22:03:08.251-0400][gc,marking    ] GC(17) Concurrent Mark (396.009s, 396.017s) 7.832ms
[2018-10-23T22:03:08.251-0400][gc,start      ] GC(17) Pause Remark
[2018-10-23T22:03:08.257-0400][gc,stringtable] GC(17) Cleaned string and symbol table, strings: 14935 processed, 0 removed, symbols: 95912 processed, 0 removed
[2018-10-23T22:03:08.257-0400][gc            ] GC(17) Pause Remark 147M->147M(1024M) 6.427ms
[2018-10-23T22:03:08.257-0400][gc,cpu        ] GC(17) User=0.04s Sys=0.00s Real=0.01s
[2018-10-23T22:03:08.258-0400][gc,marking    ] GC(17) Concurrent Create Live Data
[2018-10-23T22:03:08.259-0400][gc,marking    ] GC(17) Concurrent Create Live Data 1.820ms
[2018-10-23T22:03:08.260-0400][gc,start      ] GC(17) Pause Cleanup
[2018-10-23T22:03:08.260-0400][gc            ] GC(17) Pause Cleanup 147M->147M(1024M) 0.630ms
[2018-10-23T22:03:08.260-0400][gc,cpu        ] GC(17) User=0.01s Sys=0.00s Real=0.00s
[2018-10-23T22:03:08.260-0400][gc,marking    ] GC(17) Concurrent Cleanup for Next Mark
[2018-10-23T22:03:08.262-0400][gc,marking    ] GC(17) Concurrent Cleanup for Next Mark 1.428ms
[2018-10-23T22:03:08.262-0400][gc            ] GC(17) Concurrent Cycle 20.404ms
[2018-10-23T22:03:40.468-0400][gc,start      ] GC(18) Pause Initial Mark (G1 Humongous Allocation)
[2018-10-23T22:03:40.468-0400][gc,task       ] GC(18) Using 8 workers of 8 for evacuation
[2018-10-23T22:03:40.474-0400][gc,phases     ] GC(18)   Pre Evacuate Collection Set: 0.1ms
[2018-10-23T22:03:40.474-0400][gc,phases     ] GC(18)   Evacuate Collection Set: 4.6ms
[2018-10-23T22:03:40.474-0400][gc,phases     ] GC(18)   Post Evacuate Collection Set: 0.5ms
[2018-10-23T22:03:40.474-0400][gc,phases     ] GC(18)   Other: 0.3ms
[2018-10-23T22:03:40.474-0400][gc,heap       ] GC(18) Eden regions: 6->0(108)
[2018-10-23T22:03:40.474-0400][gc,heap       ] GC(18) Survivor regions: 3->3(15)
[2018-10-23T22:03:40.474-0400][gc,heap       ] GC(18) Old regions: 12->12
[2018-10-23T22:03:40.474-0400][gc,heap       ] GC(18) Humongous regions: 346->130
[2018-10-23T22:03:40.474-0400][gc,metaspace  ] GC(18) Metaspace: 36021K->36021K(1081344K)
[2018-10-23T22:03:40.474-0400][gc            ] GC(18) Pause Initial Mark (G1 Humongous Allocation) 366M->144M(1024M) 5.496ms
[2018-10-23T22:03:40.474-0400][gc,cpu        ] GC(18) User=0.02s Sys=0.00s Real=0.01s
[2018-10-23T22:03:40.474-0400][gc            ] GC(19) Concurrent Cycle
[2018-10-23T22:03:40.474-0400][gc,marking    ] GC(19) Concurrent Clear Claimed Marks
[2018-10-23T22:03:40.474-0400][gc,marking    ] GC(19) Concurrent Clear Claimed Marks 0.019ms
[2018-10-23T22:03:40.474-0400][gc,marking    ] GC(19) Concurrent Scan Root Regions
[2018-10-23T22:03:40.475-0400][gc,marking    ] GC(19) Concurrent Scan Root Regions 1.364ms
[2018-10-23T22:03:40.475-0400][gc,marking    ] GC(19) Concurrent Mark (428.242s)
[2018-10-23T22:03:40.475-0400][gc,marking    ] GC(19) Concurrent Mark From Roots
[2018-10-23T22:03:40.475-0400][gc,task       ] GC(19) Using 2 workers of 2 for marking
[2018-10-23T22:03:40.483-0400][gc,marking    ] GC(19) Concurrent Mark From Roots 7.396ms
[2018-10-23T22:03:40.483-0400][gc,marking    ] GC(19) Concurrent Mark (428.242s, 428.249s) 7.425ms
[2018-10-23T22:03:40.483-0400][gc,start      ] GC(19) Pause Remark
[2018-10-23T22:03:40.491-0400][gc,stringtable] GC(19) Cleaned string and symbol table, strings: 14937 processed, 0 removed, symbols: 95912 processed, 0 removed
[2018-10-23T22:03:40.491-0400][gc            ] GC(19) Pause Remark 147M->147M(1024M) 8.242ms
[2018-10-23T22:03:40.491-0400][gc,cpu        ] GC(19) User=0.03s Sys=0.00s Real=0.00s
[2018-10-23T22:03:40.491-0400][gc,marking    ] GC(19) Concurrent Create Live Data
[2018-10-23T22:03:40.493-0400][gc,marking    ] GC(19) Concurrent Create Live Data 1.697ms
[2018-10-23T22:03:40.493-0400][gc,start      ] GC(19) Pause Cleanup
[2018-10-23T22:03:40.494-0400][gc            ] GC(19) Pause Cleanup 147M->147M(1024M) 0.639ms
[2018-10-23T22:03:40.494-0400][gc,cpu        ] GC(19) User=0.00s Sys=0.00s Real=0.01s
[2018-10-23T22:03:40.494-0400][gc,marking    ] GC(19) Concurrent Cleanup for Next Mark
[2018-10-23T22:03:40.495-0400][gc,marking    ] GC(19) Concurrent Cleanup for Next Mark 1.328ms
[2018-10-23T22:03:40.495-0400][gc            ] GC(19) Concurrent Cycle 21.435ms
[2018-10-23T22:04:14.056-0400][gc,start      ] GC(20) Pause Initial Mark (G1 Humongous Allocation)
[2018-10-23T22:04:14.056-0400][gc,task       ] GC(20) Using 8 workers of 8 for evacuation
[2018-10-23T22:04:14.061-0400][gc,phases     ] GC(20)   Pre Evacuate Collection Set: 0.1ms
[2018-10-23T22:04:14.061-0400][gc,phases     ] GC(20)   Evacuate Collection Set: 3.6ms
[2018-10-23T22:04:14.061-0400][gc,phases     ] GC(20)   Post Evacuate Collection Set: 0.6ms
[2018-10-23T22:04:14.061-0400][gc,phases     ] GC(20)   Other: 0.4ms
[2018-10-23T22:04:14.061-0400][gc,heap       ] GC(20) Eden regions: 7->0(115)
[2018-10-23T22:04:14.061-0400][gc,heap       ] GC(20) Survivor regions: 3->3(14)
[2018-10-23T22:04:14.061-0400][gc,heap       ] GC(20) Old regions: 12->12
[2018-10-23T22:04:14.061-0400][gc,heap       ] GC(20) Humongous regions: 346->130
[2018-10-23T22:04:14.061-0400][gc,metaspace  ] GC(20) Metaspace: 36029K->36029K(1081344K)
[2018-10-23T22:04:14.061-0400][gc            ] GC(20) Pause Initial Mark (G1 Humongous Allocation) 367M->144M(1024M) 4.765ms
[2018-10-23T22:04:14.061-0400][gc,cpu        ] GC(20) User=0.03s Sys=0.00s Real=0.00s
[2018-10-23T22:04:14.061-0400][gc            ] GC(21) Concurrent Cycle
[2018-10-23T22:04:14.061-0400][gc,marking    ] GC(21) Concurrent Clear Claimed Marks
[2018-10-23T22:04:14.061-0400][gc,marking    ] GC(21) Concurrent Clear Claimed Marks 0.014ms
[2018-10-23T22:04:14.061-0400][gc,marking    ] GC(21) Concurrent Scan Root Regions
[2018-10-23T22:04:14.063-0400][gc,marking    ] GC(21) Concurrent Scan Root Regions 1.553ms
[2018-10-23T22:04:14.063-0400][gc,marking    ] GC(21) Concurrent Mark (461.829s)
[2018-10-23T22:04:14.063-0400][gc,marking    ] GC(21) Concurrent Mark From Roots
[2018-10-23T22:04:14.063-0400][gc,task       ] GC(21) Using 2 workers of 2 for marking
[2018-10-23T22:04:14.070-0400][gc,marking    ] GC(21) Concurrent Mark From Roots 7.300ms
[2018-10-23T22:04:14.070-0400][gc,marking    ] GC(21) Concurrent Mark (461.829s, 461.836s) 7.332ms
[2018-10-23T22:04:14.070-0400][gc,start      ] GC(21) Pause Remark
[2018-10-23T22:04:14.079-0400][gc,stringtable] GC(21) Cleaned string and symbol table, strings: 14952 processed, 0 removed, symbols: 95912 processed, 0 removed
[2018-10-23T22:04:14.079-0400][gc            ] GC(21) Pause Remark 147M->147M(1024M) 8.636ms
[2018-10-23T22:04:14.079-0400][gc,cpu        ] GC(21) User=0.02s Sys=0.00s Real=0.01s
[2018-10-23T22:04:14.079-0400][gc,marking    ] GC(21) Concurrent Create Live Data
[2018-10-23T22:04:14.081-0400][gc,marking    ] GC(21) Concurrent Create Live Data 1.891ms
[2018-10-23T22:04:14.081-0400][gc,start      ] GC(21) Pause Cleanup
[2018-10-23T22:04:14.082-0400][gc            ] GC(21) Pause Cleanup 147M->147M(1024M) 0.566ms
[2018-10-23T22:04:14.082-0400][gc,cpu        ] GC(21) User=0.01s Sys=0.00s Real=0.00s
[2018-10-23T22:04:14.082-0400][gc,marking    ] GC(21) Concurrent Cleanup for Next Mark
[2018-10-23T22:04:14.083-0400][gc,marking    ] GC(21) Concurrent Cleanup for Next Mark 1.404ms
[2018-10-23T22:04:14.083-0400][gc            ] GC(21) Concurrent Cycle 22.154ms
[2018-10-23T22:05:04.883-0400][gc,start      ] GC(22) Pause Initial Mark (G1 Humongous Allocation)
[2018-10-23T22:05:04.883-0400][gc,task       ] GC(22) Using 8 workers of 8 for evacuation
[2018-10-23T22:05:04.893-0400][gc,phases     ] GC(22)   Pre Evacuate Collection Set: 0.1ms
[2018-10-23T22:05:04.893-0400][gc,phases     ] GC(22)   Evacuate Collection Set: 8.2ms
[2018-10-23T22:05:04.893-0400][gc,phases     ] GC(22)   Post Evacuate Collection Set: 0.7ms
[2018-10-23T22:05:04.893-0400][gc,phases     ] GC(22)   Other: 0.3ms
[2018-10-23T22:05:04.893-0400][gc,heap       ] GC(22) Eden regions: 63->0(140)
[2018-10-23T22:05:04.893-0400][gc,heap       ] GC(22) Survivor regions: 3->3(15)
[2018-10-23T22:05:04.893-0400][gc,heap       ] GC(22) Old regions: 12->12
[2018-10-23T22:05:04.893-0400][gc,heap       ] GC(22) Humongous regions: 346->130
[2018-10-23T22:05:04.893-0400][gc,metaspace  ] GC(22) Metaspace: 36031K->36031K(1081344K)
[2018-10-23T22:05:04.893-0400][gc            ] GC(22) Pause Initial Mark (G1 Humongous Allocation) 423M->144M(1024M) 9.377ms
[2018-10-23T22:05:04.893-0400][gc,cpu        ] GC(22) User=0.02s Sys=0.00s Real=0.00s
[2018-10-23T22:05:04.893-0400][gc            ] GC(23) Concurrent Cycle
[2018-10-23T22:05:04.893-0400][gc,marking    ] GC(23) Concurrent Clear Claimed Marks
[2018-10-23T22:05:04.893-0400][gc,marking    ] GC(23) Concurrent Clear Claimed Marks 0.014ms
[2018-10-23T22:05:04.893-0400][gc,marking    ] GC(23) Concurrent Scan Root Regions
[2018-10-23T22:05:04.894-0400][gc,marking    ] GC(23) Concurrent Scan Root Regions 1.357ms
[2018-10-23T22:05:04.894-0400][gc,marking    ] GC(23) Concurrent Mark (512.661s)
[2018-10-23T22:05:04.894-0400][gc,marking    ] GC(23) Concurrent Mark From Roots
[2018-10-23T22:05:04.894-0400][gc,task       ] GC(23) Using 2 workers of 2 for marking
[2018-10-23T22:05:04.901-0400][gc,marking    ] GC(23) Concurrent Mark From Roots 6.447ms
[2018-10-23T22:05:04.901-0400][gc,marking    ] GC(23) Concurrent Mark (512.661s, 512.667s) 6.477ms
[2018-10-23T22:05:04.901-0400][gc,start      ] GC(23) Pause Remark
[2018-10-23T22:05:04.908-0400][gc,stringtable] GC(23) Cleaned string and symbol table, strings: 14954 processed, 0 removed, symbols: 95912 processed, 0 removed
[2018-10-23T22:05:04.908-0400][gc            ] GC(23) Pause Remark 147M->147M(1024M) 6.703ms
[2018-10-23T22:05:04.908-0400][gc,cpu        ] GC(23) User=0.03s Sys=0.00s Real=0.01s
[2018-10-23T22:05:04.908-0400][gc,marking    ] GC(23) Concurrent Create Live Data
[2018-10-23T22:05:04.909-0400][gc,marking    ] GC(23) Concurrent Create Live Data 1.645ms
[2018-10-23T22:05:04.910-0400][gc,start      ] GC(23) Pause Cleanup
[2018-10-23T22:05:04.910-0400][gc            ] GC(23) Pause Cleanup 147M->147M(1024M) 0.582ms
[2018-10-23T22:05:04.910-0400][gc,cpu        ] GC(23) User=0.00s Sys=0.00s Real=0.00s
[2018-10-23T22:05:04.910-0400][gc,marking    ] GC(23) Concurrent Cleanup for Next Mark
[2018-10-23T22:05:04.912-0400][gc,marking    ] GC(23) Concurrent Cleanup for Next Mark 1.491ms
[2018-10-23T22:05:04.912-0400][gc            ] GC(23) Concurrent Cycle 19.035ms
[2018-10-23T22:06:14.918-0400][gc,start      ] GC(24) Pause Young (G1 Evacuation Pause)
[2018-10-23T22:06:14.918-0400][gc,task       ] GC(24) Using 8 workers of 8 for evacuation
[2018-10-23T22:06:14.922-0400][gc,phases     ] GC(24)   Pre Evacuate Collection Set: 0.1ms
[2018-10-23T22:06:14.922-0400][gc,phases     ] GC(24)   Evacuate Collection Set: 3.4ms
[2018-10-23T22:06:14.922-0400][gc,phases     ] GC(24)   Post Evacuate Collection Set: 0.7ms
[2018-10-23T22:06:14.922-0400][gc,phases     ] GC(24)   Other: 0.2ms
[2018-10-23T22:06:14.922-0400][gc,heap       ] GC(24) Eden regions: 140->0(193)
[2018-10-23T22:06:14.922-0400][gc,heap       ] GC(24) Survivor regions: 3->3(18)
[2018-10-23T22:06:14.922-0400][gc,heap       ] GC(24) Old regions: 12->12
[2018-10-23T22:06:14.922-0400][gc,heap       ] GC(24) Humongous regions: 308->130
[2018-10-23T22:06:14.922-0400][gc,metaspace  ] GC(24) Metaspace: 36047K->36047K(1081344K)
[2018-10-23T22:06:14.922-0400][gc            ] GC(24) Pause Young (G1 Evacuation Pause) 462M->144M(1024M) 4.451ms
[2018-10-23T22:06:14.922-0400][gc,cpu        ] GC(24) User=0.02s Sys=0.00s Real=0.01s
[2018-10-23T22:06:59.048-0400][gc,start      ] GC(25) Pause Initial Mark (G1 Humongous Allocation)
[2018-10-23T22:06:59.048-0400][gc,task       ] GC(25) Using 8 workers of 8 for evacuation
[2018-10-23T22:06:59.053-0400][gc,phases     ] GC(25)   Pre Evacuate Collection Set: 0.1ms
[2018-10-23T22:06:59.053-0400][gc,phases     ] GC(25)   Evacuate Collection Set: 3.6ms
[2018-10-23T22:06:59.053-0400][gc,phases     ] GC(25)   Post Evacuate Collection Set: 0.6ms
[2018-10-23T22:06:59.053-0400][gc,phases     ] GC(25)   Other: 0.3ms
[2018-10-23T22:06:59.053-0400][gc,heap       ] GC(25) Eden regions: 44->0(196)
[2018-10-23T22:06:59.053-0400][gc,heap       ] GC(25) Survivor regions: 3->4(25)
[2018-10-23T22:06:59.053-0400][gc,heap       ] GC(25) Old regions: 12->12
[2018-10-23T22:06:59.053-0400][gc,heap       ] GC(25) Humongous regions: 346->130
[2018-10-23T22:06:59.053-0400][gc,metaspace  ] GC(25) Metaspace: 36151K->36151K(1081344K)
[2018-10-23T22:06:59.053-0400][gc            ] GC(25) Pause Initial Mark (G1 Humongous Allocation) 403M->144M(1024M) 4.695ms
[2018-10-23T22:06:59.053-0400][gc,cpu        ] GC(25) User=0.02s Sys=0.00s Real=0.00s
[2018-10-23T22:06:59.053-0400][gc            ] GC(26) Concurrent Cycle
[2018-10-23T22:06:59.053-0400][gc,marking    ] GC(26) Concurrent Clear Claimed Marks
[2018-10-23T22:06:59.053-0400][gc,marking    ] GC(26) Concurrent Clear Claimed Marks 0.014ms
[2018-10-23T22:06:59.053-0400][gc,marking    ] GC(26) Concurrent Scan Root Regions
[2018-10-23T22:06:59.054-0400][gc,marking    ] GC(26) Concurrent Scan Root Regions 1.459ms
[2018-10-23T22:06:59.054-0400][gc,marking    ] GC(26) Concurrent Mark (626.821s)
[2018-10-23T22:06:59.054-0400][gc,marking    ] GC(26) Concurrent Mark From Roots
[2018-10-23T22:06:59.054-0400][gc,task       ] GC(26) Using 2 workers of 2 for marking
[2018-10-23T22:06:59.061-0400][gc,marking    ] GC(26) Concurrent Mark From Roots 7.190ms
[2018-10-23T22:06:59.061-0400][gc,marking    ] GC(26) Concurrent Mark (626.821s, 626.828s) 7.221ms
[2018-10-23T22:06:59.062-0400][gc,start      ] GC(26) Pause Remark
[2018-10-23T22:06:59.067-0400][gc,stringtable] GC(26) Cleaned string and symbol table, strings: 15030 processed, 0 removed, symbols: 96024 processed, 0 removed
[2018-10-23T22:06:59.068-0400][gc            ] GC(26) Pause Remark 147M->147M(1024M) 5.758ms
[2018-10-23T22:06:59.068-0400][gc,cpu        ] GC(26) User=0.04s Sys=0.00s Real=0.01s
[2018-10-23T22:06:59.068-0400][gc,marking    ] GC(26) Concurrent Create Live Data
[2018-10-23T22:06:59.069-0400][gc,marking    ] GC(26) Concurrent Create Live Data 1.786ms
[2018-10-23T22:06:59.070-0400][gc,start      ] GC(26) Pause Cleanup
[2018-10-23T22:06:59.070-0400][gc            ] GC(26) Pause Cleanup 147M->147M(1024M) 0.716ms
[2018-10-23T22:06:59.070-0400][gc,cpu        ] GC(26) User=0.00s Sys=0.00s Real=0.00s
[2018-10-23T22:06:59.070-0400][gc,marking    ] GC(26) Concurrent Cleanup for Next Mark
[2018-10-23T22:06:59.072-0400][gc,marking    ] GC(26) Concurrent Cleanup for Next Mark 1.375ms
[2018-10-23T22:06:59.072-0400][gc            ] GC(26) Concurrent Cycle 19.027ms
[2018-10-23T22:13:39.524-0400][gc,start      ] GC(27) Pause Initial Mark (G1 Humongous Allocation)
[2018-10-23T22:13:39.524-0400][gc,task       ] GC(27) Using 8 workers of 8 for evacuation
[2018-10-23T22:13:39.529-0400][gc,phases     ] GC(27)   Pre Evacuate Collection Set: 0.1ms
[2018-10-23T22:13:39.529-0400][gc,phases     ] GC(27)   Evacuate Collection Set: 4.2ms
[2018-10-23T22:13:39.529-0400][gc,phases     ] GC(27)   Post Evacuate Collection Set: 0.6ms
[2018-10-23T22:13:39.529-0400][gc,phases     ] GC(27)   Other: 0.3ms
[2018-10-23T22:13:39.529-0400][gc,heap       ] GC(27) Eden regions: 62->0(268)
[2018-10-23T22:13:39.529-0400][gc,heap       ] GC(27) Survivor regions: 4->4(25)
[2018-10-23T22:13:39.529-0400][gc,heap       ] GC(27) Old regions: 12->12
[2018-10-23T22:13:39.529-0400][gc,heap       ] GC(27) Humongous regions: 346->130
[2018-10-23T22:13:39.529-0400][gc,metaspace  ] GC(27) Metaspace: 36210K->36210K(1081344K)
[2018-10-23T22:13:39.529-0400][gc            ] GC(27) Pause Initial Mark (G1 Humongous Allocation) 422M->144M(1024M) 5.326ms
[2018-10-23T22:13:39.529-0400][gc,cpu        ] GC(27) User=0.02s Sys=0.00s Real=0.00s
[2018-10-23T22:13:39.529-0400][gc            ] GC(28) Concurrent Cycle
[2018-10-23T22:13:39.529-0400][gc,marking    ] GC(28) Concurrent Clear Claimed Marks
[2018-10-23T22:13:39.529-0400][gc,marking    ] GC(28) Concurrent Clear Claimed Marks 0.013ms
[2018-10-23T22:13:39.529-0400][gc,marking    ] GC(28) Concurrent Scan Root Regions
[2018-10-23T22:13:39.530-0400][gc,marking    ] GC(28) Concurrent Scan Root Regions 1.493ms
[2018-10-23T22:13:39.530-0400][gc,marking    ] GC(28) Concurrent Mark (1027.297s)
[2018-10-23T22:13:39.530-0400][gc,marking    ] GC(28) Concurrent Mark From Roots
[2018-10-23T22:13:39.530-0400][gc,task       ] GC(28) Using 2 workers of 2 for marking
[2018-10-23T22:13:39.538-0400][gc,marking    ] GC(28) Concurrent Mark From Roots 7.112ms
[2018-10-23T22:13:39.538-0400][gc,marking    ] GC(28) Concurrent Mark (1027.297s, 1027.304s) 7.133ms
[2018-10-23T22:13:39.538-0400][gc,start      ] GC(28) Pause Remark
[2018-10-23T22:13:39.546-0400][gc,stringtable] GC(28) Cleaned string and symbol table, strings: 15049 processed, 500 removed, symbols: 96043 processed, 0 removed
[2018-10-23T22:13:39.546-0400][gc            ] GC(28) Pause Remark 147M->147M(1024M) 8.041ms
[2018-10-23T22:13:39.546-0400][gc,cpu        ] GC(28) User=0.03s Sys=0.00s Real=0.01s
[2018-10-23T22:13:39.546-0400][gc,marking    ] GC(28) Concurrent Create Live Data
[2018-10-23T22:13:39.548-0400][gc,marking    ] GC(28) Concurrent Create Live Data 1.797ms
[2018-10-23T22:13:39.548-0400][gc,start      ] GC(28) Pause Cleanup
[2018-10-23T22:13:39.552-0400][gc            ] GC(28) Pause Cleanup 147M->147M(1024M) 3.946ms
[2018-10-23T22:13:39.552-0400][gc,cpu        ] GC(28) User=0.00s Sys=0.00s Real=0.00s
[2018-10-23T22:13:39.552-0400][gc,marking    ] GC(28) Concurrent Cleanup for Next Mark
[2018-10-23T22:13:39.553-0400][gc,marking    ] GC(28) Concurrent Cleanup for Next Mark 1.476ms
[2018-10-23T22:13:39.553-0400][gc            ] GC(28) Concurrent Cycle 24.586ms
[2018-10-23T22:14:11.614-0400][gc,start      ] GC(29) Pause Initial Mark (G1 Humongous Allocation)
[2018-10-23T22:14:11.614-0400][gc,task       ] GC(29) Using 8 workers of 8 for evacuation
[2018-10-23T22:14:11.620-0400][gc,phases     ] GC(29)   Pre Evacuate Collection Set: 0.1ms
[2018-10-23T22:14:11.620-0400][gc,phases     ] GC(29)   Evacuate Collection Set: 4.8ms
[2018-10-23T22:14:11.620-0400][gc,phases     ] GC(29)   Post Evacuate Collection Set: 0.6ms
[2018-10-23T22:14:11.620-0400][gc,phases     ] GC(29)   Other: 0.3ms
[2018-10-23T22:14:11.620-0400][gc,heap       ] GC(29) Eden regions: 8->0(398)
[2018-10-23T22:14:11.620-0400][gc,heap       ] GC(29) Survivor regions: 4->3(34)
[2018-10-23T22:14:11.620-0400][gc,heap       ] GC(29) Old regions: 12->13
[2018-10-23T22:14:11.620-0400][gc,heap       ] GC(29) Humongous regions: 346->130
[2018-10-23T22:14:11.620-0400][gc,metaspace  ] GC(29) Metaspace: 36080K->36080K(1081344K)
[2018-10-23T22:14:11.620-0400][gc            ] GC(29) Pause Initial Mark (G1 Humongous Allocation) 368M->144M(1024M) 5.732ms
[2018-10-23T22:14:11.620-0400][gc,cpu        ] GC(29) User=0.02s Sys=0.00s Real=0.00s
[2018-10-23T22:14:11.620-0400][gc            ] GC(30) Concurrent Cycle
[2018-10-23T22:14:11.620-0400][gc,marking    ] GC(30) Concurrent Clear Claimed Marks
[2018-10-23T22:14:11.620-0400][gc,marking    ] GC(30) Concurrent Clear Claimed Marks 0.013ms
[2018-10-23T22:14:11.620-0400][gc,marking    ] GC(30) Concurrent Scan Root Regions
[2018-10-23T22:14:11.621-0400][gc,marking    ] GC(30) Concurrent Scan Root Regions 1.165ms
[2018-10-23T22:14:11.621-0400][gc,marking    ] GC(30) Concurrent Mark (1059.387s)
[2018-10-23T22:14:11.621-0400][gc,marking    ] GC(30) Concurrent Mark From Roots
[2018-10-23T22:14:11.621-0400][gc,task       ] GC(30) Using 2 workers of 2 for marking
[2018-10-23T22:14:11.629-0400][gc,marking    ] GC(30) Concurrent Mark From Roots 7.624ms
[2018-10-23T22:14:11.629-0400][gc,marking    ] GC(30) Concurrent Mark (1059.387s, 1059.395s) 7.668ms
[2018-10-23T22:14:11.629-0400][gc,start      ] GC(30) Pause Remark
[2018-10-23T22:14:11.636-0400][gc,stringtable] GC(30) Cleaned string and symbol table, strings: 14549 processed, 1 removed, symbols: 96044 processed, 15 removed
[2018-10-23T22:14:11.636-0400][gc            ] GC(30) Pause Remark 148M->148M(1024M) 6.653ms
[2018-10-23T22:14:11.636-0400][gc,cpu        ] GC(30) User=0.04s Sys=0.00s Real=0.01s
[2018-10-23T22:14:11.636-0400][gc,marking    ] GC(30) Concurrent Create Live Data
[2018-10-23T22:14:11.640-0400][gc,marking    ] GC(30) Concurrent Create Live Data 4.329ms
[2018-10-23T22:14:11.640-0400][gc,start      ] GC(30) Pause Cleanup
[2018-10-23T22:14:11.641-0400][gc            ] GC(30) Pause Cleanup 148M->148M(1024M) 0.585ms
[2018-10-23T22:14:11.641-0400][gc,cpu        ] GC(30) User=0.01s Sys=0.00s Real=0.00s
[2018-10-23T22:14:11.641-0400][gc,marking    ] GC(30) Concurrent Cleanup for Next Mark
[2018-10-23T22:14:11.642-0400][gc,marking    ] GC(30) Concurrent Cleanup for Next Mark 1.526ms
[2018-10-23T22:14:11.642-0400][gc            ] GC(30) Concurrent Cycle 22.623ms
[2018-10-23T22:15:35.203-0400][gc,start      ] GC(31) Pause Initial Mark (G1 Humongous Allocation)
[2018-10-23T22:15:35.203-0400][gc,task       ] GC(31) Using 8 workers of 8 for evacuation
[2018-10-23T22:15:35.209-0400][gc,phases     ] GC(31)   Pre Evacuate Collection Set: 0.1ms
[2018-10-23T22:15:35.209-0400][gc,phases     ] GC(31)   Evacuate Collection Set: 5.4ms
[2018-10-23T22:15:35.209-0400][gc,phases     ] GC(31)   Post Evacuate Collection Set: 0.6ms
[2018-10-23T22:15:35.209-0400][gc,phases     ] GC(31)   Other: 0.3ms
[2018-10-23T22:15:35.209-0400][gc,heap       ] GC(31) Eden regions: 24->0(441)
[2018-10-23T22:15:35.209-0400][gc,heap       ] GC(31) Survivor regions: 3->3(51)
[2018-10-23T22:15:35.209-0400][gc,heap       ] GC(31) Old regions: 13->13
[2018-10-23T22:15:35.209-0400][gc,heap       ] GC(31) Humongous regions: 345->131
[2018-10-23T22:15:35.209-0400][gc,metaspace  ] GC(31) Metaspace: 36103K->36103K(1081344K)
[2018-10-23T22:15:35.209-0400][gc            ] GC(31) Pause Initial Mark (G1 Humongous Allocation) 382M->145M(1024M) 6.425ms
[2018-10-23T22:15:35.209-0400][gc,cpu        ] GC(31) User=0.02s Sys=0.00s Real=0.00s
[2018-10-23T22:15:35.209-0400][gc            ] GC(32) Concurrent Cycle
[2018-10-23T22:15:35.209-0400][gc,marking    ] GC(32) Concurrent Clear Claimed Marks
[2018-10-23T22:15:35.209-0400][gc,marking    ] GC(32) Concurrent Clear Claimed Marks 0.012ms
[2018-10-23T22:15:35.209-0400][gc,marking    ] GC(32) Concurrent Scan Root Regions
[2018-10-23T22:15:35.211-0400][gc,marking    ] GC(32) Concurrent Scan Root Regions 1.271ms
[2018-10-23T22:15:35.211-0400][gc,marking    ] GC(32) Concurrent Mark (1142.977s)
[2018-10-23T22:15:35.211-0400][gc,marking    ] GC(32) Concurrent Mark From Roots
[2018-10-23T22:15:35.211-0400][gc,task       ] GC(32) Using 2 workers of 2 for marking
[2018-10-23T22:15:35.219-0400][gc,marking    ] GC(32) Concurrent Mark From Roots 7.957ms
[2018-10-23T22:15:35.219-0400][gc,marking    ] GC(32) Concurrent Mark (1142.977s, 1142.985s) 7.979ms
[2018-10-23T22:15:35.219-0400][gc,start      ] GC(32) Pause Remark
[2018-10-23T22:15:35.225-0400][gc,stringtable] GC(32) Cleaned string and symbol table, strings: 14549 processed, 0 removed, symbols: 96029 processed, 0 removed
[2018-10-23T22:15:35.225-0400][gc            ] GC(32) Pause Remark 147M->147M(1024M) 5.991ms
[2018-10-23T22:15:35.225-0400][gc,cpu        ] GC(32) User=0.04s Sys=0.00s Real=0.01s
[2018-10-23T22:15:35.225-0400][gc,marking    ] GC(32) Concurrent Create Live Data
[2018-10-23T22:15:35.227-0400][gc,marking    ] GC(32) Concurrent Create Live Data 1.925ms
[2018-10-23T22:15:35.227-0400][gc,start      ] GC(32) Pause Cleanup
[2018-10-23T22:15:35.228-0400][gc            ] GC(32) Pause Cleanup 147M->147M(1024M) 0.714ms
[2018-10-23T22:15:35.228-0400][gc,cpu        ] GC(32) User=0.00s Sys=0.00s Real=0.00s
[2018-10-23T22:15:35.228-0400][gc,marking    ] GC(32) Concurrent Cleanup for Next Mark
[2018-10-23T22:15:35.229-0400][gc,marking    ] GC(32) Concurrent Cleanup for Next Mark 1.571ms
[2018-10-23T22:15:35.229-0400][gc            ] GC(32) Concurrent Cycle 20.061ms
[2018-10-23T22:18:02.006-0400][gc,start      ] GC(33) Pause Initial Mark (G1 Humongous Allocation)
[2018-10-23T22:18:02.006-0400][gc,task       ] GC(33) Using 8 workers of 8 for evacuation
[2018-10-23T22:18:02.010-0400][gc,phases     ] GC(33)   Pre Evacuate Collection Set: 0.1ms
[2018-10-23T22:18:02.010-0400][gc,phases     ] GC(33)   Evacuate Collection Set: 3.4ms
[2018-10-23T22:18:02.010-0400][gc,phases     ] GC(33)   Post Evacuate Collection Set: 0.7ms
[2018-10-23T22:18:02.010-0400][gc,phases     ] GC(33)   Other: 0.4ms
[2018-10-23T22:18:02.010-0400][gc,heap       ] GC(33) Eden regions: 78->0(462)
[2018-10-23T22:18:02.010-0400][gc,heap       ] GC(33) Survivor regions: 3->3(56)
[2018-10-23T22:18:02.010-0400][gc,heap       ] GC(33) Old regions: 13->13
[2018-10-23T22:18:02.010-0400][gc,heap       ] GC(33) Humongous regions: 345->131
[2018-10-23T22:18:02.010-0400][gc,metaspace  ] GC(33) Metaspace: 36134K->36134K(1081344K)
[2018-10-23T22:18:02.010-0400][gc            ] GC(33) Pause Initial Mark (G1 Humongous Allocation) 436M->145M(1024M) 4.644ms
[2018-10-23T22:18:02.010-0400][gc,cpu        ] GC(33) User=0.02s Sys=0.00s Real=0.00s
[2018-10-23T22:18:02.011-0400][gc            ] GC(34) Concurrent Cycle
[2018-10-23T22:18:02.011-0400][gc,marking    ] GC(34) Concurrent Clear Claimed Marks
[2018-10-23T22:18:02.011-0400][gc,marking    ] GC(34) Concurrent Clear Claimed Marks 0.015ms
[2018-10-23T22:18:02.011-0400][gc,marking    ] GC(34) Concurrent Scan Root Regions
[2018-10-23T22:18:02.012-0400][gc,marking    ] GC(34) Concurrent Scan Root Regions 1.820ms
[2018-10-23T22:18:02.012-0400][gc,marking    ] GC(34) Concurrent Mark (1289.779s)
[2018-10-23T22:18:02.012-0400][gc,marking    ] GC(34) Concurrent Mark From Roots
[2018-10-23T22:18:02.012-0400][gc,task       ] GC(34) Using 2 workers of 2 for marking
[2018-10-23T22:18:02.025-0400][gc,marking    ] GC(34) Concurrent Mark From Roots 12.780ms
[2018-10-23T22:18:02.025-0400][gc,marking    ] GC(34) Concurrent Mark (1289.779s, 1289.792s) 12.817ms
[2018-10-23T22:18:02.026-0400][gc,start      ] GC(34) Pause Remark
[2018-10-23T22:18:02.031-0400][gc,stringtable] GC(34) Cleaned string and symbol table, strings: 14554 processed, 0 removed, symbols: 96029 processed, 0 removed
[2018-10-23T22:18:02.031-0400][gc            ] GC(34) Pause Remark 147M->147M(1024M) 5.860ms
[2018-10-23T22:18:02.031-0400][gc,cpu        ] GC(34) User=0.03s Sys=0.00s Real=0.00s
[2018-10-23T22:18:02.032-0400][gc,marking    ] GC(34) Concurrent Create Live Data
[2018-10-23T22:18:02.034-0400][gc,marking    ] GC(34) Concurrent Create Live Data 2.000ms
[2018-10-23T22:18:02.034-0400][gc,start      ] GC(34) Pause Cleanup
[2018-10-23T22:18:02.034-0400][gc            ] GC(34) Pause Cleanup 147M->147M(1024M) 0.594ms
[2018-10-23T22:18:02.034-0400][gc,cpu        ] GC(34) User=0.00s Sys=0.00s Real=0.01s
[2018-10-23T22:18:02.034-0400][gc,marking    ] GC(34) Concurrent Cleanup for Next Mark
[2018-10-23T22:18:02.036-0400][gc,marking    ] GC(34) Concurrent Cleanup for Next Mark 1.657ms
[2018-10-23T22:18:02.036-0400][gc            ] GC(34) Concurrent Cycle 25.530ms
[2018-10-23T22:18:22.106-0400][gc,start      ] GC(35) Pause Initial Mark (G1 Humongous Allocation)
[2018-10-23T22:18:22.106-0400][gc,task       ] GC(35) Using 8 workers of 8 for evacuation
[2018-10-23T22:18:22.112-0400][gc,phases     ] GC(35)   Pre Evacuate Collection Set: 0.1ms
[2018-10-23T22:18:22.112-0400][gc,phases     ] GC(35)   Evacuate Collection Set: 5.3ms
[2018-10-23T22:18:22.112-0400][gc,phases     ] GC(35)   Post Evacuate Collection Set: 0.6ms
[2018-10-23T22:18:22.112-0400][gc,phases     ] GC(35)   Other: 0.3ms
[2018-10-23T22:18:22.112-0400][gc,heap       ] GC(35) Eden regions: 34->0(493)
[2018-10-23T22:18:22.112-0400][gc,heap       ] GC(35) Survivor regions: 3->3(59)
[2018-10-23T22:18:22.112-0400][gc,heap       ] GC(35) Old regions: 13->13
[2018-10-23T22:18:22.112-0400][gc,heap       ] GC(35) Humongous regions: 345->131
[2018-10-23T22:18:22.112-0400][gc,metaspace  ] GC(35) Metaspace: 36134K->36134K(1081344K)
[2018-10-23T22:18:22.113-0400][gc            ] GC(35) Pause Initial Mark (G1 Humongous Allocation) 392M->145M(1024M) 6.347ms
[2018-10-23T22:18:22.113-0400][gc,cpu        ] GC(35) User=0.01s Sys=0.00s Real=0.00s
[2018-10-23T22:18:22.113-0400][gc            ] GC(36) Concurrent Cycle
[2018-10-23T22:18:22.113-0400][gc,marking    ] GC(36) Concurrent Clear Claimed Marks
[2018-10-23T22:18:22.113-0400][gc,marking    ] GC(36) Concurrent Clear Claimed Marks 0.018ms
[2018-10-23T22:18:22.113-0400][gc,marking    ] GC(36) Concurrent Scan Root Regions
[2018-10-23T22:18:22.114-0400][gc,marking    ] GC(36) Concurrent Scan Root Regions 1.284ms
[2018-10-23T22:18:22.114-0400][gc,marking    ] GC(36) Concurrent Mark (1309.880s)
[2018-10-23T22:18:22.114-0400][gc,marking    ] GC(36) Concurrent Mark From Roots
[2018-10-23T22:18:22.114-0400][gc,task       ] GC(36) Using 2 workers of 2 for marking
[2018-10-23T22:18:22.122-0400][gc,marking    ] GC(36) Concurrent Mark From Roots 8.387ms
[2018-10-23T22:18:22.122-0400][gc,marking    ] GC(36) Concurrent Mark (1309.880s, 1309.889s) 8.422ms
[2018-10-23T22:18:22.123-0400][gc,start      ] GC(36) Pause Remark
[2018-10-23T22:18:22.133-0400][gc,stringtable] GC(36) Cleaned string and symbol table, strings: 14561 processed, 0 removed, symbols: 96029 processed, 0 removed
[2018-10-23T22:18:22.133-0400][gc            ] GC(36) Pause Remark 147M->147M(1024M) 10.371ms
[2018-10-23T22:18:22.133-0400][gc,cpu        ] GC(36) User=0.03s Sys=0.00s Real=0.00s
[2018-10-23T22:18:22.133-0400][gc,marking    ] GC(36) Concurrent Create Live Data
[2018-10-23T22:18:22.135-0400][gc,marking    ] GC(36) Concurrent Create Live Data 2.009ms
[2018-10-23T22:18:22.135-0400][gc,start      ] GC(36) Pause Cleanup
[2018-10-23T22:18:22.136-0400][gc            ] GC(36) Pause Cleanup 147M->147M(1024M) 0.608ms
[2018-10-23T22:18:22.136-0400][gc,cpu        ] GC(36) User=0.00s Sys=0.00s Real=0.00s
[2018-10-23T22:18:22.136-0400][gc,marking    ] GC(36) Concurrent Cleanup for Next Mark
[2018-10-23T22:18:22.138-0400][gc,marking    ] GC(36) Concurrent Cleanup for Next Mark 1.456ms
[2018-10-23T22:18:22.138-0400][gc            ] GC(36) Concurrent Cycle 24.994ms
[2018-10-23T22:18:37.921-0400][gc,start      ] GC(37) Pause Initial Mark (G1 Humongous Allocation)
[2018-10-23T22:18:37.921-0400][gc,task       ] GC(37) Using 8 workers of 8 for evacuation
[2018-10-23T22:18:37.926-0400][gc,phases     ] GC(37)   Pre Evacuate Collection Set: 0.1ms
[2018-10-23T22:18:37.926-0400][gc,phases     ] GC(37)   Evacuate Collection Set: 4.0ms
[2018-10-23T22:18:37.926-0400][gc,phases     ] GC(37)   Post Evacuate Collection Set: 0.5ms
[2018-10-23T22:18:37.926-0400][gc,phases     ] GC(37)   Other: 0.3ms
[2018-10-23T22:18:37.926-0400][gc,heap       ] GC(37) Eden regions: 7->0(507)
[2018-10-23T22:18:37.926-0400][gc,heap       ] GC(37) Survivor regions: 3->3(62)
[2018-10-23T22:18:37.926-0400][gc,heap       ] GC(37) Old regions: 13->13
[2018-10-23T22:18:37.926-0400][gc,heap       ] GC(37) Humongous regions: 345->131
[2018-10-23T22:18:37.926-0400][gc,metaspace  ] GC(37) Metaspace: 36136K->36136K(1081344K)
[2018-10-23T22:18:37.926-0400][gc            ] GC(37) Pause Initial Mark (G1 Humongous Allocation) 365M->145M(1024M) 4.980ms
[2018-10-23T22:18:37.926-0400][gc,cpu        ] GC(37) User=0.02s Sys=0.00s Real=0.01s
[2018-10-23T22:18:37.926-0400][gc            ] GC(38) Concurrent Cycle
[2018-10-23T22:18:37.926-0400][gc,marking    ] GC(38) Concurrent Clear Claimed Marks
[2018-10-23T22:18:37.926-0400][gc,marking    ] GC(38) Concurrent Clear Claimed Marks 0.012ms
[2018-10-23T22:18:37.926-0400][gc,marking    ] GC(38) Concurrent Scan Root Regions
[2018-10-23T22:18:37.927-0400][gc,marking    ] GC(38) Concurrent Scan Root Regions 1.086ms
[2018-10-23T22:18:37.927-0400][gc,marking    ] GC(38) Concurrent Mark (1325.694s)
[2018-10-23T22:18:37.927-0400][gc,marking    ] GC(38) Concurrent Mark From Roots
[2018-10-23T22:18:37.927-0400][gc,task       ] GC(38) Using 2 workers of 2 for marking
[2018-10-23T22:18:37.934-0400][gc,marking    ] GC(38) Concurrent Mark From Roots 7.213ms
[2018-10-23T22:18:37.935-0400][gc,marking    ] GC(38) Concurrent Mark (1325.694s, 1325.701s) 7.237ms
[2018-10-23T22:18:37.935-0400][gc,start      ] GC(38) Pause Remark
[2018-10-23T22:18:37.941-0400][gc,stringtable] GC(38) Cleaned string and symbol table, strings: 14578 processed, 0 removed, symbols: 96029 processed, 0 removed
[2018-10-23T22:18:37.941-0400][gc            ] GC(38) Pause Remark 147M->147M(1024M) 5.970ms
[2018-10-23T22:18:37.941-0400][gc,cpu        ] GC(38) User=0.04s Sys=0.00s Real=0.00s
[2018-10-23T22:18:37.941-0400][gc,marking    ] GC(38) Concurrent Create Live Data
[2018-10-23T22:18:37.943-0400][gc,marking    ] GC(38) Concurrent Create Live Data 2.098ms
[2018-10-23T22:18:37.943-0400][gc,start      ] GC(38) Pause Cleanup
[2018-10-23T22:18:37.944-0400][gc            ] GC(38) Pause Cleanup 147M->147M(1024M) 0.720ms
[2018-10-23T22:18:37.944-0400][gc,cpu        ] GC(38) User=0.00s Sys=0.00s Real=0.00s
[2018-10-23T22:18:37.944-0400][gc,marking    ] GC(38) Concurrent Cleanup for Next Mark
[2018-10-23T22:18:37.945-0400][gc,marking    ] GC(38) Concurrent Cleanup for Next Mark 1.546ms
[2018-10-23T22:18:37.945-0400][gc            ] GC(38) Concurrent Cycle 19.391ms
[2018-10-23T22:20:57.526-0400][gc,start      ] GC(39) Pause Initial Mark (G1 Humongous Allocation)
[2018-10-23T22:20:57.526-0400][gc,task       ] GC(39) Using 8 workers of 8 for evacuation
[2018-10-23T22:20:57.531-0400][gc,phases     ] GC(39)   Pre Evacuate Collection Set: 0.1ms
[2018-10-23T22:20:57.531-0400][gc,phases     ] GC(39)   Evacuate Collection Set: 4.2ms
[2018-10-23T22:20:57.531-0400][gc,phases     ] GC(39)   Post Evacuate Collection Set: 0.6ms
[2018-10-23T22:20:57.531-0400][gc,phases     ] GC(39)   Other: 0.4ms
[2018-10-23T22:20:57.531-0400][gc,heap       ] GC(39) Eden regions: 29->0(522)
[2018-10-23T22:20:57.531-0400][gc,heap       ] GC(39) Survivor regions: 3->3(64)
[2018-10-23T22:20:57.531-0400][gc,heap       ] GC(39) Old regions: 13->13
[2018-10-23T22:20:57.531-0400][gc,heap       ] GC(39) Humongous regions: 345->131
[2018-10-23T22:20:57.531-0400][gc,metaspace  ] GC(39) Metaspace: 36153K->36153K(1081344K)
[2018-10-23T22:20:57.531-0400][gc            ] GC(39) Pause Initial Mark (G1 Humongous Allocation) 388M->145M(1024M) 5.268ms
[2018-10-23T22:20:57.531-0400][gc,cpu        ] GC(39) User=0.02s Sys=0.01s Real=0.00s
[2018-10-23T22:20:57.531-0400][gc            ] GC(40) Concurrent Cycle
[2018-10-23T22:20:57.531-0400][gc,marking    ] GC(40) Concurrent Clear Claimed Marks
[2018-10-23T22:20:57.531-0400][gc,marking    ] GC(40) Concurrent Clear Claimed Marks 0.010ms
[2018-10-23T22:20:57.531-0400][gc,marking    ] GC(40) Concurrent Scan Root Regions
[2018-10-23T22:20:57.533-0400][gc,marking    ] GC(40) Concurrent Scan Root Regions 1.675ms
[2018-10-23T22:20:57.533-0400][gc,marking    ] GC(40) Concurrent Mark (1465.299s)
[2018-10-23T22:20:57.533-0400][gc,marking    ] GC(40) Concurrent Mark From Roots
[2018-10-23T22:20:57.533-0400][gc,task       ] GC(40) Using 2 workers of 2 for marking
[2018-10-23T22:20:57.540-0400][gc,marking    ] GC(40) Concurrent Mark From Roots 7.317ms
[2018-10-23T22:20:57.540-0400][gc,marking    ] GC(40) Concurrent Mark (1465.299s, 1465.307s) 7.350ms
[2018-10-23T22:20:57.540-0400][gc,start      ] GC(40) Pause Remark
[2018-10-23T22:20:57.549-0400][gc,stringtable] GC(40) Cleaned string and symbol table, strings: 14602 processed, 0 removed, symbols: 96031 processed, 0 removed
[2018-10-23T22:20:57.549-0400][gc            ] GC(40) Pause Remark 148M->148M(1024M) 9.089ms
[2018-10-23T22:20:57.550-0400][gc,cpu        ] GC(40) User=0.02s Sys=0.00s Real=0.01s
[2018-10-23T22:20:57.550-0400][gc,marking    ] GC(40) Concurrent Create Live Data
[2018-10-23T22:20:57.552-0400][gc,marking    ] GC(40) Concurrent Create Live Data 1.902ms
[2018-10-23T22:20:57.552-0400][gc,start      ] GC(40) Pause Cleanup
[2018-10-23T22:20:57.552-0400][gc            ] GC(40) Pause Cleanup 148M->148M(1024M) 0.547ms
[2018-10-23T22:20:57.552-0400][gc,cpu        ] GC(40) User=0.00s Sys=0.00s Real=0.00s
[2018-10-23T22:20:57.552-0400][gc,marking    ] GC(40) Concurrent Cleanup for Next Mark
[2018-10-23T22:20:57.554-0400][gc,marking    ] GC(40) Concurrent Cleanup for Next Mark 1.545ms
[2018-10-23T22:20:57.554-0400][gc            ] GC(40) Concurrent Cycle 22.809ms
