[2018-10-24T21:50:39.227-0400][gc,heap] Heap region size: 1M
[2018-10-24T21:50:39.237-0400][gc     ] Using G1
[2018-10-24T21:50:39.237-0400][gc,heap,coops] Heap address: 0x00000000c0000000, size: 1024 MB, Compressed Oops mode: 32-bit
[2018-10-24T21:50:39.981-0400][gc,start     ] GC(0) Pause Young (G1 Evacuation Pause)
[2018-10-24T21:50:39.981-0400][gc,task      ] GC(0) Using 8 workers of 8 for evacuation
[2018-10-24T21:50:40.021-0400][gc,mmu       ] GC(0) MMU target violated: 21.0ms (20.0ms/21.0ms)
[2018-10-24T21:50:40.021-0400][gc,phases    ] GC(0)   Pre Evacuate Collection Set: 0.0ms
[2018-10-24T21:50:40.021-0400][gc,phases    ] GC(0)   Evacuate Collection Set: 35.8ms
[2018-10-24T21:50:40.021-0400][gc,phases    ] GC(0)   Post Evacuate Collection Set: 4.5ms
[2018-10-24T21:50:40.021-0400][gc,phases    ] GC(0)   Other: 0.2ms
[2018-10-24T21:50:40.021-0400][gc,heap      ] GC(0) Eden regions: 51->0(44)
[2018-10-24T21:50:40.021-0400][gc,heap      ] GC(0) Survivor regions: 0->7(7)
[2018-10-24T21:50:40.021-0400][gc,heap      ] GC(0) Old regions: 0->4
[2018-10-24T21:50:40.021-0400][gc,heap      ] GC(0) Humongous regions: 1->1
[2018-10-24T21:50:40.021-0400][gc,metaspace ] GC(0) Metaspace: 19015K->19015K(1067008K)
[2018-10-24T21:50:40.021-0400][gc           ] GC(0) Pause Young (G1 Evacuation Pause) 52M->11M(1024M) 40.578ms
[2018-10-24T21:50:40.021-0400][gc,cpu       ] GC(0) User=0.14s Sys=0.00s Real=0.04s
[2018-10-24T21:50:40.144-0400][gc,start     ] GC(1) Pause Initial Mark (Metadata GC Threshold)
[2018-10-24T21:50:40.144-0400][gc,task      ] GC(1) Using 8 workers of 8 for evacuation
[2018-10-24T21:50:40.154-0400][gc,phases    ] GC(1)   Pre Evacuate Collection Set: 0.0ms
[2018-10-24T21:50:40.154-0400][gc,phases    ] GC(1)   Evacuate Collection Set: 8.3ms
[2018-10-24T21:50:40.154-0400][gc,phases    ] GC(1)   Post Evacuate Collection Set: 1.1ms
[2018-10-24T21:50:40.154-0400][gc,phases    ] GC(1)   Other: 0.3ms
[2018-10-24T21:50:40.154-0400][gc,heap      ] GC(1) Eden regions: 9->0(49)
[2018-10-24T21:50:40.154-0400][gc,heap      ] GC(1) Survivor regions: 7->2(7)
[2018-10-24T21:50:40.154-0400][gc,heap      ] GC(1) Old regions: 4->10
[2018-10-24T21:50:40.154-0400][gc,heap      ] GC(1) Humongous regions: 1->1
[2018-10-24T21:50:40.154-0400][gc,metaspace ] GC(1) Metaspace: 20589K->20589K(1069056K)
[2018-10-24T21:50:40.154-0400][gc           ] GC(1) Pause Initial Mark (Metadata GC Threshold) 19M->11M(1024M) 9.792ms
[2018-10-24T21:50:40.154-0400][gc,cpu       ] GC(1) User=0.02s Sys=0.01s Real=0.01s
[2018-10-24T21:50:40.159-0400][gc           ] GC(2) Concurrent Cycle
[2018-10-24T21:50:40.159-0400][gc,marking   ] GC(2) Concurrent Clear Claimed Marks
[2018-10-24T21:50:40.159-0400][gc,marking   ] GC(2) Concurrent Clear Claimed Marks 0.014ms
[2018-10-24T21:50:40.159-0400][gc,marking   ] GC(2) Concurrent Scan Root Regions
[2018-10-24T21:50:40.160-0400][gc,marking   ] GC(2) Concurrent Scan Root Regions 0.981ms
[2018-10-24T21:50:40.160-0400][gc,marking   ] GC(2) Concurrent Mark (0.937s)
[2018-10-24T21:50:40.160-0400][gc,marking   ] GC(2) Concurrent Mark From Roots
[2018-10-24T21:50:40.160-0400][gc,task      ] GC(2) Using 2 workers of 2 for marking
[2018-10-24T21:50:40.164-0400][gc,marking   ] GC(2) Concurrent Mark From Roots 3.993ms
[2018-10-24T21:50:40.164-0400][gc,marking   ] GC(2) Concurrent Mark (0.937s, 0.941s) 4.025ms
[2018-10-24T21:50:40.164-0400][gc,start     ] GC(2) Pause Remark
[2018-10-24T21:50:40.170-0400][gc,stringtable] GC(2) Cleaned string and symbol table, strings: 9215 processed, 0 removed, symbols: 68567 processed, 43 removed
[2018-10-24T21:50:40.170-0400][gc            ] GC(2) Pause Remark 12M->12M(1024M) 5.837ms
[2018-10-24T21:50:40.170-0400][gc,cpu        ] GC(2) User=0.03s Sys=0.00s Real=0.01s
[2018-10-24T21:50:40.170-0400][gc,marking    ] GC(2) Concurrent Create Live Data
[2018-10-24T21:50:40.171-0400][gc,marking    ] GC(2) Concurrent Create Live Data 0.975ms
[2018-10-24T21:50:40.171-0400][gc,start      ] GC(2) Pause Cleanup
[2018-10-24T21:50:40.172-0400][gc            ] GC(2) Pause Cleanup 12M->9M(1024M) 0.717ms
[2018-10-24T21:50:40.172-0400][gc,cpu        ] GC(2) User=0.00s Sys=0.00s Real=0.00s
[2018-10-24T21:50:40.172-0400][gc,marking    ] GC(2) Concurrent Complete Cleanup
[2018-10-24T21:50:40.172-0400][gc,marking    ] GC(2) Concurrent Complete Cleanup 0.019ms
[2018-10-24T21:50:40.172-0400][gc,marking    ] GC(2) Concurrent Cleanup for Next Mark
[2018-10-24T21:50:40.177-0400][gc,marking    ] GC(2) Concurrent Cleanup for Next Mark 5.128ms
[2018-10-24T21:50:40.177-0400][gc            ] GC(2) Concurrent Cycle 18.289ms
[2018-10-24T21:50:40.822-0400][gc,start      ] GC(3) Pause Initial Mark (G1 Humongous Allocation)
[2018-10-24T21:50:40.822-0400][gc,task       ] GC(3) Using 8 workers of 8 for evacuation
[2018-10-24T21:50:40.833-0400][gc,phases     ] GC(3)   Pre Evacuate Collection Set: 0.1ms
[2018-10-24T21:50:40.833-0400][gc,phases     ] GC(3)   Evacuate Collection Set: 8.8ms
[2018-10-24T21:50:40.833-0400][gc,phases     ] GC(3)   Post Evacuate Collection Set: 2.6ms
[2018-10-24T21:50:40.834-0400][gc,phases     ] GC(3)   Other: 0.4ms
[2018-10-24T21:50:40.834-0400][gc,heap       ] GC(3) Eden regions: 48->0(45)
[2018-10-24T21:50:40.834-0400][gc,heap       ] GC(3) Survivor regions: 2->6(7)
[2018-10-24T21:50:40.834-0400][gc,heap       ] GC(3) Old regions: 7->7
[2018-10-24T21:50:40.834-0400][gc,heap       ] GC(3) Humongous regions: 351->1
[2018-10-24T21:50:40.834-0400][gc,metaspace  ] GC(3) Metaspace: 25842K->25842K(1073152K)
[2018-10-24T21:50:40.834-0400][gc            ] GC(3) Pause Initial Mark (G1 Humongous Allocation) 406M->12M(1024M) 11.941ms
[2018-10-24T21:50:40.834-0400][gc,cpu        ] GC(3) User=0.02s Sys=0.00s Real=0.01s
[2018-10-24T21:50:40.834-0400][gc            ] GC(4) Concurrent Cycle
[2018-10-24T21:50:40.834-0400][gc,marking    ] GC(4) Concurrent Clear Claimed Marks
[2018-10-24T21:50:40.834-0400][gc,marking    ] GC(4) Concurrent Clear Claimed Marks 0.026ms
[2018-10-24T21:50:40.834-0400][gc,marking    ] GC(4) Concurrent Scan Root Regions
[2018-10-24T21:50:40.835-0400][gc,marking    ] GC(4) Concurrent Scan Root Regions 1.744ms
[2018-10-24T21:50:40.835-0400][gc,marking    ] GC(4) Concurrent Mark (1.612s)
[2018-10-24T21:50:40.835-0400][gc,marking    ] GC(4) Concurrent Mark From Roots
[2018-10-24T21:50:40.835-0400][gc,task       ] GC(4) Using 2 workers of 2 for marking
[2018-10-24T21:50:40.839-0400][gc,marking    ] GC(4) Concurrent Mark From Roots 3.990ms
[2018-10-24T21:50:40.839-0400][gc,marking    ] GC(4) Concurrent Mark (1.612s, 1.616s) 4.008ms
[2018-10-24T21:50:40.840-0400][gc,start      ] GC(4) Pause Remark
[2018-10-24T21:50:40.844-0400][gc,stringtable] GC(4) Cleaned string and symbol table, strings: 10651 processed, 18 removed, symbols: 79169 processed, 9 removed
[2018-10-24T21:50:40.844-0400][gc            ] GC(4) Pause Remark 24M->24M(1024M) 4.591ms
[2018-10-24T21:50:40.844-0400][gc,cpu        ] GC(4) User=0.01s Sys=0.01s Real=0.01s
[2018-10-24T21:50:40.844-0400][gc,marking    ] GC(4) Concurrent Create Live Data
[2018-10-24T21:50:40.846-0400][gc,marking    ] GC(4) Concurrent Create Live Data 1.121ms
[2018-10-24T21:50:40.846-0400][gc,start      ] GC(4) Pause Cleanup
[2018-10-24T21:50:40.846-0400][gc            ] GC(4) Pause Cleanup 24M->24M(1024M) 0.682ms
[2018-10-24T21:50:40.846-0400][gc,cpu        ] GC(4) User=0.00s Sys=0.00s Real=0.00s
[2018-10-24T21:50:40.846-0400][gc,marking    ] GC(4) Concurrent Cleanup for Next Mark
[2018-10-24T21:50:40.861-0400][gc,marking    ] GC(4) Concurrent Cleanup for Next Mark 14.565ms
[2018-10-24T21:50:40.861-0400][gc            ] GC(4) Concurrent Cycle 27.445ms
[2018-10-24T21:50:40.946-0400][gc,start      ] GC(5) Pause Initial Mark (G1 Humongous Allocation)
[2018-10-24T21:50:40.946-0400][gc,task       ] GC(5) Using 8 workers of 8 for evacuation
[2018-10-24T21:50:40.950-0400][gc,phases     ] GC(5)   Pre Evacuate Collection Set: 0.1ms
[2018-10-24T21:50:40.950-0400][gc,phases     ] GC(5)   Evacuate Collection Set: 2.4ms
[2018-10-24T21:50:40.950-0400][gc,phases     ] GC(5)   Post Evacuate Collection Set: 0.8ms
[2018-10-24T21:50:40.950-0400][gc,phases     ] GC(5)   Other: 0.3ms
[2018-10-24T21:50:40.950-0400][gc,heap       ] GC(5) Eden regions: 11->0(50)
[2018-10-24T21:50:40.950-0400][gc,heap       ] GC(5) Survivor regions: 6->1(7)
[2018-10-24T21:50:40.950-0400][gc,heap       ] GC(5) Old regions: 7->8
[2018-10-24T21:50:40.950-0400][gc,heap       ] GC(5) Humongous regions: 351->1
[2018-10-24T21:50:40.950-0400][gc,metaspace  ] GC(5) Metaspace: 25866K->25866K(1073152K)
[2018-10-24T21:50:40.950-0400][gc            ] GC(5) Pause Initial Mark (G1 Humongous Allocation) 372M->8M(1024M) 3.647ms
[2018-10-24T21:50:40.950-0400][gc,cpu        ] GC(5) User=0.01s Sys=0.00s Real=0.00s
[2018-10-24T21:50:40.950-0400][gc            ] GC(6) Concurrent Cycle
[2018-10-24T21:50:40.950-0400][gc,marking    ] GC(6) Concurrent Clear Claimed Marks
[2018-10-24T21:50:40.950-0400][gc,marking    ] GC(6) Concurrent Clear Claimed Marks 0.014ms
[2018-10-24T21:50:40.950-0400][gc,marking    ] GC(6) Concurrent Scan Root Regions
[2018-10-24T21:50:40.950-0400][gc,marking    ] GC(6) Concurrent Scan Root Regions 0.550ms
[2018-10-24T21:50:40.950-0400][gc,marking    ] GC(6) Concurrent Mark (1.727s)
[2018-10-24T21:50:40.950-0400][gc,marking    ] GC(6) Concurrent Mark From Roots
[2018-10-24T21:50:40.950-0400][gc,task       ] GC(6) Using 2 workers of 2 for marking
[2018-10-24T21:50:40.959-0400][gc,marking    ] GC(6) Concurrent Mark From Roots 8.204ms
[2018-10-24T21:50:40.959-0400][gc,marking    ] GC(6) Concurrent Mark (1.727s, 1.736s) 8.230ms
[2018-10-24T21:50:40.959-0400][gc,start      ] GC(6) Pause Remark
[2018-10-24T21:50:40.963-0400][gc,stringtable] GC(6) Cleaned string and symbol table, strings: 10640 processed, 0 removed, symbols: 79160 processed, 0 removed
[2018-10-24T21:50:40.963-0400][gc            ] GC(6) Pause Remark 38M->38M(1024M) 3.949ms
[2018-10-24T21:50:40.963-0400][gc,cpu        ] GC(6) User=0.02s Sys=0.00s Real=0.00s
[2018-10-24T21:50:40.963-0400][gc,marking    ] GC(6) Concurrent Create Live Data
[2018-10-24T21:50:40.965-0400][gc,marking    ] GC(6) Concurrent Create Live Data 2.553ms
[2018-10-24T21:50:40.966-0400][gc,start      ] GC(6) Pause Cleanup
[2018-10-24T21:50:40.966-0400][gc            ] GC(6) Pause Cleanup 46M->46M(1024M) 0.650ms
[2018-10-24T21:50:40.966-0400][gc,cpu        ] GC(6) User=0.00s Sys=0.00s Real=0.00s
[2018-10-24T21:50:40.966-0400][gc,marking    ] GC(6) Concurrent Cleanup for Next Mark
[2018-10-24T21:50:40.969-0400][gc,marking    ] GC(6) Concurrent Cleanup for Next Mark 3.171ms
[2018-10-24T21:50:40.970-0400][gc            ] GC(6) Concurrent Cycle 19.765ms
[2018-10-24T21:50:41.055-0400][gc,start      ] GC(7) Pause Initial Mark (G1 Humongous Allocation)
[2018-10-24T21:50:41.055-0400][gc,task       ] GC(7) Using 8 workers of 8 for evacuation
[2018-10-24T21:50:41.058-0400][gc,phases     ] GC(7)   Pre Evacuate Collection Set: 0.1ms
[2018-10-24T21:50:41.058-0400][gc,phases     ] GC(7)   Evacuate Collection Set: 2.0ms
[2018-10-24T21:50:41.058-0400][gc,phases     ] GC(7)   Post Evacuate Collection Set: 0.7ms
[2018-10-24T21:50:41.058-0400][gc,phases     ] GC(7)   Other: 0.4ms
[2018-10-24T21:50:41.058-0400][gc,heap       ] GC(7) Eden regions: 9->0(50)
[2018-10-24T21:50:41.058-0400][gc,heap       ] GC(7) Survivor regions: 1->1(7)
[2018-10-24T21:50:41.058-0400][gc,heap       ] GC(7) Old regions: 8->8
[2018-10-24T21:50:41.058-0400][gc,heap       ] GC(7) Humongous regions: 350->1
[2018-10-24T21:50:41.058-0400][gc,metaspace  ] GC(7) Metaspace: 25871K->25871K(1073152K)
[2018-10-24T21:50:41.058-0400][gc            ] GC(7) Pause Initial Mark (G1 Humongous Allocation) 366M->8M(1024M) 3.226ms
[2018-10-24T21:50:41.058-0400][gc,cpu        ] GC(7) User=0.01s Sys=0.00s Real=0.01s
[2018-10-24T21:50:41.058-0400][gc            ] GC(8) Concurrent Cycle
[2018-10-24T21:50:41.058-0400][gc,marking    ] GC(8) Concurrent Clear Claimed Marks
[2018-10-24T21:50:41.058-0400][gc,marking    ] GC(8) Concurrent Clear Claimed Marks 0.014ms
[2018-10-24T21:50:41.058-0400][gc,marking    ] GC(8) Concurrent Scan Root Regions
[2018-10-24T21:50:41.059-0400][gc,marking    ] GC(8) Concurrent Scan Root Regions 0.402ms
[2018-10-24T21:50:41.059-0400][gc,marking    ] GC(8) Concurrent Mark (1.836s)
[2018-10-24T21:50:41.059-0400][gc,marking    ] GC(8) Concurrent Mark From Roots
[2018-10-24T21:50:41.059-0400][gc,task       ] GC(8) Using 2 workers of 2 for marking
[2018-10-24T21:50:41.067-0400][gc,marking    ] GC(8) Concurrent Mark From Roots 8.051ms
[2018-10-24T21:50:41.067-0400][gc,marking    ] GC(8) Concurrent Mark (1.836s, 1.844s) 8.083ms
[2018-10-24T21:50:41.067-0400][gc,start      ] GC(8) Pause Remark
[2018-10-24T21:50:41.071-0400][gc,stringtable] GC(8) Cleaned string and symbol table, strings: 10655 processed, 0 removed, symbols: 79160 processed, 0 removed
[2018-10-24T21:50:41.071-0400][gc            ] GC(8) Pause Remark 40M->40M(1024M) 3.818ms
[2018-10-24T21:50:41.071-0400][gc,cpu        ] GC(8) User=0.01s Sys=0.00s Real=0.00s
[2018-10-24T21:50:41.071-0400][gc,marking    ] GC(8) Concurrent Create Live Data
[2018-10-24T21:50:41.073-0400][gc,marking    ] GC(8) Concurrent Create Live Data 2.536ms
[2018-10-24T21:50:41.074-0400][gc,start      ] GC(8) Pause Cleanup
[2018-10-24T21:50:41.074-0400][gc            ] GC(8) Pause Cleanup 48M->48M(1024M) 0.691ms
[2018-10-24T21:50:41.074-0400][gc,cpu        ] GC(8) User=0.00s Sys=0.00s Real=0.00s
[2018-10-24T21:50:41.074-0400][gc,marking    ] GC(8) Concurrent Cleanup for Next Mark
[2018-10-24T21:50:41.078-0400][gc,marking    ] GC(8) Concurrent Cleanup for Next Mark 3.135ms
[2018-10-24T21:50:41.078-0400][gc            ] GC(8) Concurrent Cycle 19.278ms
[2018-10-24T21:50:41.229-0400][gc,start      ] GC(9) Pause Initial Mark (G1 Humongous Allocation)
[2018-10-24T21:50:41.229-0400][gc,task       ] GC(9) Using 8 workers of 8 for evacuation
[2018-10-24T21:50:41.239-0400][gc,phases     ] GC(9)   Pre Evacuate Collection Set: 0.1ms
[2018-10-24T21:50:41.239-0400][gc,phases     ] GC(9)   Evacuate Collection Set: 8.4ms
[2018-10-24T21:50:41.239-0400][gc,phases     ] GC(9)   Post Evacuate Collection Set: 0.8ms
[2018-10-24T21:50:41.239-0400][gc,phases     ] GC(9)   Other: 0.3ms
[2018-10-24T21:50:41.239-0400][gc,heap       ] GC(9) Eden regions: 7->0(148)
[2018-10-24T21:50:41.239-0400][gc,heap       ] GC(9) Survivor regions: 1->1(7)
[2018-10-24T21:50:41.239-0400][gc,heap       ] GC(9) Old regions: 8->8
[2018-10-24T21:50:41.239-0400][gc,heap       ] GC(9) Humongous regions: 313->1
[2018-10-24T21:50:41.239-0400][gc,metaspace  ] GC(9) Metaspace: 26323K->26323K(1073152K)
[2018-10-24T21:50:41.239-0400][gc            ] GC(9) Pause Initial Mark (G1 Humongous Allocation) 327M->8M(1024M) 9.697ms
[2018-10-24T21:50:41.239-0400][gc,cpu        ] GC(9) User=0.04s Sys=0.00s Real=0.01s
[2018-10-24T21:50:41.239-0400][gc            ] GC(10) Concurrent Cycle
[2018-10-24T21:50:41.239-0400][gc,marking    ] GC(10) Concurrent Clear Claimed Marks
[2018-10-24T21:50:41.239-0400][gc,marking    ] GC(10) Concurrent Clear Claimed Marks 0.017ms
[2018-10-24T21:50:41.239-0400][gc,marking    ] GC(10) Concurrent Scan Root Regions
[2018-10-24T21:50:41.240-0400][gc,marking    ] GC(10) Concurrent Scan Root Regions 0.492ms
[2018-10-24T21:50:41.240-0400][gc,marking    ] GC(10) Concurrent Mark (2.017s)
[2018-10-24T21:50:41.240-0400][gc,marking    ] GC(10) Concurrent Mark From Roots
[2018-10-24T21:50:41.240-0400][gc,task       ] GC(10) Using 2 workers of 2 for marking
[2018-10-24T21:50:41.245-0400][gc,marking    ] GC(10) Concurrent Mark From Roots 5.354ms
[2018-10-24T21:50:41.245-0400][gc,marking    ] GC(10) Concurrent Mark (2.017s, 2.022s) 5.394ms
[2018-10-24T21:50:41.286-0400][gc,start      ] GC(10) Pause Remark
[2018-10-24T21:50:41.293-0400][gc,stringtable] GC(10) Cleaned string and symbol table, strings: 10847 processed, 0 removed, symbols: 79866 processed, 3 removed
[2018-10-24T21:50:41.293-0400][gc            ] GC(10) Pause Remark 137M->137M(1024M) 7.582ms
[2018-10-24T21:50:41.293-0400][gc,cpu        ] GC(10) User=0.03s Sys=0.01s Real=0.00s
[2018-10-24T21:50:41.293-0400][gc,marking    ] GC(10) Concurrent Create Live Data
[2018-10-24T21:50:41.295-0400][gc,marking    ] GC(10) Concurrent Create Live Data 1.568ms
[2018-10-24T21:50:41.295-0400][gc,start      ] GC(10) Pause Cleanup
[2018-10-24T21:50:41.296-0400][gc            ] GC(10) Pause Cleanup 138M->138M(1024M) 0.640ms
[2018-10-24T21:50:41.296-0400][gc,cpu        ] GC(10) User=0.00s Sys=0.00s Real=0.00s
[2018-10-24T21:50:41.296-0400][gc,marking    ] GC(10) Concurrent Cleanup for Next Mark
[2018-10-24T21:50:41.298-0400][gc,marking    ] GC(10) Concurrent Cleanup for Next Mark 1.748ms
[2018-10-24T21:50:41.298-0400][gc            ] GC(10) Concurrent Cycle 58.620ms
[2018-10-24T21:54:11.723-0400][gc,start      ] GC(11) Pause Initial Mark (G1 Humongous Allocation)
[2018-10-24T21:54:11.723-0400][gc,task       ] GC(11) Using 8 workers of 8 for evacuation
[2018-10-24T21:54:11.747-0400][gc,mmu        ] GC(11) MMU target violated: 21.0ms (20.0ms/21.0ms)
[2018-10-24T21:54:11.747-0400][gc,phases     ] GC(11)   Pre Evacuate Collection Set: 0.1ms
[2018-10-24T21:54:11.747-0400][gc,phases     ] GC(11)   Evacuate Collection Set: 19.4ms
[2018-10-24T21:54:11.747-0400][gc,phases     ] GC(11)   Post Evacuate Collection Set: 4.9ms
[2018-10-24T21:54:11.747-0400][gc,phases     ] GC(11)   Other: 0.4ms
[2018-10-24T21:54:11.747-0400][gc,heap       ] GC(11) Eden regions: 117->0(58)
[2018-10-24T21:54:11.747-0400][gc,heap       ] GC(11) Survivor regions: 1->11(19)
[2018-10-24T21:54:11.747-0400][gc,heap       ] GC(11) Old regions: 8->8
[2018-10-24T21:54:11.747-0400][gc,heap       ] GC(11) Humongous regions: 350->130
[2018-10-24T21:54:11.747-0400][gc,metaspace  ] GC(11) Metaspace: 35732K->35732K(1081344K)
[2018-10-24T21:54:11.747-0400][gc            ] GC(11) Pause Initial Mark (G1 Humongous Allocation) 474M->148M(1024M) 24.830ms
[2018-10-24T21:54:11.747-0400][gc,cpu        ] GC(11) User=0.09s Sys=0.00s Real=0.03s
[2018-10-24T21:54:11.747-0400][gc            ] GC(12) Concurrent Cycle
[2018-10-24T21:54:11.747-0400][gc,marking    ] GC(12) Concurrent Clear Claimed Marks
[2018-10-24T21:54:11.747-0400][gc,marking    ] GC(12) Concurrent Clear Claimed Marks 0.027ms
[2018-10-24T21:54:11.748-0400][gc,marking    ] GC(12) Concurrent Scan Root Regions
[2018-10-24T21:54:11.750-0400][gc,marking    ] GC(12) Concurrent Scan Root Regions 2.600ms
[2018-10-24T21:54:11.750-0400][gc,marking    ] GC(12) Concurrent Mark (212.527s)
[2018-10-24T21:54:11.750-0400][gc,marking    ] GC(12) Concurrent Mark From Roots
[2018-10-24T21:54:11.750-0400][gc,task       ] GC(12) Using 2 workers of 2 for marking
[2018-10-24T21:54:11.758-0400][gc,marking    ] GC(12) Concurrent Mark From Roots 7.882ms
[2018-10-24T21:54:11.758-0400][gc,marking    ] GC(12) Concurrent Mark (212.527s, 212.535s) 7.946ms
[2018-10-24T21:54:11.758-0400][gc,start      ] GC(12) Pause Remark
[2018-10-24T21:54:11.773-0400][gc,stringtable] GC(12) Cleaned string and symbol table, strings: 14786 processed, 0 removed, symbols: 95909 processed, 4 removed
[2018-10-24T21:54:11.773-0400][gc            ] GC(12) Pause Remark 151M->151M(1024M) 14.248ms
[2018-10-24T21:54:11.773-0400][gc,cpu        ] GC(12) User=0.03s Sys=0.00s Real=0.01s
[2018-10-24T21:54:11.773-0400][gc,marking    ] GC(12) Concurrent Create Live Data
[2018-10-24T21:54:11.774-0400][gc,marking    ] GC(12) Concurrent Create Live Data 1.498ms
[2018-10-24T21:54:11.774-0400][gc,start      ] GC(12) Pause Cleanup
[2018-10-24T21:54:11.775-0400][gc            ] GC(12) Pause Cleanup 151M->151M(1024M) 0.787ms
[2018-10-24T21:54:11.775-0400][gc,cpu        ] GC(12) User=0.00s Sys=0.00s Real=0.00s
[2018-10-24T21:54:11.775-0400][gc,marking    ] GC(12) Concurrent Cleanup for Next Mark
[2018-10-24T21:54:11.777-0400][gc,marking    ] GC(12) Concurrent Cleanup for Next Mark 1.494ms
[2018-10-24T21:54:11.777-0400][gc            ] GC(12) Concurrent Cycle 29.382ms
[2018-10-24T21:54:47.994-0400][gc,start      ] GC(13) Pause Initial Mark (G1 Humongous Allocation)
[2018-10-24T21:54:47.994-0400][gc,task       ] GC(13) Using 8 workers of 8 for evacuation
[2018-10-24T21:54:48.003-0400][gc,phases     ] GC(13)   Pre Evacuate Collection Set: 0.1ms
[2018-10-24T21:54:48.003-0400][gc,phases     ] GC(13)   Evacuate Collection Set: 8.5ms
[2018-10-24T21:54:48.003-0400][gc,phases     ] GC(13)   Post Evacuate Collection Set: 0.5ms
[2018-10-24T21:54:48.003-0400][gc,phases     ] GC(13)   Other: 0.3ms
[2018-10-24T21:54:48.003-0400][gc,heap       ] GC(13) Eden regions: 10->0(98)
[2018-10-24T21:54:48.003-0400][gc,heap       ] GC(13) Survivor regions: 11->1(9)
[2018-10-24T21:54:48.003-0400][gc,heap       ] GC(13) Old regions: 8->13
[2018-10-24T21:54:48.003-0400][gc,heap       ] GC(13) Humongous regions: 350->130
[2018-10-24T21:54:48.003-0400][gc,metaspace  ] GC(13) Metaspace: 35799K->35799K(1081344K)
[2018-10-24T21:54:48.003-0400][gc            ] GC(13) Pause Initial Mark (G1 Humongous Allocation) 377M->142M(1024M) 9.505ms
[2018-10-24T21:54:48.003-0400][gc,cpu        ] GC(13) User=0.03s Sys=0.00s Real=0.01s
[2018-10-24T21:54:48.003-0400][gc            ] GC(14) Concurrent Cycle
[2018-10-24T21:54:48.003-0400][gc,marking    ] GC(14) Concurrent Clear Claimed Marks
[2018-10-24T21:54:48.004-0400][gc,marking    ] GC(14) Concurrent Clear Claimed Marks 0.013ms
[2018-10-24T21:54:48.004-0400][gc,marking    ] GC(14) Concurrent Scan Root Regions
[2018-10-24T21:54:48.005-0400][gc,marking    ] GC(14) Concurrent Scan Root Regions 1.215ms
[2018-10-24T21:54:48.005-0400][gc,marking    ] GC(14) Concurrent Mark (248.782s)
[2018-10-24T21:54:48.005-0400][gc,marking    ] GC(14) Concurrent Mark From Roots
[2018-10-24T21:54:48.005-0400][gc,task       ] GC(14) Using 2 workers of 2 for marking
[2018-10-24T21:54:48.014-0400][gc,marking    ] GC(14) Concurrent Mark From Roots 9.600ms
[2018-10-24T21:54:48.014-0400][gc,marking    ] GC(14) Concurrent Mark (248.782s, 248.791s) 9.621ms
[2018-10-24T21:54:48.015-0400][gc,start      ] GC(14) Pause Remark
[2018-10-24T21:54:48.038-0400][gc,stringtable] GC(14) Cleaned string and symbol table, strings: 14825 processed, 0 removed, symbols: 95905 processed, 0 removed
[2018-10-24T21:54:48.038-0400][gc,mmu        ] GC(14) MMU target violated: 21.0ms (20.0ms/21.0ms)
[2018-10-24T21:54:48.038-0400][gc            ] GC(14) Pause Remark 145M->145M(1024M) 23.656ms
[2018-10-24T21:54:48.038-0400][gc,cpu        ] GC(14) User=0.11s Sys=0.00s Real=0.03s
[2018-10-24T21:54:48.038-0400][gc,marking    ] GC(14) Concurrent Create Live Data
[2018-10-24T21:54:48.041-0400][gc,marking    ] GC(14) Concurrent Create Live Data 2.448ms
[2018-10-24T21:54:48.041-0400][gc,start      ] GC(14) Pause Cleanup
[2018-10-24T21:54:48.042-0400][gc            ] GC(14) Pause Cleanup 145M->145M(1024M) 1.032ms
[2018-10-24T21:54:48.042-0400][gc,cpu        ] GC(14) User=0.00s Sys=0.00s Real=0.00s
[2018-10-24T21:54:48.042-0400][gc,marking    ] GC(14) Concurrent Cleanup for Next Mark
[2018-10-24T21:54:48.044-0400][gc,marking    ] GC(14) Concurrent Cleanup for Next Mark 2.177ms
[2018-10-24T21:54:48.044-0400][gc            ] GC(14) Concurrent Cycle 40.914ms
[2018-10-24T21:56:52.173-0400][gc,start      ] GC(15) Pause Initial Mark (G1 Humongous Allocation)
[2018-10-24T21:56:52.173-0400][gc,task       ] GC(15) Using 8 workers of 8 for evacuation
[2018-10-24T21:56:52.177-0400][gc,phases     ] GC(15)   Pre Evacuate Collection Set: 0.1ms
[2018-10-24T21:56:52.177-0400][gc,phases     ] GC(15)   Evacuate Collection Set: 3.6ms
[2018-10-24T21:56:52.177-0400][gc,phases     ] GC(15)   Post Evacuate Collection Set: 0.6ms
[2018-10-24T21:56:52.177-0400][gc,phases     ] GC(15)   Other: 0.3ms
[2018-10-24T21:56:52.177-0400][gc,heap       ] GC(15) Eden regions: 28->0(86)
[2018-10-24T21:56:52.177-0400][gc,heap       ] GC(15) Survivor regions: 1->1(7)
[2018-10-24T21:56:52.177-0400][gc,heap       ] GC(15) Old regions: 13->13
[2018-10-24T21:56:52.177-0400][gc,heap       ] GC(15) Humongous regions: 345->131
[2018-10-24T21:56:52.177-0400][gc,metaspace  ] GC(15) Metaspace: 35963K->35963K(1081344K)
[2018-10-24T21:56:52.177-0400][gc            ] GC(15) Pause Initial Mark (G1 Humongous Allocation) 385M->144M(1024M) 4.558ms
[2018-10-24T21:56:52.177-0400][gc,cpu        ] GC(15) User=0.02s Sys=0.00s Real=0.01s
[2018-10-24T21:56:52.177-0400][gc            ] GC(16) Concurrent Cycle
[2018-10-24T21:56:52.178-0400][gc,marking    ] GC(16) Concurrent Clear Claimed Marks
[2018-10-24T21:56:52.178-0400][gc,marking    ] GC(16) Concurrent Clear Claimed Marks 0.015ms
[2018-10-24T21:56:52.178-0400][gc,marking    ] GC(16) Concurrent Scan Root Regions
[2018-10-24T21:56:52.179-0400][gc,marking    ] GC(16) Concurrent Scan Root Regions 1.599ms
[2018-10-24T21:56:52.179-0400][gc,marking    ] GC(16) Concurrent Mark (372.956s)
[2018-10-24T21:56:52.179-0400][gc,marking    ] GC(16) Concurrent Mark From Roots
[2018-10-24T21:56:52.179-0400][gc,task       ] GC(16) Using 2 workers of 2 for marking
[2018-10-24T21:56:52.189-0400][gc,marking    ] GC(16) Concurrent Mark From Roots 9.382ms
[2018-10-24T21:56:52.189-0400][gc,marking    ] GC(16) Concurrent Mark (372.956s, 372.966s) 9.422ms
[2018-10-24T21:56:52.189-0400][gc,start      ] GC(16) Pause Remark
[2018-10-24T21:56:52.195-0400][gc,stringtable] GC(16) Cleaned string and symbol table, strings: 14887 processed, 0 removed, symbols: 95983 processed, 0 removed
[2018-10-24T21:56:52.195-0400][gc            ] GC(16) Pause Remark 146M->146M(1024M) 6.424ms
[2018-10-24T21:56:52.195-0400][gc,cpu        ] GC(16) User=0.03s Sys=0.00s Real=0.00s
[2018-10-24T21:56:52.195-0400][gc,marking    ] GC(16) Concurrent Create Live Data
[2018-10-24T21:56:52.198-0400][gc,marking    ] GC(16) Concurrent Create Live Data 2.402ms
[2018-10-24T21:56:52.198-0400][gc,start      ] GC(16) Pause Cleanup
[2018-10-24T21:56:52.199-0400][gc            ] GC(16) Pause Cleanup 146M->146M(1024M) 0.763ms
[2018-10-24T21:56:52.199-0400][gc,cpu        ] GC(16) User=0.00s Sys=0.00s Real=0.00s
[2018-10-24T21:56:52.199-0400][gc,marking    ] GC(16) Concurrent Cleanup for Next Mark
[2018-10-24T21:56:52.201-0400][gc,marking    ] GC(16) Concurrent Cleanup for Next Mark 1.674ms
[2018-10-24T21:56:52.201-0400][gc            ] GC(16) Concurrent Cycle 23.140ms
[2018-10-24T22:34:11.466-0400][gc,start      ] GC(17) Pause Young (G1 Evacuation Pause)
[2018-10-24T22:34:11.466-0400][gc,task       ] GC(17) Using 8 workers of 8 for evacuation
[2018-10-24T22:34:11.472-0400][gc,phases     ] GC(17)   Pre Evacuate Collection Set: 0.1ms
[2018-10-24T22:34:11.472-0400][gc,phases     ] GC(17)   Evacuate Collection Set: 4.7ms
[2018-10-24T22:34:11.472-0400][gc,phases     ] GC(17)   Post Evacuate Collection Set: 0.9ms
[2018-10-24T22:34:11.472-0400][gc,phases     ] GC(17)   Other: 0.2ms
[2018-10-24T22:34:11.472-0400][gc,heap       ] GC(17) Eden regions: 86->0(101)
[2018-10-24T22:34:11.472-0400][gc,heap       ] GC(17) Survivor regions: 1->2(11)
[2018-10-24T22:34:11.472-0400][gc,heap       ] GC(17) Old regions: 13->13
[2018-10-24T22:34:11.472-0400][gc,heap       ] GC(17) Humongous regions: 258->130
[2018-10-24T22:34:11.472-0400][gc,metaspace  ] GC(17) Metaspace: 36165K->36165K(1081344K)
[2018-10-24T22:34:11.472-0400][gc            ] GC(17) Pause Young (G1 Evacuation Pause) 357M->143M(1024M) 5.955ms
[2018-10-24T22:34:11.472-0400][gc,cpu        ] GC(17) User=0.02s Sys=0.00s Real=0.00s
[2018-10-24T23:14:41.568-0400][gc,start      ] GC(18) Pause Young (G1 Evacuation Pause)
[2018-10-24T23:14:41.568-0400][gc,task       ] GC(18) Using 8 workers of 8 for evacuation
[2018-10-24T23:14:41.577-0400][gc,phases     ] GC(18)   Pre Evacuate Collection Set: 0.1ms
[2018-10-24T23:14:41.577-0400][gc,phases     ] GC(18)   Evacuate Collection Set: 7.5ms
[2018-10-24T23:14:41.577-0400][gc,phases     ] GC(18)   Post Evacuate Collection Set: 1.0ms
[2018-10-24T23:14:41.577-0400][gc,phases     ] GC(18)   Other: 0.4ms
[2018-10-24T23:14:41.577-0400][gc,heap       ] GC(18) Eden regions: 101->0(103)
[2018-10-24T23:14:41.577-0400][gc,heap       ] GC(18) Survivor regions: 2->4(13)
[2018-10-24T23:14:41.577-0400][gc,heap       ] GC(18) Old regions: 13->13
[2018-10-24T23:14:41.577-0400][gc,heap       ] GC(18) Humongous regions: 130->130
[2018-10-24T23:14:41.577-0400][gc,metaspace  ] GC(18) Metaspace: 36367K->36367K(1081344K)
[2018-10-24T23:14:41.577-0400][gc            ] GC(18) Pause Young (G1 Evacuation Pause) 244M->145M(1024M) 8.936ms
[2018-10-24T23:14:41.577-0400][gc,cpu        ] GC(18) User=0.03s Sys=0.01s Real=0.01s
[2018-10-24T23:39:11.225-0400][gc,start      ] GC(19) Pause Young (G1 Evacuation Pause)
[2018-10-24T23:39:11.225-0400][gc,task       ] GC(19) Using 8 workers of 8 for evacuation
[2018-10-24T23:39:11.233-0400][gc,phases     ] GC(19)   Pre Evacuate Collection Set: 0.0ms
[2018-10-24T23:39:11.233-0400][gc,phases     ] GC(19)   Evacuate Collection Set: 6.9ms
[2018-10-24T23:39:11.233-0400][gc,phases     ] GC(19)   Post Evacuate Collection Set: 0.9ms
[2018-10-24T23:39:11.233-0400][gc,phases     ] GC(19)   Other: 0.3ms
[2018-10-24T23:39:11.234-0400][gc,heap       ] GC(19) Eden regions: 103->0(114)
[2018-10-24T23:39:11.234-0400][gc,heap       ] GC(19) Survivor regions: 4->4(14)
[2018-10-24T23:39:11.234-0400][gc,heap       ] GC(19) Old regions: 13->13
[2018-10-24T23:39:11.234-0400][gc,heap       ] GC(19) Humongous regions: 130->130
[2018-10-24T23:39:11.234-0400][gc,metaspace  ] GC(19) Metaspace: 36479K->36479K(1081344K)
[2018-10-24T23:39:11.234-0400][gc            ] GC(19) Pause Young (G1 Evacuation Pause) 248M->146M(1024M) 8.299ms
[2018-10-24T23:39:11.234-0400][gc,cpu        ] GC(19) User=0.04s Sys=0.00s Real=0.00s
[2018-10-25T00:24:15.135-0400][gc,start      ] GC(20) Pause Young (G1 Evacuation Pause)
[2018-10-25T00:24:15.135-0400][gc,task       ] GC(20) Using 8 workers of 8 for evacuation
[2018-10-25T00:24:15.146-0400][gc,phases     ] GC(20)   Pre Evacuate Collection Set: 0.1ms
[2018-10-25T00:24:15.146-0400][gc,phases     ] GC(20)   Evacuate Collection Set: 9.3ms
[2018-10-25T00:24:15.146-0400][gc,phases     ] GC(20)   Post Evacuate Collection Set: 1.2ms
[2018-10-25T00:24:15.146-0400][gc,phases     ] GC(20)   Other: 0.2ms
[2018-10-25T00:24:15.146-0400][gc,heap       ] GC(20) Eden regions: 114->0(122)
[2018-10-25T00:24:15.146-0400][gc,heap       ] GC(20) Survivor regions: 4->5(15)
[2018-10-25T00:24:15.146-0400][gc,heap       ] GC(20) Old regions: 13->13
[2018-10-25T00:24:15.146-0400][gc,heap       ] GC(20) Humongous regions: 130->130
[2018-10-25T00:24:15.146-0400][gc,metaspace  ] GC(20) Metaspace: 36649K->36649K(1083392K)
[2018-10-25T00:24:15.146-0400][gc            ] GC(20) Pause Young (G1 Evacuation Pause) 260M->146M(1024M) 10.860ms
[2018-10-25T00:24:15.146-0400][gc,cpu        ] GC(20) User=0.04s Sys=0.00s Real=0.02s
