[2018-10-24T20:12:36.598-0400][gc,heap] Heap region size: 1M
[2018-10-24T20:12:36.607-0400][gc     ] Using G1
[2018-10-24T20:12:36.607-0400][gc,heap,coops] Heap address: 0x00000000c0000000, size: 1024 MB, Compressed Oops mode: 32-bit
[2018-10-24T20:12:37.333-0400][gc,start     ] GC(0) Pause Young (G1 Evacuation Pause)
[2018-10-24T20:12:37.333-0400][gc,task      ] GC(0) Using 8 workers of 8 for evacuation
[2018-10-24T20:12:37.380-0400][gc,mmu       ] GC(0) MMU target violated: 21.0ms (20.0ms/21.0ms)
[2018-10-24T20:12:37.380-0400][gc,phases    ] GC(0)   Pre Evacuate Collection Set: 0.0ms
[2018-10-24T20:12:37.380-0400][gc,phases    ] GC(0)   Evacuate Collection Set: 42.5ms
[2018-10-24T20:12:37.380-0400][gc,phases    ] GC(0)   Post Evacuate Collection Set: 4.4ms
[2018-10-24T20:12:37.380-0400][gc,phases    ] GC(0)   Other: 0.2ms
[2018-10-24T20:12:37.380-0400][gc,heap      ] GC(0) Eden regions: 51->0(44)
[2018-10-24T20:12:37.380-0400][gc,heap      ] GC(0) Survivor regions: 0->7(7)
[2018-10-24T20:12:37.380-0400][gc,heap      ] GC(0) Old regions: 0->4
[2018-10-24T20:12:37.380-0400][gc,heap      ] GC(0) Humongous regions: 1->1
[2018-10-24T20:12:37.380-0400][gc,metaspace ] GC(0) Metaspace: 19221K->19221K(1067008K)
[2018-10-24T20:12:37.380-0400][gc           ] GC(0) Pause Young (G1 Evacuation Pause) 52M->11M(1024M) 47.221ms
[2018-10-24T20:12:37.380-0400][gc,cpu       ] GC(0) User=0.09s Sys=0.00s Real=0.05s
[2018-10-24T20:12:37.475-0400][gc,start     ] GC(1) Pause Initial Mark (Metadata GC Threshold)
[2018-10-24T20:12:37.475-0400][gc,task      ] GC(1) Using 8 workers of 8 for evacuation
[2018-10-24T20:12:37.490-0400][gc,phases    ] GC(1)   Pre Evacuate Collection Set: 0.0ms
[2018-10-24T20:12:37.490-0400][gc,phases    ] GC(1)   Evacuate Collection Set: 13.0ms
[2018-10-24T20:12:37.490-0400][gc,phases    ] GC(1)   Post Evacuate Collection Set: 0.9ms
[2018-10-24T20:12:37.490-0400][gc,phases    ] GC(1)   Other: 0.3ms
[2018-10-24T20:12:37.490-0400][gc,heap      ] GC(1) Eden regions: 9->0(49)
[2018-10-24T20:12:37.490-0400][gc,heap      ] GC(1) Survivor regions: 7->2(7)
[2018-10-24T20:12:37.490-0400][gc,heap      ] GC(1) Old regions: 4->10
[2018-10-24T20:12:37.490-0400][gc,heap      ] GC(1) Humongous regions: 1->1
[2018-10-24T20:12:37.490-0400][gc,metaspace ] GC(1) Metaspace: 20602K->20602K(1069056K)
[2018-10-24T20:12:37.490-0400][gc           ] GC(1) Pause Initial Mark (Metadata GC Threshold) 19M->11M(1024M) 14.313ms
[2018-10-24T20:12:37.490-0400][gc,cpu       ] GC(1) User=0.03s Sys=0.00s Real=0.02s
[2018-10-24T20:12:37.494-0400][gc           ] GC(2) Concurrent Cycle
[2018-10-24T20:12:37.494-0400][gc,marking   ] GC(2) Concurrent Clear Claimed Marks
[2018-10-24T20:12:37.494-0400][gc,marking   ] GC(2) Concurrent Clear Claimed Marks 0.017ms
[2018-10-24T20:12:37.494-0400][gc,marking   ] GC(2) Concurrent Scan Root Regions
[2018-10-24T20:12:37.495-0400][gc,marking   ] GC(2) Concurrent Scan Root Regions 0.662ms
[2018-10-24T20:12:37.495-0400][gc,marking   ] GC(2) Concurrent Mark (0.901s)
[2018-10-24T20:12:37.495-0400][gc,marking   ] GC(2) Concurrent Mark From Roots
[2018-10-24T20:12:37.495-0400][gc,task      ] GC(2) Using 2 workers of 2 for marking
[2018-10-24T20:12:37.501-0400][gc,marking   ] GC(2) Concurrent Mark From Roots 5.995ms
[2018-10-24T20:12:37.501-0400][gc,marking   ] GC(2) Concurrent Mark (0.901s, 0.907s) 6.015ms
[2018-10-24T20:12:37.501-0400][gc,start     ] GC(2) Pause Remark
[2018-10-24T20:12:37.514-0400][gc,stringtable] GC(2) Cleaned string and symbol table, strings: 9239 processed, 0 removed, symbols: 69043 processed, 43 removed
[2018-10-24T20:12:37.514-0400][gc            ] GC(2) Pause Remark 13M->13M(1024M) 13.299ms
[2018-10-24T20:12:37.514-0400][gc,cpu        ] GC(2) User=0.02s Sys=0.00s Real=0.01s
[2018-10-24T20:12:37.514-0400][gc,marking    ] GC(2) Concurrent Create Live Data
[2018-10-24T20:12:37.516-0400][gc,marking    ] GC(2) Concurrent Create Live Data 2.055ms
[2018-10-24T20:12:37.517-0400][gc,start      ] GC(2) Pause Cleanup
[2018-10-24T20:12:37.517-0400][gc            ] GC(2) Pause Cleanup 13M->10M(1024M) 0.901ms
[2018-10-24T20:12:37.518-0400][gc,cpu        ] GC(2) User=0.00s Sys=0.00s Real=0.00s
[2018-10-24T20:12:37.518-0400][gc,marking    ] GC(2) Concurrent Complete Cleanup
[2018-10-24T20:12:37.518-0400][gc,marking    ] GC(2) Concurrent Complete Cleanup 0.024ms
[2018-10-24T20:12:37.518-0400][gc,marking    ] GC(2) Concurrent Cleanup for Next Mark
[2018-10-24T20:12:37.522-0400][gc,marking    ] GC(2) Concurrent Cleanup for Next Mark 4.784ms
[2018-10-24T20:12:37.522-0400][gc            ] GC(2) Concurrent Cycle 28.205ms
[2018-10-24T20:12:38.093-0400][gc,start      ] GC(3) Pause Initial Mark (G1 Evacuation Pause)
[2018-10-24T20:12:38.093-0400][gc,task       ] GC(3) Using 8 workers of 8 for evacuation
[2018-10-24T20:12:38.101-0400][gc,phases     ] GC(3)   Pre Evacuate Collection Set: 0.0ms
[2018-10-24T20:12:38.101-0400][gc,phases     ] GC(3)   Evacuate Collection Set: 5.2ms
[2018-10-24T20:12:38.101-0400][gc,phases     ] GC(3)   Post Evacuate Collection Set: 2.2ms
[2018-10-24T20:12:38.101-0400][gc,phases     ] GC(3)   Other: 0.3ms
[2018-10-24T20:12:38.101-0400][gc,heap       ] GC(3) Eden regions: 49->0(44)
[2018-10-24T20:12:38.101-0400][gc,heap       ] GC(3) Survivor regions: 2->7(7)
[2018-10-24T20:12:38.101-0400][gc,heap       ] GC(3) Old regions: 7->7
[2018-10-24T20:12:38.101-0400][gc,heap       ] GC(3) Humongous regions: 130->130
[2018-10-24T20:12:38.101-0400][gc,metaspace  ] GC(3) Metaspace: 27568K->27568K(1075200K)
[2018-10-24T20:12:38.101-0400][gc            ] GC(3) Pause Initial Mark (G1 Evacuation Pause) 186M->143M(1024M) 7.748ms
[2018-10-24T20:12:38.101-0400][gc,cpu        ] GC(3) User=0.01s Sys=0.00s Real=0.01s
[2018-10-24T20:12:38.101-0400][gc            ] GC(4) Concurrent Cycle
[2018-10-24T20:12:38.101-0400][gc,marking    ] GC(4) Concurrent Clear Claimed Marks
[2018-10-24T20:12:38.101-0400][gc,marking    ] GC(4) Concurrent Clear Claimed Marks 0.049ms
[2018-10-24T20:12:38.101-0400][gc,marking    ] GC(4) Concurrent Scan Root Regions
[2018-10-24T20:12:38.102-0400][gc,marking    ] GC(4) Concurrent Scan Root Regions 1.176ms
[2018-10-24T20:12:38.102-0400][gc,marking    ] GC(4) Concurrent Mark (1.508s)
[2018-10-24T20:12:38.102-0400][gc,marking    ] GC(4) Concurrent Mark From Roots
[2018-10-24T20:12:38.102-0400][gc,task       ] GC(4) Using 2 workers of 2 for marking
[2018-10-24T20:12:38.106-0400][gc,marking    ] GC(4) Concurrent Mark From Roots 3.763ms
[2018-10-24T20:12:38.106-0400][gc,marking    ] GC(4) Concurrent Mark (1.508s, 1.512s) 3.784ms
[2018-10-24T20:12:38.106-0400][gc,start      ] GC(4) Pause Remark
[2018-10-24T20:12:38.111-0400][gc,stringtable] GC(4) Cleaned string and symbol table, strings: 11707 processed, 18 removed, symbols: 83781 processed, 11 removed
[2018-10-24T20:12:38.111-0400][gc            ] GC(4) Pause Remark 144M->144M(1024M) 4.717ms
[2018-10-24T20:12:38.111-0400][gc,cpu        ] GC(4) User=0.01s Sys=0.00s Real=0.00s
[2018-10-24T20:12:38.111-0400][gc,marking    ] GC(4) Concurrent Create Live Data
[2018-10-24T20:12:38.112-0400][gc,marking    ] GC(4) Concurrent Create Live Data 0.957ms
[2018-10-24T20:12:38.112-0400][gc,start      ] GC(4) Pause Cleanup
[2018-10-24T20:12:38.113-0400][gc            ] GC(4) Pause Cleanup 144M->144M(1024M) 0.763ms
[2018-10-24T20:12:38.113-0400][gc,cpu        ] GC(4) User=0.00s Sys=0.01s Real=0.00s
[2018-10-24T20:12:38.113-0400][gc,marking    ] GC(4) Concurrent Cleanup for Next Mark
[2018-10-24T20:12:38.117-0400][gc,marking    ] GC(4) Concurrent Cleanup for Next Mark 4.428ms
[2018-10-24T20:12:38.117-0400][gc            ] GC(4) Concurrent Cycle 16.656ms
[2018-10-24T20:12:38.460-0400][gc,start      ] GC(5) Pause Young (G1 Evacuation Pause)
[2018-10-24T20:12:38.460-0400][gc,task       ] GC(5) Using 8 workers of 8 for evacuation
[2018-10-24T20:12:38.470-0400][gc,phases     ] GC(5)   Pre Evacuate Collection Set: 0.0ms
[2018-10-24T20:12:38.470-0400][gc,phases     ] GC(5)   Evacuate Collection Set: 7.9ms
[2018-10-24T20:12:38.470-0400][gc,phases     ] GC(5)   Post Evacuate Collection Set: 1.7ms
[2018-10-24T20:12:38.470-0400][gc,phases     ] GC(5)   Other: 0.2ms
[2018-10-24T20:12:38.470-0400][gc,heap       ] GC(5) Eden regions: 44->0(44)
[2018-10-24T20:12:38.470-0400][gc,heap       ] GC(5) Survivor regions: 7->7(7)
[2018-10-24T20:12:38.470-0400][gc,heap       ] GC(5) Old regions: 7->9
[2018-10-24T20:12:38.470-0400][gc,heap       ] GC(5) Humongous regions: 130->130
[2018-10-24T20:12:38.470-0400][gc,metaspace  ] GC(5) Metaspace: 32075K->32075K(1079296K)
[2018-10-24T20:12:38.470-0400][gc            ] GC(5) Pause Young (G1 Evacuation Pause) 187M->145M(1024M) 9.889ms
[2018-10-24T20:12:38.470-0400][gc,cpu        ] GC(5) User=0.05s Sys=0.00s Real=0.01s
[2018-10-24T20:12:53.744-0400][gc,heap,exit  ] Heap
[2018-10-24T20:12:53.744-0400][gc,heap,exit  ]  garbage-first heap   total 1048576K, used 183353K [0x00000000c0000000, 0x00000000c0102000, 0x0000000100000000)
[2018-10-24T20:12:53.744-0400][gc,heap,exit  ]   region size 1024K, 36 young (36864K), 7 survivors (7168K)
[2018-10-24T20:12:53.744-0400][gc,heap,exit  ]  Metaspace       used 33791K, capacity 34442K, committed 34684K, reserved 1079296K
[2018-10-24T20:12:53.744-0400][gc,heap,exit  ]   class space    used 4290K, capacity 4415K, committed 4476K, reserved 1048576K
