[2018-10-24T00:45:40.905-0400][gc,task       ] GC(133) Using 8 workers of 8 for evacuation
[2018-10-24T00:45:40.916-0400][gc,phases     ] GC(133)   Pre Evacuate Collection Set: 0.1ms
[2018-10-24T00:45:40.916-0400][gc,phases     ] GC(133)   Evacuate Collection Set: 10.2ms
[2018-10-24T00:45:40.916-0400][gc,phases     ] GC(133)   Post Evacuate Collection Set: 0.7ms
[2018-10-24T00:45:40.916-0400][gc,phases     ] GC(133)   Other: 0.5ms
[2018-10-24T00:45:40.916-0400][gc,heap       ] GC(133) Eden regions: 10->0(387)
[2018-10-24T00:45:40.916-0400][gc,heap       ] GC(133) Survivor regions: 6->6(49)
[2018-10-24T00:45:40.916-0400][gc,heap       ] GC(133) Old regions: 19->19
[2018-10-24T00:45:40.916-0400][gc,heap       ] GC(133) Humongous regions: 339->131
[2018-10-24T00:45:40.916-0400][gc,metaspace  ] GC(133) Metaspace: 36674K->36674K(1083392K)
[2018-10-24T00:45:40.916-0400][gc            ] GC(133) Pause Initial Mark (G1 Humongous Allocation) 373M->155M(1024M) 11.590ms
[2018-10-24T00:45:40.916-0400][gc,cpu        ] GC(133) User=0.03s Sys=0.00s Real=0.01s
[2018-10-24T00:45:40.916-0400][gc            ] GC(134) Concurrent Cycle
[2018-10-24T00:45:40.916-0400][gc,marking    ] GC(134) Concurrent Clear Claimed Marks
[2018-10-24T00:45:40.916-0400][gc,marking    ] GC(134) Concurrent Clear Claimed Marks 0.014ms
[2018-10-24T00:45:40.916-0400][gc,marking    ] GC(134) Concurrent Scan Root Regions
[2018-10-24T00:45:40.919-0400][gc,marking    ] GC(134) Concurrent Scan Root Regions 2.454ms
[2018-10-24T00:45:40.919-0400][gc,marking    ] GC(134) Concurrent Mark (8598.893s)
[2018-10-24T00:45:40.919-0400][gc,marking    ] GC(134) Concurrent Mark From Roots
[2018-10-24T00:45:40.919-0400][gc,task       ] GC(134) Using 2 workers of 2 for marking
[2018-10-24T00:45:40.928-0400][gc,marking    ] GC(134) Concurrent Mark From Roots 9.265ms
[2018-10-24T00:45:40.928-0400][gc,marking    ] GC(134) Concurrent Mark (8598.893s, 8598.902s) 9.304ms
[2018-10-24T00:45:40.928-0400][gc,start      ] GC(134) Pause Remark
[2018-10-24T00:45:40.942-0400][gc,stringtable] GC(134) Cleaned string and symbol table, strings: 14856 processed, 0 removed, symbols: 96090 processed, 0 removed
[2018-10-24T00:45:40.942-0400][gc            ] GC(134) Pause Remark 157M->157M(1024M) 13.768ms
[2018-10-24T00:45:40.942-0400][gc,cpu        ] GC(134) User=0.05s Sys=0.00s Real=0.02s
[2018-10-24T00:45:40.942-0400][gc,marking    ] GC(134) Concurrent Create Live Data
[2018-10-24T00:45:40.945-0400][gc,marking    ] GC(134) Concurrent Create Live Data 3.287ms
[2018-10-24T00:45:40.946-0400][gc,start      ] GC(134) Pause Cleanup
[2018-10-24T00:45:40.947-0400][gc            ] GC(134) Pause Cleanup 157M->157M(1024M) 0.919ms
[2018-10-24T00:45:40.947-0400][gc,cpu        ] GC(134) User=0.01s Sys=0.00s Real=0.00s
[2018-10-24T00:45:40.947-0400][gc,marking    ] GC(134) Concurrent Cleanup for Next Mark
[2018-10-24T00:45:40.948-0400][gc,marking    ] GC(134) Concurrent Cleanup for Next Mark 1.472ms
[2018-10-24T00:45:40.948-0400][gc            ] GC(134) Concurrent Cycle 32.019ms
[2018-10-24T00:46:22.005-0400][gc,start      ] GC(135) Pause Initial Mark (G1 Humongous Allocation)
[2018-10-24T00:46:22.005-0400][gc,task       ] GC(135) Using 8 workers of 8 for evacuation
[2018-10-24T00:46:22.014-0400][gc,phases     ] GC(135)   Pre Evacuate Collection Set: 0.1ms
[2018-10-24T00:46:22.014-0400][gc,phases     ] GC(135)   Evacuate Collection Set: 7.6ms
[2018-10-24T00:46:22.014-0400][gc,phases     ] GC(135)   Post Evacuate Collection Set: 0.7ms
[2018-10-24T00:46:22.014-0400][gc,phases     ] GC(135)   Other: 0.4ms
[2018-10-24T00:46:22.014-0400][gc,heap       ] GC(135) Eden regions: 13->0(402)
[2018-10-24T00:46:22.014-0400][gc,heap       ] GC(135) Survivor regions: 6->5(50)
[2018-10-24T00:46:22.014-0400][gc,heap       ] GC(135) Old regions: 19->20
[2018-10-24T00:46:22.014-0400][gc,heap       ] GC(135) Humongous regions: 339->130
[2018-10-24T00:46:22.014-0400][gc,metaspace  ] GC(135) Metaspace: 36678K->36678K(1083392K)
[2018-10-24T00:46:22.014-0400][gc            ] GC(135) Pause Initial Mark (G1 Humongous Allocation) 375M->153M(1024M) 8.886ms
[2018-10-24T00:46:22.014-0400][gc,cpu        ] GC(135) User=0.04s Sys=0.00s Real=0.01s
[2018-10-24T00:46:22.014-0400][gc            ] GC(136) Concurrent Cycle
[2018-10-24T00:46:22.014-0400][gc,marking    ] GC(136) Concurrent Clear Claimed Marks
[2018-10-24T00:46:22.014-0400][gc,marking    ] GC(136) Concurrent Clear Claimed Marks 0.017ms
[2018-10-24T00:46:22.014-0400][gc,marking    ] GC(136) Concurrent Scan Root Regions
[2018-10-24T00:46:22.017-0400][gc,marking    ] GC(136) Concurrent Scan Root Regions 2.388ms
[2018-10-24T00:46:22.017-0400][gc,marking    ] GC(136) Concurrent Mark (8639.991s)
[2018-10-24T00:46:22.017-0400][gc,marking    ] GC(136) Concurrent Mark From Roots
[2018-10-24T00:46:22.017-0400][gc,task       ] GC(136) Using 2 workers of 2 for marking
[2018-10-24T00:46:22.028-0400][gc,marking    ] GC(136) Concurrent Mark From Roots 10.842ms
[2018-10-24T00:46:22.028-0400][gc,marking    ] GC(136) Concurrent Mark (8639.991s, 8640.002s) 10.900ms
[2018-10-24T00:46:22.028-0400][gc,start      ] GC(136) Pause Remark
[2018-10-24T00:46:22.039-0400][gc,stringtable] GC(136) Cleaned string and symbol table, strings: 14856 processed, 0 removed, symbols: 96090 processed, 0 removed
[2018-10-24T00:46:22.039-0400][gc            ] GC(136) Pause Remark 157M->157M(1024M) 10.859ms
[2018-10-24T00:46:22.039-0400][gc,cpu        ] GC(136) User=0.05s Sys=0.00s Real=0.01s
[2018-10-24T00:46:22.039-0400][gc,marking    ] GC(136) Concurrent Create Live Data
[2018-10-24T00:46:22.042-0400][gc,marking    ] GC(136) Concurrent Create Live Data 3.066ms
[2018-10-24T00:46:22.042-0400][gc,start      ] GC(136) Pause Cleanup
[2018-10-24T00:46:22.043-0400][gc            ] GC(136) Pause Cleanup 158M->158M(1024M) 0.656ms
[2018-10-24T00:46:22.043-0400][gc,cpu        ] GC(136) User=0.00s Sys=0.00s Real=0.00s
[2018-10-24T00:46:22.043-0400][gc,marking    ] GC(136) Concurrent Cleanup for Next Mark
[2018-10-24T00:46:22.044-0400][gc,marking    ] GC(136) Concurrent Cleanup for Next Mark 1.410ms
[2018-10-24T00:46:22.044-0400][gc            ] GC(136) Concurrent Cycle 30.062ms
[2018-10-24T00:46:34.339-0400][gc,start      ] GC(137) Pause Initial Mark (G1 Humongous Allocation)
[2018-10-24T00:46:34.339-0400][gc,task       ] GC(137) Using 8 workers of 8 for evacuation
[2018-10-24T00:46:34.346-0400][gc,phases     ] GC(137)   Pre Evacuate Collection Set: 0.1ms
[2018-10-24T00:46:34.346-0400][gc,phases     ] GC(137)   Evacuate Collection Set: 5.8ms
[2018-10-24T00:46:34.346-0400][gc,phases     ] GC(137)   Post Evacuate Collection Set: 0.7ms
[2018-10-24T00:46:34.346-0400][gc,phases     ] GC(137)   Other: 0.4ms
[2018-10-24T00:46:34.346-0400][gc,heap       ] GC(137) Eden regions: 10->0(396)
[2018-10-24T00:46:34.346-0400][gc,heap       ] GC(137) Survivor regions: 5->5(51)
[2018-10-24T00:46:34.346-0400][gc,heap       ] GC(137) Old regions: 20->20
[2018-10-24T00:46:34.346-0400][gc,heap       ] GC(137) Humongous regions: 338->130
[2018-10-24T00:46:34.346-0400][gc,metaspace  ] GC(137) Metaspace: 36678K->36678K(1083392K)
[2018-10-24T00:46:34.346-0400][gc            ] GC(137) Pause Initial Mark (G1 Humongous Allocation) 371M->153M(1024M) 7.014ms
[2018-10-24T00:46:34.346-0400][gc,cpu        ] GC(137) User=0.04s Sys=0.00s Real=0.01s
[2018-10-24T00:46:34.346-0400][gc            ] GC(138) Concurrent Cycle
[2018-10-24T00:46:34.346-0400][gc,marking    ] GC(138) Concurrent Clear Claimed Marks
[2018-10-24T00:46:34.346-0400][gc,marking    ] GC(138) Concurrent Clear Claimed Marks 0.021ms
[2018-10-24T00:46:34.346-0400][gc,marking    ] GC(138) Concurrent Scan Root Regions
[2018-10-24T00:46:34.349-0400][gc,marking    ] GC(138) Concurrent Scan Root Regions 2.693ms
[2018-10-24T00:46:34.349-0400][gc,marking    ] GC(138) Concurrent Mark (8652.323s)
[2018-10-24T00:46:34.349-0400][gc,marking    ] GC(138) Concurrent Mark From Roots
[2018-10-24T00:46:34.349-0400][gc,task       ] GC(138) Using 2 workers of 2 for marking
[2018-10-24T00:46:34.360-0400][gc,marking    ] GC(138) Concurrent Mark From Roots 10.565ms
[2018-10-24T00:46:34.360-0400][gc,marking    ] GC(138) Concurrent Mark (8652.323s, 8652.334s) 10.603ms
[2018-10-24T00:46:34.360-0400][gc,start      ] GC(138) Pause Remark
[2018-10-24T00:46:34.371-0400][gc,stringtable] GC(138) Cleaned string and symbol table, strings: 14856 processed, 0 removed, symbols: 96090 processed, 0 removed
[2018-10-24T00:46:34.372-0400][gc            ] GC(138) Pause Remark 157M->157M(1024M) 11.622ms
[2018-10-24T00:46:34.372-0400][gc,cpu        ] GC(138) User=0.03s Sys=0.01s Real=0.01s
[2018-10-24T00:46:34.372-0400][gc,marking    ] GC(138) Concurrent Create Live Data
[2018-10-24T00:46:34.375-0400][gc,marking    ] GC(138) Concurrent Create Live Data 3.766ms
[2018-10-24T00:46:34.376-0400][gc,start      ] GC(138) Pause Cleanup
[2018-10-24T00:46:34.376-0400][gc            ] GC(138) Pause Cleanup 157M->157M(1024M) 0.729ms
[2018-10-24T00:46:34.376-0400][gc,cpu        ] GC(138) User=0.00s Sys=0.00s Real=0.00s
[2018-10-24T00:46:34.376-0400][gc,marking    ] GC(138) Concurrent Cleanup for Next Mark
[2018-10-24T00:46:34.380-0400][gc,marking    ] GC(138) Concurrent Cleanup for Next Mark 3.812ms
[2018-10-24T00:46:34.380-0400][gc            ] GC(138) Concurrent Cycle 34.031ms
[2018-10-24T00:49:20.400-0400][gc,start      ] GC(139) Pause Initial Mark (G1 Humongous Allocation)
[2018-10-24T00:49:20.400-0400][gc,task       ] GC(139) Using 8 workers of 8 for evacuation
[2018-10-24T00:49:20.410-0400][gc,phases     ] GC(139)   Pre Evacuate Collection Set: 0.1ms
[2018-10-24T00:49:20.410-0400][gc,phases     ] GC(139)   Evacuate Collection Set: 9.7ms
[2018-10-24T00:49:20.410-0400][gc,phases     ] GC(139)   Post Evacuate Collection Set: 0.6ms
[2018-10-24T00:49:20.410-0400][gc,phases     ] GC(139)   Other: 0.3ms
[2018-10-24T00:49:20.410-0400][gc,heap       ] GC(139) Eden regions: 15->0(427)
[2018-10-24T00:49:20.410-0400][gc,heap       ] GC(139) Survivor regions: 5->3(51)
[2018-10-24T00:49:20.410-0400][gc,heap       ] GC(139) Old regions: 20->22
[2018-10-24T00:49:20.410-0400][gc,heap       ] GC(139) Humongous regions: 338->131
[2018-10-24T00:49:20.410-0400][gc,metaspace  ] GC(139) Metaspace: 36684K->36684K(1083392K)
[2018-10-24T00:49:20.410-0400][gc            ] GC(139) Pause Initial Mark (G1 Humongous Allocation) 376M->155M(1024M) 10.740ms
[2018-10-24T00:49:20.410-0400][gc,cpu        ] GC(139) User=0.03s Sys=0.01s Real=0.01s
[2018-10-24T00:49:20.410-0400][gc            ] GC(140) Concurrent Cycle
[2018-10-24T00:49:20.410-0400][gc,marking    ] GC(140) Concurrent Clear Claimed Marks
[2018-10-24T00:49:20.410-0400][gc,marking    ] GC(140) Concurrent Clear Claimed Marks 0.013ms
[2018-10-24T00:49:20.410-0400][gc,marking    ] GC(140) Concurrent Scan Root Regions
[2018-10-24T00:49:20.412-0400][gc,marking    ] GC(140) Concurrent Scan Root Regions 1.203ms
[2018-10-24T00:49:20.412-0400][gc,marking    ] GC(140) Concurrent Mark (8818.386s)
[2018-10-24T00:49:20.412-0400][gc,marking    ] GC(140) Concurrent Mark From Roots
[2018-10-24T00:49:20.412-0400][gc,task       ] GC(140) Using 2 workers of 2 for marking
[2018-10-24T00:49:20.421-0400][gc,marking    ] GC(140) Concurrent Mark From Roots 9.243ms
[2018-10-24T00:49:20.421-0400][gc,marking    ] GC(140) Concurrent Mark (8818.386s, 8818.395s) 9.268ms
[2018-10-24T00:49:20.421-0400][gc,start      ] GC(140) Pause Remark
[2018-10-24T00:49:20.428-0400][gc,stringtable] GC(140) Cleaned string and symbol table, strings: 14856 processed, 0 removed, symbols: 96090 processed, 0 removed
[2018-10-24T00:49:20.428-0400][gc            ] GC(140) Pause Remark 156M->156M(1024M) 6.723ms
[2018-10-24T00:49:20.428-0400][gc,cpu        ] GC(140) User=0.02s Sys=0.00s Real=0.01s
[2018-10-24T00:49:20.428-0400][gc,marking    ] GC(140) Concurrent Create Live Data
[2018-10-24T00:49:20.431-0400][gc,marking    ] GC(140) Concurrent Create Live Data 2.565ms
[2018-10-24T00:49:20.431-0400][gc,start      ] GC(140) Pause Cleanup
[2018-10-24T00:49:20.432-0400][gc            ] GC(140) Pause Cleanup 157M->157M(1024M) 0.758ms
[2018-10-24T00:49:20.432-0400][gc,cpu        ] GC(140) User=0.00s Sys=0.00s Real=0.00s
[2018-10-24T00:49:20.432-0400][gc,marking    ] GC(140) Concurrent Cleanup for Next Mark
[2018-10-24T00:49:20.433-0400][gc,marking    ] GC(140) Concurrent Cleanup for Next Mark 1.507ms
[2018-10-24T00:49:20.433-0400][gc            ] GC(140) Concurrent Cycle 22.773ms
[2018-10-24T00:51:24.049-0400][gc,start      ] GC(141) Pause Initial Mark (G1 Humongous Allocation)
[2018-10-24T00:51:24.049-0400][gc,task       ] GC(141) Using 8 workers of 8 for evacuation
[2018-10-24T00:51:24.056-0400][gc,phases     ] GC(141)   Pre Evacuate Collection Set: 0.1ms
[2018-10-24T00:51:24.056-0400][gc,phases     ] GC(141)   Evacuate Collection Set: 5.9ms
[2018-10-24T00:51:24.056-0400][gc,phases     ] GC(141)   Post Evacuate Collection Set: 0.6ms
[2018-10-24T00:51:24.056-0400][gc,phases     ] GC(141)   Other: 0.4ms
[2018-10-24T00:51:24.056-0400][gc,heap       ] GC(141) Eden regions: 15->0(437)
[2018-10-24T00:51:24.056-0400][gc,heap       ] GC(141) Survivor regions: 3->3(54)
[2018-10-24T00:51:24.056-0400][gc,heap       ] GC(141) Old regions: 22->22
[2018-10-24T00:51:24.056-0400][gc,heap       ] GC(141) Humongous regions: 336->130
[2018-10-24T00:51:24.056-0400][gc,metaspace  ] GC(141) Metaspace: 36686K->36686K(1083392K)
[2018-10-24T00:51:24.056-0400][gc            ] GC(141) Pause Initial Mark (G1 Humongous Allocation) 375M->154M(1024M) 6.986ms
[2018-10-24T00:51:24.056-0400][gc,cpu        ] GC(141) User=0.02s Sys=0.00s Real=0.01s
[2018-10-24T00:51:24.056-0400][gc            ] GC(142) Concurrent Cycle
[2018-10-24T00:51:24.056-0400][gc,marking    ] GC(142) Concurrent Clear Claimed Marks
[2018-10-24T00:51:24.056-0400][gc,marking    ] GC(142) Concurrent Clear Claimed Marks 0.014ms
[2018-10-24T00:51:24.056-0400][gc,marking    ] GC(142) Concurrent Scan Root Regions
[2018-10-24T00:51:24.057-0400][gc,marking    ] GC(142) Concurrent Scan Root Regions 1.013ms
[2018-10-24T00:51:24.057-0400][gc,marking    ] GC(142) Concurrent Mark (8942.031s)
[2018-10-24T00:51:24.057-0400][gc,marking    ] GC(142) Concurrent Mark From Roots
[2018-10-24T00:51:24.057-0400][gc,task       ] GC(142) Using 2 workers of 2 for marking
[2018-10-24T00:51:24.065-0400][gc,marking    ] GC(142) Concurrent Mark From Roots 8.053ms
[2018-10-24T00:51:24.065-0400][gc,marking    ] GC(142) Concurrent Mark (8942.031s, 8942.039s) 8.081ms
[2018-10-24T00:51:24.065-0400][gc,start      ] GC(142) Pause Remark
[2018-10-24T00:51:24.071-0400][gc,stringtable] GC(142) Cleaned string and symbol table, strings: 14860 processed, 0 removed, symbols: 96090 processed, 0 removed
[2018-10-24T00:51:24.071-0400][gc            ] GC(142) Pause Remark 157M->157M(1024M) 6.150ms
[2018-10-24T00:51:24.071-0400][gc,cpu        ] GC(142) User=0.03s Sys=0.00s Real=0.00s
[2018-10-24T00:51:24.071-0400][gc,marking    ] GC(142) Concurrent Create Live Data
[2018-10-24T00:51:24.074-0400][gc,marking    ] GC(142) Concurrent Create Live Data 2.669ms
[2018-10-24T00:51:24.074-0400][gc,start      ] GC(142) Pause Cleanup
[2018-10-24T00:51:24.075-0400][gc            ] GC(142) Pause Cleanup 157M->157M(1024M) 0.733ms
[2018-10-24T00:51:24.075-0400][gc,cpu        ] GC(142) User=0.01s Sys=0.00s Real=0.00s
[2018-10-24T00:51:24.075-0400][gc,marking    ] GC(142) Concurrent Cleanup for Next Mark
[2018-10-24T00:51:24.077-0400][gc,marking    ] GC(142) Concurrent Cleanup for Next Mark 1.507ms
[2018-10-24T00:51:24.077-0400][gc            ] GC(142) Concurrent Cycle 21.002ms
[2018-10-24T00:51:36.699-0400][gc,start      ] GC(143) Pause Initial Mark (G1 Humongous Allocation)
[2018-10-24T00:51:36.699-0400][gc,task       ] GC(143) Using 8 workers of 8 for evacuation
[2018-10-24T00:51:36.707-0400][gc,phases     ] GC(143)   Pre Evacuate Collection Set: 0.1ms
[2018-10-24T00:51:36.707-0400][gc,phases     ] GC(143)   Evacuate Collection Set: 7.1ms
[2018-10-24T00:51:36.707-0400][gc,phases     ] GC(143)   Post Evacuate Collection Set: 0.5ms
[2018-10-24T00:51:36.707-0400][gc,phases     ] GC(143)   Other: 0.3ms
[2018-10-24T00:51:36.707-0400][gc,heap       ] GC(143) Eden regions: 10->0(453)
[2018-10-24T00:51:36.707-0400][gc,heap       ] GC(143) Survivor regions: 3->3(55)
[2018-10-24T00:51:36.707-0400][gc,heap       ] GC(143) Old regions: 22->22
[2018-10-24T00:51:36.707-0400][gc,heap       ] GC(143) Humongous regions: 336->130
[2018-10-24T00:51:36.707-0400][gc,metaspace  ] GC(143) Metaspace: 36686K->36686K(1083392K)
[2018-10-24T00:51:36.707-0400][gc            ] GC(143) Pause Initial Mark (G1 Humongous Allocation) 370M->153M(1024M) 8.043ms
[2018-10-24T00:51:36.707-0400][gc,cpu        ] GC(143) User=0.02s Sys=0.00s Real=0.01s
[2018-10-24T00:51:36.707-0400][gc            ] GC(144) Concurrent Cycle
[2018-10-24T00:51:36.707-0400][gc,marking    ] GC(144) Concurrent Clear Claimed Marks
[2018-10-24T00:51:36.707-0400][gc,marking    ] GC(144) Concurrent Clear Claimed Marks 0.028ms
[2018-10-24T00:51:36.707-0400][gc,marking    ] GC(144) Concurrent Scan Root Regions
[2018-10-24T00:51:36.708-0400][gc,marking    ] GC(144) Concurrent Scan Root Regions 1.213ms
[2018-10-24T00:51:36.708-0400][gc,marking    ] GC(144) Concurrent Mark (8954.682s)
[2018-10-24T00:51:36.708-0400][gc,marking    ] GC(144) Concurrent Mark From Roots
[2018-10-24T00:51:36.708-0400][gc,task       ] GC(144) Using 2 workers of 2 for marking
[2018-10-24T00:51:36.717-0400][gc,marking    ] GC(144) Concurrent Mark From Roots 8.942ms
[2018-10-24T00:51:36.717-0400][gc,marking    ] GC(144) Concurrent Mark (8954.682s, 8954.691s) 8.992ms
[2018-10-24T00:51:36.717-0400][gc,start      ] GC(144) Pause Remark
[2018-10-24T00:51:36.728-0400][gc,stringtable] GC(144) Cleaned string and symbol table, strings: 14860 processed, 0 removed, symbols: 96090 processed, 0 removed
[2018-10-24T00:51:36.728-0400][gc            ] GC(144) Pause Remark 157M->157M(1024M) 10.392ms
[2018-10-24T00:51:36.728-0400][gc,cpu        ] GC(144) User=0.03s Sys=0.00s Real=0.01s
[2018-10-24T00:51:36.728-0400][gc,marking    ] GC(144) Concurrent Create Live Data
[2018-10-24T00:51:36.731-0400][gc,marking    ] GC(144) Concurrent Create Live Data 2.639ms
[2018-10-24T00:51:36.731-0400][gc,start      ] GC(144) Pause Cleanup
[2018-10-24T00:51:36.732-0400][gc            ] GC(144) Pause Cleanup 157M->157M(1024M) 0.756ms
[2018-10-24T00:51:36.732-0400][gc,cpu        ] GC(144) User=0.01s Sys=0.00s Real=0.00s
[2018-10-24T00:51:36.732-0400][gc,marking    ] GC(144) Concurrent Cleanup for Next Mark
[2018-10-24T00:51:36.733-0400][gc,marking    ] GC(144) Concurrent Cleanup for Next Mark 1.474ms
[2018-10-24T00:51:36.733-0400][gc            ] GC(144) Concurrent Cycle 26.456ms
[2018-10-24T00:52:23.946-0400][gc,start      ] GC(145) Pause Initial Mark (G1 Humongous Allocation)
[2018-10-24T00:52:23.947-0400][gc,task       ] GC(145) Using 8 workers of 8 for evacuation
[2018-10-24T00:52:23.951-0400][gc,phases     ] GC(145)   Pre Evacuate Collection Set: 0.1ms
[2018-10-24T00:52:23.951-0400][gc,phases     ] GC(145)   Evacuate Collection Set: 3.5ms
[2018-10-24T00:52:23.951-0400][gc,phases     ] GC(145)   Post Evacuate Collection Set: 0.5ms
[2018-10-24T00:52:23.951-0400][gc,phases     ] GC(145)   Other: 0.3ms
[2018-10-24T00:52:23.951-0400][gc,heap       ] GC(145) Eden regions: 13->0(483)
[2018-10-24T00:52:23.951-0400][gc,heap       ] GC(145) Survivor regions: 3->3(57)
[2018-10-24T00:52:23.951-0400][gc,heap       ] GC(145) Old regions: 22->22
[2018-10-24T00:52:23.951-0400][gc,heap       ] GC(145) Humongous regions: 336->131
[2018-10-24T00:52:23.951-0400][gc,metaspace  ] GC(145) Metaspace: 36686K->36686K(1083392K)
[2018-10-24T00:52:23.951-0400][gc            ] GC(145) Pause Initial Mark (G1 Humongous Allocation) 372M->154M(1024M) 4.426ms
[2018-10-24T00:52:23.951-0400][gc,cpu        ] GC(145) User=0.02s Sys=0.00s Real=0.00s
[2018-10-24T00:52:23.951-0400][gc            ] GC(146) Concurrent Cycle
[2018-10-24T00:52:23.951-0400][gc,marking    ] GC(146) Concurrent Clear Claimed Marks
[2018-10-24T00:52:23.951-0400][gc,marking    ] GC(146) Concurrent Clear Claimed Marks 0.017ms
[2018-10-24T00:52:23.951-0400][gc,marking    ] GC(146) Concurrent Scan Root Regions
[2018-10-24T00:52:23.952-0400][gc,marking    ] GC(146) Concurrent Scan Root Regions 1.342ms
[2018-10-24T00:52:23.952-0400][gc,marking    ] GC(146) Concurrent Mark (9001.926s)
[2018-10-24T00:52:23.952-0400][gc,marking    ] GC(146) Concurrent Mark From Roots
[2018-10-24T00:52:23.952-0400][gc,task       ] GC(146) Using 2 workers of 2 for marking
[2018-10-24T00:52:23.961-0400][gc,marking    ] GC(146) Concurrent Mark From Roots 8.254ms
[2018-10-24T00:52:23.961-0400][gc,marking    ] GC(146) Concurrent Mark (9001.926s, 9001.935s) 8.298ms
[2018-10-24T00:52:23.961-0400][gc,start      ] GC(146) Pause Remark
[2018-10-24T00:52:23.973-0400][gc,stringtable] GC(146) Cleaned string and symbol table, strings: 14860 processed, 0 removed, symbols: 96090 processed, 0 removed
[2018-10-24T00:52:23.973-0400][gc            ] GC(146) Pause Remark 156M->156M(1024M) 11.702ms
[2018-10-24T00:52:23.973-0400][gc,cpu        ] GC(146) User=0.04s Sys=0.00s Real=0.01s
[2018-10-24T00:52:23.973-0400][gc,marking    ] GC(146) Concurrent Create Live Data
[2018-10-24T00:52:23.975-0400][gc,marking    ] GC(146) Concurrent Create Live Data 2.572ms
[2018-10-24T00:52:23.976-0400][gc,start      ] GC(146) Pause Cleanup
[2018-10-24T00:52:23.976-0400][gc            ] GC(146) Pause Cleanup 157M->157M(1024M) 0.725ms
[2018-10-24T00:52:23.976-0400][gc,cpu        ] GC(146) User=0.00s Sys=0.00s Real=0.00s
[2018-10-24T00:52:23.976-0400][gc,marking    ] GC(146) Concurrent Cleanup for Next Mark
[2018-10-24T00:52:23.978-0400][gc,marking    ] GC(146) Concurrent Cleanup for Next Mark 1.580ms
[2018-10-24T00:52:23.978-0400][gc            ] GC(146) Concurrent Cycle 27.061ms
[2018-10-24T00:52:36.393-0400][gc,start      ] GC(147) Pause Initial Mark (G1 Humongous Allocation)
[2018-10-24T00:52:36.393-0400][gc,task       ] GC(147) Using 8 workers of 8 for evacuation
[2018-10-24T00:52:36.397-0400][gc,phases     ] GC(147)   Pre Evacuate Collection Set: 0.1ms
[2018-10-24T00:52:36.397-0400][gc,phases     ] GC(147)   Evacuate Collection Set: 3.8ms
[2018-10-24T00:52:36.397-0400][gc,phases     ] GC(147)   Post Evacuate Collection Set: 0.5ms
[2018-10-24T00:52:36.397-0400][gc,phases     ] GC(147)   Other: 0.4ms
[2018-10-24T00:52:36.397-0400][gc,heap       ] GC(147) Eden regions: 12->0(524)
[2018-10-24T00:52:36.397-0400][gc,heap       ] GC(147) Survivor regions: 3->3(61)
[2018-10-24T00:52:36.397-0400][gc,heap       ] GC(147) Old regions: 22->22
[2018-10-24T00:52:36.397-0400][gc,heap       ] GC(147) Humongous regions: 336->130
[2018-10-24T00:52:36.397-0400][gc,metaspace  ] GC(147) Metaspace: 36686K->36686K(1083392K)
[2018-10-24T00:52:36.397-0400][gc            ] GC(147) Pause Initial Mark (G1 Humongous Allocation) 371M->153M(1024M) 4.803ms
[2018-10-24T00:52:36.397-0400][gc,cpu        ] GC(147) User=0.02s Sys=0.00s Real=0.01s
[2018-10-24T00:52:36.397-0400][gc            ] GC(148) Concurrent Cycle
[2018-10-24T00:52:36.397-0400][gc,marking    ] GC(148) Concurrent Clear Claimed Marks
[2018-10-24T00:52:36.398-0400][gc,marking    ] GC(148) Concurrent Clear Claimed Marks 0.011ms
[2018-10-24T00:52:36.398-0400][gc,marking    ] GC(148) Concurrent Scan Root Regions
[2018-10-24T00:52:36.399-0400][gc,marking    ] GC(148) Concurrent Scan Root Regions 1.002ms
[2018-10-24T00:52:36.399-0400][gc,marking    ] GC(148) Concurrent Mark (9014.373s)
[2018-10-24T00:52:36.399-0400][gc,marking    ] GC(148) Concurrent Mark From Roots
[2018-10-24T00:52:36.399-0400][gc,task       ] GC(148) Using 2 workers of 2 for marking
[2018-10-24T00:52:36.408-0400][gc,marking    ] GC(148) Concurrent Mark From Roots 9.331ms
[2018-10-24T00:52:36.408-0400][gc,marking    ] GC(148) Concurrent Mark (9014.373s, 9014.382s) 9.373ms
[2018-10-24T00:52:36.408-0400][gc,start      ] GC(148) Pause Remark
[2018-10-24T00:52:36.416-0400][gc,stringtable] GC(148) Cleaned string and symbol table, strings: 14862 processed, 0 removed, symbols: 96090 processed, 0 removed
[2018-10-24T00:52:36.416-0400][gc            ] GC(148) Pause Remark 157M->157M(1024M) 7.825ms
[2018-10-24T00:52:36.416-0400][gc,cpu        ] GC(148) User=0.03s Sys=0.00s Real=0.01s
[2018-10-24T00:52:36.416-0400][gc,marking    ] GC(148) Concurrent Create Live Data
[2018-10-24T00:52:36.419-0400][gc,marking    ] GC(148) Concurrent Create Live Data 2.462ms
[2018-10-24T00:52:36.419-0400][gc,start      ] GC(148) Pause Cleanup
[2018-10-24T00:52:36.419-0400][gc            ] GC(148) Pause Cleanup 157M->157M(1024M) 0.703ms
[2018-10-24T00:52:36.419-0400][gc,cpu        ] GC(148) User=0.01s Sys=0.00s Real=0.00s
[2018-10-24T00:52:36.420-0400][gc,marking    ] GC(148) Concurrent Cleanup for Next Mark
[2018-10-24T00:52:36.421-0400][gc,marking    ] GC(148) Concurrent Cleanup for Next Mark 1.394ms
[2018-10-24T00:52:36.421-0400][gc            ] GC(148) Concurrent Cycle 23.467ms
[2018-10-24T00:52:52.162-0400][gc,start      ] GC(149) Pause Initial Mark (G1 Humongous Allocation)
[2018-10-24T00:52:52.162-0400][gc,task       ] GC(149) Using 8 workers of 8 for evacuation
[2018-10-24T00:52:52.166-0400][gc,phases     ] GC(149)   Pre Evacuate Collection Set: 0.1ms
[2018-10-24T00:52:52.166-0400][gc,phases     ] GC(149)   Evacuate Collection Set: 3.4ms
[2018-10-24T00:52:52.166-0400][gc,phases     ] GC(149)   Post Evacuate Collection Set: 0.5ms
[2018-10-24T00:52:52.166-0400][gc,phases     ] GC(149)   Other: 0.3ms
[2018-10-24T00:52:52.166-0400][gc,heap       ] GC(149) Eden regions: 12->0(536)
[2018-10-24T00:52:52.166-0400][gc,heap       ] GC(149) Survivor regions: 3->3(66)
[2018-10-24T00:52:52.166-0400][gc,heap       ] GC(149) Old regions: 22->22
[2018-10-24T00:52:52.166-0400][gc,heap       ] GC(149) Humongous regions: 336->131
[2018-10-24T00:52:52.166-0400][gc,metaspace  ] GC(149) Metaspace: 36686K->36686K(1083392K)
[2018-10-24T00:52:52.166-0400][gc            ] GC(149) Pause Initial Mark (G1 Humongous Allocation) 371M->155M(1024M) 4.302ms
[2018-10-24T00:52:52.166-0400][gc,cpu        ] GC(149) User=0.02s Sys=0.00s Real=0.00s
[2018-10-24T00:52:52.167-0400][gc            ] GC(150) Concurrent Cycle
[2018-10-24T00:52:52.167-0400][gc,marking    ] GC(150) Concurrent Clear Claimed Marks
[2018-10-24T00:52:52.167-0400][gc,marking    ] GC(150) Concurrent Clear Claimed Marks 0.013ms
[2018-10-24T00:52:52.167-0400][gc,marking    ] GC(150) Concurrent Scan Root Regions
[2018-10-24T00:52:52.168-0400][gc,marking    ] GC(150) Concurrent Scan Root Regions 1.252ms
[2018-10-24T00:52:52.168-0400][gc,marking    ] GC(150) Concurrent Mark (9030.142s)
[2018-10-24T00:52:52.168-0400][gc,marking    ] GC(150) Concurrent Mark From Roots
[2018-10-24T00:52:52.168-0400][gc,task       ] GC(150) Using 2 workers of 2 for marking
[2018-10-24T00:52:52.177-0400][gc,marking    ] GC(150) Concurrent Mark From Roots 9.313ms
[2018-10-24T00:52:52.177-0400][gc,marking    ] GC(150) Concurrent Mark (9030.142s, 9030.151s) 9.354ms
[2018-10-24T00:52:52.178-0400][gc,start      ] GC(150) Pause Remark
[2018-10-24T00:52:52.186-0400][gc,stringtable] GC(150) Cleaned string and symbol table, strings: 14862 processed, 0 removed, symbols: 96090 processed, 0 removed
[2018-10-24T00:52:52.186-0400][gc            ] GC(150) Pause Remark 157M->157M(1024M) 8.698ms
[2018-10-24T00:52:52.186-0400][gc,cpu        ] GC(150) User=0.03s Sys=0.00s Real=0.01s
[2018-10-24T00:52:52.186-0400][gc,marking    ] GC(150) Concurrent Create Live Data
[2018-10-24T00:52:52.189-0400][gc,marking    ] GC(150) Concurrent Create Live Data 2.309ms
[2018-10-24T00:52:52.189-0400][gc,start      ] GC(150) Pause Cleanup
[2018-10-24T00:52:52.190-0400][gc            ] GC(150) Pause Cleanup 157M->157M(1024M) 0.793ms
[2018-10-24T00:52:52.190-0400][gc,cpu        ] GC(150) User=0.00s Sys=0.00s Real=0.00s
[2018-10-24T00:52:52.190-0400][gc,marking    ] GC(150) Concurrent Cleanup for Next Mark
[2018-10-24T00:52:52.191-0400][gc,marking    ] GC(150) Concurrent Cleanup for Next Mark 1.491ms
[2018-10-24T00:52:52.191-0400][gc            ] GC(150) Concurrent Cycle 24.738ms
[2018-10-24T00:53:04.130-0400][gc,start      ] GC(151) Pause Initial Mark (G1 Humongous Allocation)
[2018-10-24T00:53:04.130-0400][gc,task       ] GC(151) Using 8 workers of 8 for evacuation
[2018-10-24T00:53:04.136-0400][gc,phases     ] GC(151)   Pre Evacuate Collection Set: 0.1ms
[2018-10-24T00:53:04.136-0400][gc,phases     ] GC(151)   Evacuate Collection Set: 4.9ms
[2018-10-24T00:53:04.136-0400][gc,phases     ] GC(151)   Post Evacuate Collection Set: 0.5ms
[2018-10-24T00:53:04.136-0400][gc,phases     ] GC(151)   Other: 0.3ms
[2018-10-24T00:53:04.136-0400][gc,heap       ] GC(151) Eden regions: 11->0(561)
[2018-10-24T00:53:04.136-0400][gc,heap       ] GC(151) Survivor regions: 3->3(68)
[2018-10-24T00:53:04.136-0400][gc,heap       ] GC(151) Old regions: 22->22
[2018-10-24T00:53:04.136-0400][gc,heap       ] GC(151) Humongous regions: 336->130
[2018-10-24T00:53:04.136-0400][gc,metaspace  ] GC(151) Metaspace: 36686K->36686K(1083392K)
[2018-10-24T00:53:04.136-0400][gc            ] GC(151) Pause Initial Mark (G1 Humongous Allocation) 371M->153M(1024M) 5.855ms
[2018-10-24T00:53:04.136-0400][gc,cpu        ] GC(151) User=0.01s Sys=0.00s Real=0.01s
[2018-10-24T00:53:04.136-0400][gc            ] GC(152) Concurrent Cycle
[2018-10-24T00:53:04.136-0400][gc,marking    ] GC(152) Concurrent Clear Claimed Marks
[2018-10-24T00:53:04.136-0400][gc,marking    ] GC(152) Concurrent Clear Claimed Marks 0.013ms
[2018-10-24T00:53:04.136-0400][gc,marking    ] GC(152) Concurrent Scan Root Regions
[2018-10-24T00:53:04.138-0400][gc,marking    ] GC(152) Concurrent Scan Root Regions 1.120ms
[2018-10-24T00:53:04.138-0400][gc,marking    ] GC(152) Concurrent Mark (9042.112s)
[2018-10-24T00:53:04.138-0400][gc,marking    ] GC(152) Concurrent Mark From Roots
[2018-10-24T00:53:04.138-0400][gc,task       ] GC(152) Using 2 workers of 2 for marking
[2018-10-24T00:53:04.146-0400][gc,marking    ] GC(152) Concurrent Mark From Roots 8.129ms
[2018-10-24T00:53:04.146-0400][gc,marking    ] GC(152) Concurrent Mark (9042.112s, 9042.120s) 8.170ms
[2018-10-24T00:53:04.146-0400][gc,start      ] GC(152) Pause Remark
[2018-10-24T00:53:04.153-0400][gc,stringtable] GC(152) Cleaned string and symbol table, strings: 14862 processed, 0 removed, symbols: 96090 processed, 0 removed
[2018-10-24T00:53:04.153-0400][gc            ] GC(152) Pause Remark 156M->156M(1024M) 6.948ms
[2018-10-24T00:53:04.153-0400][gc,cpu        ] GC(152) User=0.03s Sys=0.00s Real=0.00s
[2018-10-24T00:53:04.153-0400][gc,marking    ] GC(152) Concurrent Create Live Data
[2018-10-24T00:53:04.157-0400][gc,marking    ] GC(152) Concurrent Create Live Data 3.485ms
[2018-10-24T00:53:04.157-0400][gc,start      ] GC(152) Pause Cleanup
[2018-10-24T00:53:04.158-0400][gc            ] GC(152) Pause Cleanup 157M->157M(1024M) 0.699ms
[2018-10-24T00:53:04.158-0400][gc,cpu        ] GC(152) User=0.00s Sys=0.00s Real=0.00s
[2018-10-24T00:53:04.158-0400][gc,marking    ] GC(152) Concurrent Cleanup for Next Mark
[2018-10-24T00:53:04.159-0400][gc,marking    ] GC(152) Concurrent Cleanup for Next Mark 1.522ms
[2018-10-24T00:53:04.159-0400][gc            ] GC(152) Concurrent Cycle 22.891ms
[2018-10-24T00:53:15.820-0400][gc,start      ] GC(153) Pause Initial Mark (G1 Humongous Allocation)
[2018-10-24T00:53:15.820-0400][gc,task       ] GC(153) Using 8 workers of 8 for evacuation
[2018-10-24T00:53:15.824-0400][gc,phases     ] GC(153)   Pre Evacuate Collection Set: 0.1ms
[2018-10-24T00:53:15.824-0400][gc,phases     ] GC(153)   Evacuate Collection Set: 3.0ms
[2018-10-24T00:53:15.824-0400][gc,phases     ] GC(153)   Post Evacuate Collection Set: 0.5ms
[2018-10-24T00:53:15.824-0400][gc,phases     ] GC(153)   Other: 0.3ms
[2018-10-24T00:53:15.824-0400][gc,heap       ] GC(153) Eden regions: 11->0(584)
[2018-10-24T00:53:15.824-0400][gc,heap       ] GC(153) Survivor regions: 3->3(71)
[2018-10-24T00:53:15.824-0400][gc,heap       ] GC(153) Old regions: 22->22
[2018-10-24T00:53:15.824-0400][gc,heap       ] GC(153) Humongous regions: 336->130
[2018-10-24T00:53:15.824-0400][gc,metaspace  ] GC(153) Metaspace: 36686K->36686K(1083392K)
[2018-10-24T00:53:15.824-0400][gc            ] GC(153) Pause Initial Mark (G1 Humongous Allocation) 370M->154M(1024M) 3.988ms
[2018-10-24T00:53:15.824-0400][gc,cpu        ] GC(153) User=0.01s Sys=0.00s Real=0.01s
[2018-10-24T00:53:15.824-0400][gc            ] GC(154) Concurrent Cycle
[2018-10-24T00:53:15.824-0400][gc,marking    ] GC(154) Concurrent Clear Claimed Marks
[2018-10-24T00:53:15.824-0400][gc,marking    ] GC(154) Concurrent Clear Claimed Marks 0.024ms
[2018-10-24T00:53:15.824-0400][gc,marking    ] GC(154) Concurrent Scan Root Regions
[2018-10-24T00:53:15.826-0400][gc,marking    ] GC(154) Concurrent Scan Root Regions 1.296ms
[2018-10-24T00:53:15.826-0400][gc,marking    ] GC(154) Concurrent Mark (9053.800s)
[2018-10-24T00:53:15.826-0400][gc,marking    ] GC(154) Concurrent Mark From Roots
[2018-10-24T00:53:15.826-0400][gc,task       ] GC(154) Using 2 workers of 2 for marking
[2018-10-24T00:53:15.837-0400][gc,marking    ] GC(154) Concurrent Mark From Roots 11.041ms
[2018-10-24T00:53:15.837-0400][gc,marking    ] GC(154) Concurrent Mark (9053.800s, 9053.811s) 11.089ms
[2018-10-24T00:53:15.837-0400][gc,start      ] GC(154) Pause Remark
[2018-10-24T00:53:15.843-0400][gc,stringtable] GC(154) Cleaned string and symbol table, strings: 14862 processed, 0 removed, symbols: 96090 processed, 0 removed
[2018-10-24T00:53:15.843-0400][gc            ] GC(154) Pause Remark 157M->157M(1024M) 6.394ms
[2018-10-24T00:53:15.843-0400][gc,cpu        ] GC(154) User=0.03s Sys=0.00s Real=0.01s
[2018-10-24T00:53:15.843-0400][gc,marking    ] GC(154) Concurrent Create Live Data
[2018-10-24T00:53:15.846-0400][gc,marking    ] GC(154) Concurrent Create Live Data 2.560ms
[2018-10-24T00:53:15.846-0400][gc,start      ] GC(154) Pause Cleanup
[2018-10-24T00:53:15.847-0400][gc            ] GC(154) Pause Cleanup 157M->157M(1024M) 0.658ms
[2018-10-24T00:53:15.847-0400][gc,cpu        ] GC(154) User=0.01s Sys=0.00s Real=0.00s
[2018-10-24T00:53:15.847-0400][gc,marking    ] GC(154) Concurrent Cleanup for Next Mark
[2018-10-24T00:53:15.849-0400][gc,marking    ] GC(154) Concurrent Cleanup for Next Mark 2.140ms
[2018-10-24T00:53:15.849-0400][gc            ] GC(154) Concurrent Cycle 24.893ms
[2018-10-24T00:53:37.197-0400][gc,start      ] GC(155) Pause Initial Mark (G1 Humongous Allocation)
[2018-10-24T00:53:37.197-0400][gc,task       ] GC(155) Using 8 workers of 8 for evacuation
[2018-10-24T00:53:37.202-0400][gc,phases     ] GC(155)   Pre Evacuate Collection Set: 0.1ms
[2018-10-24T00:53:37.202-0400][gc,phases     ] GC(155)   Evacuate Collection Set: 4.1ms
[2018-10-24T00:53:37.202-0400][gc,phases     ] GC(155)   Post Evacuate Collection Set: 0.5ms
[2018-10-24T00:53:37.202-0400][gc,phases     ] GC(155)   Other: 0.3ms
[2018-10-24T00:53:37.202-0400][gc,heap       ] GC(155) Eden regions: 13->0(608)
[2018-10-24T00:53:37.202-0400][gc,heap       ] GC(155) Survivor regions: 3->3(74)
[2018-10-24T00:53:37.202-0400][gc,heap       ] GC(155) Old regions: 22->22
[2018-10-24T00:53:37.202-0400][gc,heap       ] GC(155) Humongous regions: 336->131
[2018-10-24T00:53:37.202-0400][gc,metaspace  ] GC(155) Metaspace: 36686K->36686K(1083392K)
[2018-10-24T00:53:37.202-0400][gc            ] GC(155) Pause Initial Mark (G1 Humongous Allocation) 372M->154M(1024M) 5.052ms
[2018-10-24T00:53:37.202-0400][gc,cpu        ] GC(155) User=0.02s Sys=0.00s Real=0.01s
[2018-10-24T00:53:37.202-0400][gc            ] GC(156) Concurrent Cycle
[2018-10-24T00:53:37.202-0400][gc,marking    ] GC(156) Concurrent Clear Claimed Marks
[2018-10-24T00:53:37.202-0400][gc,marking    ] GC(156) Concurrent Clear Claimed Marks 0.014ms
[2018-10-24T00:53:37.202-0400][gc,marking    ] GC(156) Concurrent Scan Root Regions
[2018-10-24T00:53:37.203-0400][gc,marking    ] GC(156) Concurrent Scan Root Regions 1.027ms
[2018-10-24T00:53:37.203-0400][gc,marking    ] GC(156) Concurrent Mark (9075.177s)
[2018-10-24T00:53:37.203-0400][gc,marking    ] GC(156) Concurrent Mark From Roots
[2018-10-24T00:53:37.203-0400][gc,task       ] GC(156) Using 2 workers of 2 for marking
[2018-10-24T00:53:37.212-0400][gc,marking    ] GC(156) Concurrent Mark From Roots 9.177ms
[2018-10-24T00:53:37.212-0400][gc,marking    ] GC(156) Concurrent Mark (9075.177s, 9075.186s) 9.200ms
[2018-10-24T00:53:37.213-0400][gc,start      ] GC(156) Pause Remark
[2018-10-24T00:53:37.224-0400][gc,stringtable] GC(156) Cleaned string and symbol table, strings: 14862 processed, 11 removed, symbols: 96090 processed, 0 removed
[2018-10-24T00:53:37.224-0400][gc            ] GC(156) Pause Remark 156M->156M(1024M) 11.263ms
[2018-10-24T00:53:37.224-0400][gc,cpu        ] GC(156) User=0.03s Sys=0.00s Real=0.02s
[2018-10-24T00:53:37.224-0400][gc,marking    ] GC(156) Concurrent Create Live Data
[2018-10-24T00:53:37.227-0400][gc,marking    ] GC(156) Concurrent Create Live Data 3.068ms
[2018-10-24T00:53:37.227-0400][gc,start      ] GC(156) Pause Cleanup
[2018-10-24T00:53:37.228-0400][gc            ] GC(156) Pause Cleanup 157M->157M(1024M) 0.581ms
[2018-10-24T00:53:37.228-0400][gc,cpu        ] GC(156) User=0.00s Sys=0.00s Real=0.00s
[2018-10-24T00:53:37.228-0400][gc,marking    ] GC(156) Concurrent Cleanup for Next Mark
[2018-10-24T00:53:37.232-0400][gc,marking    ] GC(156) Concurrent Cleanup for Next Mark 3.708ms
[2018-10-24T00:53:37.232-0400][gc            ] GC(156) Concurrent Cycle 29.985ms
[2018-10-24T00:53:50.014-0400][gc,start      ] GC(157) Pause Initial Mark (G1 Humongous Allocation)
[2018-10-24T00:53:50.014-0400][gc,task       ] GC(157) Using 8 workers of 8 for evacuation
[2018-10-24T00:53:50.017-0400][gc,phases     ] GC(157)   Pre Evacuate Collection Set: 0.1ms
[2018-10-24T00:53:50.017-0400][gc,phases     ] GC(157)   Evacuate Collection Set: 2.8ms
[2018-10-24T00:53:50.017-0400][gc,phases     ] GC(157)   Post Evacuate Collection Set: 0.5ms
[2018-10-24T00:53:50.017-0400][gc,phases     ] GC(157)   Other: 0.4ms
[2018-10-24T00:53:50.017-0400][gc,heap       ] GC(157) Eden regions: 13->0(611)
[2018-10-24T00:53:50.017-0400][gc,heap       ] GC(157) Survivor regions: 3->3(77)
[2018-10-24T00:53:50.017-0400][gc,heap       ] GC(157) Old regions: 22->22
[2018-10-24T00:53:50.017-0400][gc,heap       ] GC(157) Humongous regions: 336->130
[2018-10-24T00:53:50.017-0400][gc,metaspace  ] GC(157) Metaspace: 36686K->36686K(1083392K)
[2018-10-24T00:53:50.017-0400][gc            ] GC(157) Pause Initial Mark (G1 Humongous Allocation) 372M->153M(1024M) 3.811ms
[2018-10-24T00:53:50.018-0400][gc,cpu        ] GC(157) User=0.02s Sys=0.00s Real=0.01s
[2018-10-24T00:53:50.018-0400][gc            ] GC(158) Concurrent Cycle
[2018-10-24T00:53:50.018-0400][gc,marking    ] GC(158) Concurrent Clear Claimed Marks
[2018-10-24T00:53:50.018-0400][gc,marking    ] GC(158) Concurrent Clear Claimed Marks 0.025ms
[2018-10-24T00:53:50.018-0400][gc,marking    ] GC(158) Concurrent Scan Root Regions
[2018-10-24T00:53:50.019-0400][gc,marking    ] GC(158) Concurrent Scan Root Regions 1.344ms
[2018-10-24T00:53:50.019-0400][gc,marking    ] GC(158) Concurrent Mark (9087.993s)
[2018-10-24T00:53:50.019-0400][gc,marking    ] GC(158) Concurrent Mark From Roots
[2018-10-24T00:53:50.019-0400][gc,task       ] GC(158) Using 2 workers of 2 for marking
[2018-10-24T00:53:50.028-0400][gc,marking    ] GC(158) Concurrent Mark From Roots 8.776ms
[2018-10-24T00:53:50.028-0400][gc,marking    ] GC(158) Concurrent Mark (9087.993s, 9088.002s) 8.817ms
[2018-10-24T00:53:50.028-0400][gc,start      ] GC(158) Pause Remark
[2018-10-24T00:53:50.034-0400][gc,stringtable] GC(158) Cleaned string and symbol table, strings: 14855 processed, 0 removed, symbols: 96090 processed, 0 removed
[2018-10-24T00:53:50.034-0400][gc            ] GC(158) Pause Remark 156M->156M(1024M) 5.961ms
[2018-10-24T00:53:50.034-0400][gc,cpu        ] GC(158) User=0.04s Sys=0.00s Real=0.01s
[2018-10-24T00:53:50.034-0400][gc,marking    ] GC(158) Concurrent Create Live Data
[2018-10-24T00:53:50.040-0400][gc,marking    ] GC(158) Concurrent Create Live Data 5.721ms
[2018-10-24T00:53:50.042-0400][gc,start      ] GC(158) Pause Cleanup
[2018-10-24T00:53:50.042-0400][gc            ] GC(158) Pause Cleanup 157M->157M(1024M) 0.642ms
[2018-10-24T00:53:50.042-0400][gc,cpu        ] GC(158) User=0.01s Sys=0.00s Real=0.01s
[2018-10-24T00:53:50.042-0400][gc,marking    ] GC(158) Concurrent Cleanup for Next Mark
[2018-10-24T00:53:50.044-0400][gc,marking    ] GC(158) Concurrent Cleanup for Next Mark 1.770ms
[2018-10-24T00:53:50.044-0400][gc            ] GC(158) Concurrent Cycle 26.478ms
[2018-10-24T00:54:46.465-0400][gc,start      ] GC(159) Pause Initial Mark (G1 Humongous Allocation)
[2018-10-24T00:54:46.466-0400][gc,task       ] GC(159) Using 8 workers of 8 for evacuation
[2018-10-24T00:54:46.469-0400][gc,phases     ] GC(159)   Pre Evacuate Collection Set: 0.1ms
[2018-10-24T00:54:46.469-0400][gc,phases     ] GC(159)   Evacuate Collection Set: 2.5ms
[2018-10-24T00:54:46.469-0400][gc,phases     ] GC(159)   Post Evacuate Collection Set: 0.5ms
[2018-10-24T00:54:46.469-0400][gc,phases     ] GC(159)   Other: 0.3ms
[2018-10-24T00:54:46.469-0400][gc,heap       ] GC(159) Eden regions: 14->0(611)
[2018-10-24T00:54:46.469-0400][gc,heap       ] GC(159) Survivor regions: 3->3(77)
[2018-10-24T00:54:46.469-0400][gc,heap       ] GC(159) Old regions: 22->22
[2018-10-24T00:54:46.469-0400][gc,heap       ] GC(159) Humongous regions: 336->131
[2018-10-24T00:54:46.469-0400][gc,metaspace  ] GC(159) Metaspace: 36686K->36686K(1083392K)
[2018-10-24T00:54:46.469-0400][gc            ] GC(159) Pause Initial Mark (G1 Humongous Allocation) 373M->155M(1024M) 3.499ms
[2018-10-24T00:54:46.469-0400][gc,cpu        ] GC(159) User=0.00s Sys=0.01s Real=0.00s
[2018-10-24T00:54:46.469-0400][gc            ] GC(160) Concurrent Cycle
[2018-10-24T00:54:46.469-0400][gc,marking    ] GC(160) Concurrent Clear Claimed Marks
[2018-10-24T00:54:46.469-0400][gc,marking    ] GC(160) Concurrent Clear Claimed Marks 0.026ms
[2018-10-24T00:54:46.469-0400][gc,marking    ] GC(160) Concurrent Scan Root Regions
[2018-10-24T00:54:46.470-0400][gc,marking    ] GC(160) Concurrent Scan Root Regions 1.050ms
[2018-10-24T00:54:46.470-0400][gc,marking    ] GC(160) Concurrent Mark (9144.444s)
[2018-10-24T00:54:46.470-0400][gc,marking    ] GC(160) Concurrent Mark From Roots
[2018-10-24T00:54:46.470-0400][gc,task       ] GC(160) Using 2 workers of 2 for marking
[2018-10-24T00:54:46.479-0400][gc,marking    ] GC(160) Concurrent Mark From Roots 8.902ms
[2018-10-24T00:54:46.479-0400][gc,marking    ] GC(160) Concurrent Mark (9144.444s, 9144.453s) 8.927ms
[2018-10-24T00:54:46.479-0400][gc,start      ] GC(160) Pause Remark
[2018-10-24T00:54:46.487-0400][gc,stringtable] GC(160) Cleaned string and symbol table, strings: 14855 processed, 0 removed, symbols: 96090 processed, 0 removed
[2018-10-24T00:54:46.487-0400][gc            ] GC(160) Pause Remark 157M->157M(1024M) 7.944ms
[2018-10-24T00:54:46.487-0400][gc,cpu        ] GC(160) User=0.04s Sys=0.00s Real=0.01s
[2018-10-24T00:54:46.488-0400][gc,marking    ] GC(160) Concurrent Create Live Data
[2018-10-24T00:54:46.490-0400][gc,marking    ] GC(160) Concurrent Create Live Data 2.546ms
[2018-10-24T00:54:46.491-0400][gc,start      ] GC(160) Pause Cleanup
[2018-10-24T00:54:46.491-0400][gc            ] GC(160) Pause Cleanup 157M->157M(1024M) 0.676ms
[2018-10-24T00:54:46.491-0400][gc,cpu        ] GC(160) User=0.00s Sys=0.00s Real=0.00s
[2018-10-24T00:54:46.491-0400][gc,marking    ] GC(160) Concurrent Cleanup for Next Mark
[2018-10-24T00:54:46.493-0400][gc,marking    ] GC(160) Concurrent Cleanup for Next Mark 1.831ms
[2018-10-24T00:54:46.493-0400][gc            ] GC(160) Concurrent Cycle 24.074ms
[2018-10-24T00:54:58.823-0400][gc,start      ] GC(161) Pause Initial Mark (G1 Humongous Allocation)
[2018-10-24T00:54:58.823-0400][gc,task       ] GC(161) Using 8 workers of 8 for evacuation
[2018-10-24T00:54:58.827-0400][gc,phases     ] GC(161)   Pre Evacuate Collection Set: 0.1ms
[2018-10-24T00:54:58.827-0400][gc,phases     ] GC(161)   Evacuate Collection Set: 3.4ms
[2018-10-24T00:54:58.827-0400][gc,phases     ] GC(161)   Post Evacuate Collection Set: 0.5ms
[2018-10-24T00:54:58.827-0400][gc,phases     ] GC(161)   Other: 0.3ms
[2018-10-24T00:54:58.827-0400][gc,heap       ] GC(161) Eden regions: 11->0(611)
[2018-10-24T00:54:58.827-0400][gc,heap       ] GC(161) Survivor regions: 3->3(77)
[2018-10-24T00:54:58.827-0400][gc,heap       ] GC(161) Old regions: 22->22
[2018-10-24T00:54:58.827-0400][gc,heap       ] GC(161) Humongous regions: 336->130
[2018-10-24T00:54:58.827-0400][gc,metaspace  ] GC(161) Metaspace: 36686K->36686K(1083392K)
[2018-10-24T00:54:58.827-0400][gc            ] GC(161) Pause Initial Mark (G1 Humongous Allocation) 371M->154M(1024M) 4.433ms
[2018-10-24T00:54:58.828-0400][gc,cpu        ] GC(161) User=0.01s Sys=0.00s Real=0.00s
[2018-10-24T00:54:58.828-0400][gc            ] GC(162) Concurrent Cycle
[2018-10-24T00:54:58.828-0400][gc,marking    ] GC(162) Concurrent Clear Claimed Marks
[2018-10-24T00:54:58.828-0400][gc,marking    ] GC(162) Concurrent Clear Claimed Marks 0.025ms
[2018-10-24T00:54:58.828-0400][gc,marking    ] GC(162) Concurrent Scan Root Regions
[2018-10-24T00:54:58.829-0400][gc,marking    ] GC(162) Concurrent Scan Root Regions 1.275ms
[2018-10-24T00:54:58.829-0400][gc,marking    ] GC(162) Concurrent Mark (9156.803s)
[2018-10-24T00:54:58.829-0400][gc,marking    ] GC(162) Concurrent Mark From Roots
[2018-10-24T00:54:58.829-0400][gc,task       ] GC(162) Using 2 workers of 2 for marking
[2018-10-24T00:54:58.840-0400][gc,marking    ] GC(162) Concurrent Mark From Roots 11.398ms
[2018-10-24T00:54:58.840-0400][gc,marking    ] GC(162) Concurrent Mark (9156.803s, 9156.814s) 11.445ms
[2018-10-24T00:54:58.841-0400][gc,start      ] GC(162) Pause Remark
[2018-10-24T00:54:58.846-0400][gc,stringtable] GC(162) Cleaned string and symbol table, strings: 14855 processed, 0 removed, symbols: 96090 processed, 0 removed
[2018-10-24T00:54:58.846-0400][gc            ] GC(162) Pause Remark 158M->158M(1024M) 5.850ms
[2018-10-24T00:54:58.846-0400][gc,cpu        ] GC(162) User=0.04s Sys=0.00s Real=0.01s
[2018-10-24T00:54:58.847-0400][gc,marking    ] GC(162) Concurrent Create Live Data
[2018-10-24T00:54:58.849-0400][gc,marking    ] GC(162) Concurrent Create Live Data 2.555ms
[2018-10-24T00:54:58.849-0400][gc,start      ] GC(162) Pause Cleanup
[2018-10-24T00:54:58.850-0400][gc            ] GC(162) Pause Cleanup 158M->158M(1024M) 0.593ms
[2018-10-24T00:54:58.850-0400][gc,cpu        ] GC(162) User=0.00s Sys=0.00s Real=0.00s
[2018-10-24T00:54:58.850-0400][gc,marking    ] GC(162) Concurrent Cleanup for Next Mark
[2018-10-24T00:54:58.852-0400][gc,marking    ] GC(162) Concurrent Cleanup for Next Mark 1.874ms
[2018-10-24T00:54:58.852-0400][gc            ] GC(162) Concurrent Cycle 24.276ms
[2018-10-24T00:55:22.012-0400][gc,start      ] GC(163) Pause Initial Mark (G1 Humongous Allocation)
[2018-10-24T00:55:22.012-0400][gc,task       ] GC(163) Using 8 workers of 8 for evacuation
[2018-10-24T00:55:22.016-0400][gc,phases     ] GC(163)   Pre Evacuate Collection Set: 0.1ms
[2018-10-24T00:55:22.016-0400][gc,phases     ] GC(163)   Evacuate Collection Set: 2.9ms
[2018-10-24T00:55:22.016-0400][gc,phases     ] GC(163)   Post Evacuate Collection Set: 0.5ms
[2018-10-24T00:55:22.016-0400][gc,phases     ] GC(163)   Other: 0.3ms
[2018-10-24T00:55:22.016-0400][gc,heap       ] GC(163) Eden regions: 12->0(603)
[2018-10-24T00:55:22.016-0400][gc,heap       ] GC(163) Survivor regions: 3->3(77)
[2018-10-24T00:55:22.016-0400][gc,heap       ] GC(163) Old regions: 22->22
[2018-10-24T00:55:22.016-0400][gc,heap       ] GC(163) Humongous regions: 336->131
[2018-10-24T00:55:22.016-0400][gc,metaspace  ] GC(163) Metaspace: 36687K->36687K(1083392K)
[2018-10-24T00:55:22.016-0400][gc            ] GC(163) Pause Initial Mark (G1 Humongous Allocation) 371M->155M(1024M) 3.875ms
[2018-10-24T00:55:22.016-0400][gc,cpu        ] GC(163) User=0.02s Sys=0.00s Real=0.01s
[2018-10-24T00:55:22.016-0400][gc            ] GC(164) Concurrent Cycle
[2018-10-24T00:55:22.016-0400][gc,marking    ] GC(164) Concurrent Clear Claimed Marks
[2018-10-24T00:55:22.016-0400][gc,marking    ] GC(164) Concurrent Clear Claimed Marks 0.036ms
[2018-10-24T00:55:22.016-0400][gc,marking    ] GC(164) Concurrent Scan Root Regions
[2018-10-24T00:55:22.018-0400][gc,marking    ] GC(164) Concurrent Scan Root Regions 1.509ms
[2018-10-24T00:55:22.018-0400][gc,marking    ] GC(164) Concurrent Mark (9179.992s)
[2018-10-24T00:55:22.018-0400][gc,marking    ] GC(164) Concurrent Mark From Roots
[2018-10-24T00:55:22.018-0400][gc,task       ] GC(164) Using 2 workers of 2 for marking
[2018-10-24T00:55:22.027-0400][gc,marking    ] GC(164) Concurrent Mark From Roots 9.201ms
[2018-10-24T00:55:22.027-0400][gc,marking    ] GC(164) Concurrent Mark (9179.992s, 9180.001s) 9.241ms
[2018-10-24T00:55:22.027-0400][gc,start      ] GC(164) Pause Remark
[2018-10-24T00:55:22.035-0400][gc,stringtable] GC(164) Cleaned string and symbol table, strings: 14855 processed, 0 removed, symbols: 96090 processed, 0 removed
[2018-10-24T00:55:22.035-0400][gc            ] GC(164) Pause Remark 157M->157M(1024M) 7.904ms
[2018-10-24T00:55:22.035-0400][gc,cpu        ] GC(164) User=0.03s Sys=0.00s Real=0.01s
[2018-10-24T00:55:22.036-0400][gc,marking    ] GC(164) Concurrent Create Live Data
[2018-10-24T00:55:22.038-0400][gc,marking    ] GC(164) Concurrent Create Live Data 2.539ms
[2018-10-24T00:55:22.038-0400][gc,start      ] GC(164) Pause Cleanup
[2018-10-24T00:55:22.039-0400][gc            ] GC(164) Pause Cleanup 157M->157M(1024M) 0.626ms
[2018-10-24T00:55:22.039-0400][gc,cpu        ] GC(164) User=0.01s Sys=0.00s Real=0.00s
[2018-10-24T00:55:22.039-0400][gc,marking    ] GC(164) Concurrent Cleanup for Next Mark
[2018-10-24T00:55:22.041-0400][gc,marking    ] GC(164) Concurrent Cleanup for Next Mark 1.482ms
[2018-10-24T00:55:22.041-0400][gc            ] GC(164) Concurrent Cycle 24.324ms
[2018-10-24T00:55:34.303-0400][gc,start      ] GC(165) Pause Initial Mark (G1 Humongous Allocation)
[2018-10-24T00:55:34.303-0400][gc,task       ] GC(165) Using 8 workers of 8 for evacuation
[2018-10-24T00:55:34.307-0400][gc,phases     ] GC(165)   Pre Evacuate Collection Set: 0.1ms
[2018-10-24T00:55:34.307-0400][gc,phases     ] GC(165)   Evacuate Collection Set: 3.2ms
[2018-10-24T00:55:34.307-0400][gc,phases     ] GC(165)   Post Evacuate Collection Set: 0.5ms
[2018-10-24T00:55:34.307-0400][gc,phases     ] GC(165)   Other: 0.3ms
[2018-10-24T00:55:34.307-0400][gc,heap       ] GC(165) Eden regions: 12->0(594)
[2018-10-24T00:55:34.307-0400][gc,heap       ] GC(165) Survivor regions: 3->3(76)
[2018-10-24T00:55:34.307-0400][gc,heap       ] GC(165) Old regions: 22->22
[2018-10-24T00:55:34.307-0400][gc,heap       ] GC(165) Humongous regions: 336->130
[2018-10-24T00:55:34.307-0400][gc,metaspace  ] GC(165) Metaspace: 36687K->36687K(1083392K)
[2018-10-24T00:55:34.307-0400][gc            ] GC(165) Pause Initial Mark (G1 Humongous Allocation) 372M->154M(1024M) 4.179ms
[2018-10-24T00:55:34.307-0400][gc,cpu        ] GC(165) User=0.02s Sys=0.00s Real=0.00s
[2018-10-24T00:55:34.307-0400][gc            ] GC(166) Concurrent Cycle
[2018-10-24T00:55:34.307-0400][gc,marking    ] GC(166) Concurrent Clear Claimed Marks
[2018-10-24T00:55:34.307-0400][gc,marking    ] GC(166) Concurrent Clear Claimed Marks 0.025ms
[2018-10-24T00:55:34.307-0400][gc,marking    ] GC(166) Concurrent Scan Root Regions
[2018-10-24T00:55:34.309-0400][gc,marking    ] GC(166) Concurrent Scan Root Regions 1.290ms
[2018-10-24T00:55:34.309-0400][gc,marking    ] GC(166) Concurrent Mark (9192.283s)
[2018-10-24T00:55:34.309-0400][gc,marking    ] GC(166) Concurrent Mark From Roots
[2018-10-24T00:55:34.309-0400][gc,task       ] GC(166) Using 2 workers of 2 for marking
[2018-10-24T00:55:34.318-0400][gc,marking    ] GC(166) Concurrent Mark From Roots 9.564ms
[2018-10-24T00:55:34.318-0400][gc,marking    ] GC(166) Concurrent Mark (9192.283s, 9192.292s) 9.615ms
[2018-10-24T00:55:34.319-0400][gc,start      ] GC(166) Pause Remark
[2018-10-24T00:55:34.327-0400][gc,stringtable] GC(166) Cleaned string and symbol table, strings: 14855 processed, 0 removed, symbols: 96090 processed, 0 removed
[2018-10-24T00:55:34.327-0400][gc            ] GC(166) Pause Remark 157M->157M(1024M) 8.644ms
[2018-10-24T00:55:34.327-0400][gc,cpu        ] GC(166) User=0.02s Sys=0.00s Real=0.01s
[2018-10-24T00:55:34.328-0400][gc,marking    ] GC(166) Concurrent Create Live Data
[2018-10-24T00:55:34.331-0400][gc,marking    ] GC(166) Concurrent Create Live Data 2.509ms
[2018-10-24T00:55:34.331-0400][gc,start      ] GC(166) Pause Cleanup
[2018-10-24T00:55:34.332-0400][gc            ] GC(166) Pause Cleanup 158M->158M(1024M) 0.482ms
[2018-10-24T00:55:34.332-0400][gc,cpu        ] GC(166) User=0.00s Sys=0.00s Real=0.00s
[2018-10-24T00:55:34.332-0400][gc,marking    ] GC(166) Concurrent Cleanup for Next Mark
[2018-10-24T00:55:34.333-0400][gc,marking    ] GC(166) Concurrent Cleanup for Next Mark 1.626ms
[2018-10-24T00:55:34.333-0400][gc            ] GC(166) Concurrent Cycle 26.102ms
[2018-10-24T00:55:50.022-0400][gc,start      ] GC(167) Pause Initial Mark (G1 Humongous Allocation)
[2018-10-24T00:55:50.022-0400][gc,task       ] GC(167) Using 8 workers of 8 for evacuation
[2018-10-24T00:55:50.025-0400][gc,phases     ] GC(167)   Pre Evacuate Collection Set: 0.1ms
[2018-10-24T00:55:50.025-0400][gc,phases     ] GC(167)   Evacuate Collection Set: 2.7ms
[2018-10-24T00:55:50.026-0400][gc,phases     ] GC(167)   Post Evacuate Collection Set: 0.6ms
[2018-10-24T00:55:50.026-0400][gc,phases     ] GC(167)   Other: 0.4ms
[2018-10-24T00:55:50.026-0400][gc,heap       ] GC(167) Eden regions: 12->0(553)
[2018-10-24T00:55:50.026-0400][gc,heap       ] GC(167) Survivor regions: 3->3(75)
[2018-10-24T00:55:50.026-0400][gc,heap       ] GC(167) Old regions: 22->22
[2018-10-24T00:55:50.026-0400][gc,heap       ] GC(167) Humongous regions: 336->131
[2018-10-24T00:55:50.026-0400][gc,metaspace  ] GC(167) Metaspace: 36687K->36687K(1083392K)
[2018-10-24T00:55:50.026-0400][gc            ] GC(167) Pause Initial Mark (G1 Humongous Allocation) 372M->155M(1024M) 3.761ms
[2018-10-24T00:55:50.026-0400][gc,cpu        ] GC(167) User=0.02s Sys=0.00s Real=0.01s
[2018-10-24T00:55:50.026-0400][gc            ] GC(168) Concurrent Cycle
[2018-10-24T00:55:50.026-0400][gc,marking    ] GC(168) Concurrent Clear Claimed Marks
[2018-10-24T00:55:50.026-0400][gc,marking    ] GC(168) Concurrent Clear Claimed Marks 0.013ms
[2018-10-24T00:55:50.026-0400][gc,marking    ] GC(168) Concurrent Scan Root Regions
[2018-10-24T00:55:50.027-0400][gc,marking    ] GC(168) Concurrent Scan Root Regions 1.333ms
[2018-10-24T00:55:50.027-0400][gc,marking    ] GC(168) Concurrent Mark (9208.001s)
[2018-10-24T00:55:50.027-0400][gc,marking    ] GC(168) Concurrent Mark From Roots
[2018-10-24T00:55:50.027-0400][gc,task       ] GC(168) Using 2 workers of 2 for marking
[2018-10-24T00:55:50.037-0400][gc,marking    ] GC(168) Concurrent Mark From Roots 9.471ms
[2018-10-24T00:55:50.037-0400][gc,marking    ] GC(168) Concurrent Mark (9208.001s, 9208.011s) 9.517ms
[2018-10-24T00:55:50.037-0400][gc,start      ] GC(168) Pause Remark
[2018-10-24T00:55:50.044-0400][gc,stringtable] GC(168) Cleaned string and symbol table, strings: 14855 processed, 0 removed, symbols: 96090 processed, 0 removed
[2018-10-24T00:55:50.044-0400][gc            ] GC(168) Pause Remark 158M->158M(1024M) 6.554ms
[2018-10-24T00:55:50.044-0400][gc,cpu        ] GC(168) User=0.03s Sys=0.00s Real=0.01s
[2018-10-24T00:55:50.044-0400][gc,marking    ] GC(168) Concurrent Create Live Data
[2018-10-24T00:55:50.047-0400][gc,marking    ] GC(168) Concurrent Create Live Data 2.679ms
[2018-10-24T00:55:50.047-0400][gc,start      ] GC(168) Pause Cleanup
[2018-10-24T00:55:50.047-0400][gc            ] GC(168) Pause Cleanup 158M->158M(1024M) 0.632ms
[2018-10-24T00:55:50.048-0400][gc,cpu        ] GC(168) User=0.00s Sys=0.00s Real=0.00s
[2018-10-24T00:55:50.048-0400][gc,marking    ] GC(168) Concurrent Cleanup for Next Mark
[2018-10-24T00:55:50.049-0400][gc,marking    ] GC(168) Concurrent Cleanup for Next Mark 1.513ms
[2018-10-24T00:55:50.049-0400][gc            ] GC(168) Concurrent Cycle 23.469ms
[2018-10-24T00:56:01.608-0400][gc,start      ] GC(169) Pause Initial Mark (G1 Humongous Allocation)
[2018-10-24T00:56:01.608-0400][gc,task       ] GC(169) Using 8 workers of 8 for evacuation
[2018-10-24T00:56:01.612-0400][gc,phases     ] GC(169)   Pre Evacuate Collection Set: 0.1ms
[2018-10-24T00:56:01.612-0400][gc,phases     ] GC(169)   Evacuate Collection Set: 3.1ms
[2018-10-24T00:56:01.612-0400][gc,phases     ] GC(169)   Post Evacuate Collection Set: 0.5ms
[2018-10-24T00:56:01.612-0400][gc,phases     ] GC(169)   Other: 0.3ms
[2018-10-24T00:56:01.612-0400][gc,heap       ] GC(169) Eden regions: 11->0(547)
[2018-10-24T00:56:01.612-0400][gc,heap       ] GC(169) Survivor regions: 3->3(70)
[2018-10-24T00:56:01.612-0400][gc,heap       ] GC(169) Old regions: 22->23
[2018-10-24T00:56:01.612-0400][gc,heap       ] GC(169) Humongous regions: 336->130
[2018-10-24T00:56:01.612-0400][gc,metaspace  ] GC(169) Metaspace: 36687K->36687K(1083392K)
[2018-10-24T00:56:01.612-0400][gc            ] GC(169) Pause Initial Mark (G1 Humongous Allocation) 370M->154M(1024M) 4.101ms
[2018-10-24T00:56:01.612-0400][gc,cpu        ] GC(169) User=0.02s Sys=0.00s Real=0.00s
[2018-10-24T00:56:01.612-0400][gc            ] GC(170) Concurrent Cycle
[2018-10-24T00:56:01.612-0400][gc,marking    ] GC(170) Concurrent Clear Claimed Marks
[2018-10-24T00:56:01.612-0400][gc,marking    ] GC(170) Concurrent Clear Claimed Marks 0.032ms
[2018-10-24T00:56:01.612-0400][gc,marking    ] GC(170) Concurrent Scan Root Regions
[2018-10-24T00:56:01.613-0400][gc,marking    ] GC(170) Concurrent Scan Root Regions 1.086ms
[2018-10-24T00:56:01.613-0400][gc,marking    ] GC(170) Concurrent Mark (9219.587s)
[2018-10-24T00:56:01.613-0400][gc,marking    ] GC(170) Concurrent Mark From Roots
[2018-10-24T00:56:01.613-0400][gc,task       ] GC(170) Using 2 workers of 2 for marking
[2018-10-24T00:56:01.622-0400][gc,marking    ] GC(170) Concurrent Mark From Roots 8.905ms
[2018-10-24T00:56:01.622-0400][gc,marking    ] GC(170) Concurrent Mark (9219.587s, 9219.596s) 8.925ms
[2018-10-24T00:56:01.622-0400][gc,start      ] GC(170) Pause Remark
[2018-10-24T00:56:01.634-0400][gc,stringtable] GC(170) Cleaned string and symbol table, strings: 14855 processed, 0 removed, symbols: 96090 processed, 0 removed
[2018-10-24T00:56:01.634-0400][gc            ] GC(170) Pause Remark 157M->157M(1024M) 11.535ms
[2018-10-24T00:56:01.634-0400][gc,cpu        ] GC(170) User=0.02s Sys=0.00s Real=0.00s
[2018-10-24T00:56:01.634-0400][gc,marking    ] GC(170) Concurrent Create Live Data
[2018-10-24T00:56:01.637-0400][gc,marking    ] GC(170) Concurrent Create Live Data 2.776ms
[2018-10-24T00:56:01.637-0400][gc,start      ] GC(170) Pause Cleanup
[2018-10-24T00:56:01.638-0400][gc            ] GC(170) Pause Cleanup 157M->157M(1024M) 0.619ms
[2018-10-24T00:56:01.638-0400][gc,cpu        ] GC(170) User=0.00s Sys=0.00s Real=0.00s
[2018-10-24T00:56:01.638-0400][gc,marking    ] GC(170) Concurrent Cleanup for Next Mark
[2018-10-24T00:56:01.642-0400][gc,marking    ] GC(170) Concurrent Cleanup for Next Mark 4.780ms
[2018-10-24T00:56:01.642-0400][gc            ] GC(170) Concurrent Cycle 30.533ms
[2018-10-24T00:56:58.002-0400][gc,start      ] GC(171) Pause Initial Mark (G1 Humongous Allocation)
[2018-10-24T00:56:58.002-0400][gc,task       ] GC(171) Using 8 workers of 8 for evacuation
[2018-10-24T00:56:58.008-0400][gc,phases     ] GC(171)   Pre Evacuate Collection Set: 0.1ms
[2018-10-24T00:56:58.008-0400][gc,phases     ] GC(171)   Evacuate Collection Set: 4.8ms
[2018-10-24T00:56:58.008-0400][gc,phases     ] GC(171)   Post Evacuate Collection Set: 0.5ms
[2018-10-24T00:56:58.008-0400][gc,phases     ] GC(171)   Other: 0.3ms
[2018-10-24T00:56:58.008-0400][gc,heap       ] GC(171) Eden regions: 16->0(539)
[2018-10-24T00:56:58.008-0400][gc,heap       ] GC(171) Survivor regions: 3->3(69)
[2018-10-24T00:56:58.008-0400][gc,heap       ] GC(171) Old regions: 23->23
[2018-10-24T00:56:58.008-0400][gc,heap       ] GC(171) Humongous regions: 335->131
[2018-10-24T00:56:58.008-0400][gc,metaspace  ] GC(171) Metaspace: 36692K->36692K(1083392K)
[2018-10-24T00:56:58.008-0400][gc            ] GC(171) Pause Initial Mark (G1 Humongous Allocation) 375M->155M(1024M) 5.805ms
[2018-10-24T00:56:58.008-0400][gc,cpu        ] GC(171) User=0.02s Sys=0.00s Real=0.00s
[2018-10-24T00:56:58.008-0400][gc            ] GC(172) Concurrent Cycle
[2018-10-24T00:56:58.008-0400][gc,marking    ] GC(172) Concurrent Clear Claimed Marks
[2018-10-24T00:56:58.008-0400][gc,marking    ] GC(172) Concurrent Clear Claimed Marks 0.013ms
[2018-10-24T00:56:58.008-0400][gc,marking    ] GC(172) Concurrent Scan Root Regions
[2018-10-24T00:56:58.009-0400][gc,marking    ] GC(172) Concurrent Scan Root Regions 1.133ms
[2018-10-24T00:56:58.009-0400][gc,marking    ] GC(172) Concurrent Mark (9275.983s)
[2018-10-24T00:56:58.009-0400][gc,marking    ] GC(172) Concurrent Mark From Roots
[2018-10-24T00:56:58.009-0400][gc,task       ] GC(172) Using 2 workers of 2 for marking
[2018-10-24T00:56:58.018-0400][gc,marking    ] GC(172) Concurrent Mark From Roots 8.827ms
[2018-10-24T00:56:58.018-0400][gc,marking    ] GC(172) Concurrent Mark (9275.983s, 9275.992s) 8.870ms
[2018-10-24T00:56:58.018-0400][gc,start      ] GC(172) Pause Remark
[2018-10-24T00:56:58.028-0400][gc,stringtable] GC(172) Cleaned string and symbol table, strings: 14855 processed, 0 removed, symbols: 96090 processed, 0 removed
[2018-10-24T00:56:58.028-0400][gc            ] GC(172) Pause Remark 157M->157M(1024M) 9.601ms
[2018-10-24T00:56:58.028-0400][gc,cpu        ] GC(172) User=0.03s Sys=0.00s Real=0.01s
[2018-10-24T00:56:58.028-0400][gc,marking    ] GC(172) Concurrent Create Live Data
[2018-10-24T00:56:58.031-0400][gc,marking    ] GC(172) Concurrent Create Live Data 2.764ms
[2018-10-24T00:56:58.031-0400][gc,start      ] GC(172) Pause Cleanup
[2018-10-24T00:56:58.032-0400][gc            ] GC(172) Pause Cleanup 157M->157M(1024M) 0.677ms
[2018-10-24T00:56:58.032-0400][gc,cpu        ] GC(172) User=0.00s Sys=0.00s Real=0.00s
[2018-10-24T00:56:58.032-0400][gc,marking    ] GC(172) Concurrent Cleanup for Next Mark
[2018-10-24T00:56:58.033-0400][gc,marking    ] GC(172) Concurrent Cleanup for Next Mark 1.626ms
[2018-10-24T00:56:58.033-0400][gc            ] GC(172) Concurrent Cycle 25.464ms
[2018-10-24T00:57:10.210-0400][gc,start      ] GC(173) Pause Initial Mark (G1 Humongous Allocation)
[2018-10-24T00:57:10.210-0400][gc,task       ] GC(173) Using 8 workers of 8 for evacuation
[2018-10-24T00:57:10.218-0400][gc,phases     ] GC(173)   Pre Evacuate Collection Set: 0.1ms
[2018-10-24T00:57:10.218-0400][gc,phases     ] GC(173)   Evacuate Collection Set: 7.2ms
[2018-10-24T00:57:10.218-0400][gc,phases     ] GC(173)   Post Evacuate Collection Set: 0.5ms
[2018-10-24T00:57:10.218-0400][gc,phases     ] GC(173)   Other: 0.3ms
[2018-10-24T00:57:10.218-0400][gc,heap       ] GC(173) Eden regions: 11->0(500)
[2018-10-24T00:57:10.218-0400][gc,heap       ] GC(173) Survivor regions: 3->3(68)
[2018-10-24T00:57:10.218-0400][gc,heap       ] GC(173) Old regions: 23->23
[2018-10-24T00:57:10.218-0400][gc,heap       ] GC(173) Humongous regions: 335->131
[2018-10-24T00:57:10.218-0400][gc,metaspace  ] GC(173) Metaspace: 36692K->36692K(1083392K)
[2018-10-24T00:57:10.218-0400][gc            ] GC(173) Pause Initial Mark (G1 Humongous Allocation) 370M->155M(1024M) 8.156ms
[2018-10-24T00:57:10.218-0400][gc,cpu        ] GC(173) User=0.02s Sys=0.00s Real=0.01s
[2018-10-24T00:57:10.218-0400][gc            ] GC(174) Concurrent Cycle
[2018-10-24T00:57:10.218-0400][gc,marking    ] GC(174) Concurrent Clear Claimed Marks
[2018-10-24T00:57:10.218-0400][gc,marking    ] GC(174) Concurrent Clear Claimed Marks 0.010ms
[2018-10-24T00:57:10.218-0400][gc,marking    ] GC(174) Concurrent Scan Root Regions
[2018-10-24T00:57:10.219-0400][gc,marking    ] GC(174) Concurrent Scan Root Regions 1.207ms
[2018-10-24T00:57:10.219-0400][gc,marking    ] GC(174) Concurrent Mark (9288.193s)
[2018-10-24T00:57:10.219-0400][gc,marking    ] GC(174) Concurrent Mark From Roots
[2018-10-24T00:57:10.219-0400][gc,task       ] GC(174) Using 2 workers of 2 for marking
[2018-10-24T00:57:10.228-0400][gc,marking    ] GC(174) Concurrent Mark From Roots 9.230ms
[2018-10-24T00:57:10.228-0400][gc,marking    ] GC(174) Concurrent Mark (9288.193s, 9288.202s) 9.263ms
[2018-10-24T00:57:10.229-0400][gc,start      ] GC(174) Pause Remark
[2018-10-24T00:57:10.235-0400][gc,stringtable] GC(174) Cleaned string and symbol table, strings: 14855 processed, 0 removed, symbols: 96090 processed, 0 removed
[2018-10-24T00:57:10.235-0400][gc            ] GC(174) Pause Remark 157M->157M(1024M) 6.520ms
[2018-10-24T00:57:10.235-0400][gc,cpu        ] GC(174) User=0.03s Sys=0.00s Real=0.01s
[2018-10-24T00:57:10.235-0400][gc,marking    ] GC(174) Concurrent Create Live Data
[2018-10-24T00:57:10.238-0400][gc,marking    ] GC(174) Concurrent Create Live Data 2.813ms
[2018-10-24T00:57:10.238-0400][gc,start      ] GC(174) Pause Cleanup
[2018-10-24T00:57:10.239-0400][gc            ] GC(174) Pause Cleanup 157M->157M(1024M) 0.719ms
[2018-10-24T00:57:10.239-0400][gc,cpu        ] GC(174) User=0.00s Sys=0.00s Real=0.00s
[2018-10-24T00:57:10.239-0400][gc,marking    ] GC(174) Concurrent Cleanup for Next Mark
[2018-10-24T00:57:10.240-0400][gc,marking    ] GC(174) Concurrent Cleanup for Next Mark 1.537ms
[2018-10-24T00:57:10.241-0400][gc            ] GC(174) Concurrent Cycle 22.709ms
