[2018-10-24T14:55:18.371-0400][gc,heap] Heap region size: 1M
[2018-10-24T14:55:18.377-0400][gc     ] Using G1
[2018-10-24T14:55:18.377-0400][gc,heap,coops] Heap address: 0x00000000e0000000, size: 512 MB, Compressed Oops mode: 32-bit
[2018-10-24T14:55:33.738-0400][gc,start     ] GC(0) Pause Young (G1 Evacuation Pause)
[2018-10-24T14:55:33.738-0400][gc,task      ] GC(0) Using 8 workers of 8 for evacuation
[2018-10-24T14:55:33.754-0400][gc,phases    ] GC(0)   Pre Evacuate Collection Set: 0.0ms
[2018-10-24T14:55:33.754-0400][gc,phases    ] GC(0)   Evacuate Collection Set: 14.3ms
[2018-10-24T14:55:33.754-0400][gc,phases    ] GC(0)   Post Evacuate Collection Set: 1.2ms
[2018-10-24T14:55:33.754-0400][gc,phases    ] GC(0)   Other: 0.2ms
[2018-10-24T14:55:33.754-0400][gc,heap      ] GC(0) Eden regions: 25->0(21)
[2018-10-24T14:55:33.754-0400][gc,heap      ] GC(0) Survivor regions: 0->4(4)
[2018-10-24T14:55:33.754-0400][gc,heap      ] GC(0) Old regions: 0->3
[2018-10-24T14:55:33.754-0400][gc,heap      ] GC(0) Humongous regions: 1->1
[2018-10-24T14:55:33.754-0400][gc,metaspace ] GC(0) Metaspace: 14513K->14513K(1062912K)
[2018-10-24T14:55:33.754-0400][gc           ] GC(0) Pause Young (G1 Evacuation Pause) 26M->7M(512M) 15.741ms
[2018-10-24T14:55:33.754-0400][gc,cpu       ] GC(0) User=0.02s Sys=0.00s Real=0.02s
[2018-10-24T16:56:58.238-0400][gc,heap,exit ] Heap
[2018-10-24T16:56:58.238-0400][gc,heap,exit ]  garbage-first heap   total 524288K, used 20192K [0x00000000e0000000, 0x00000000e0101000, 0x0000000100000000)
[2018-10-24T16:56:58.238-0400][gc,heap,exit ]   region size 1024K, 17 young (17408K), 4 survivors (4096K)
[2018-10-24T16:56:58.238-0400][gc,heap,exit ]  Metaspace       used 14923K, capacity 15460K, committed 15744K, reserved 1062912K
[2018-10-24T16:56:58.238-0400][gc,heap,exit ]   class space    used 1479K, capacity 1583K, committed 1664K, reserved 1048576K
