[2018-10-24T19:38:46.146-0400][gc,heap] Heap region size: 1M
[2018-10-24T19:38:46.153-0400][gc     ] Using G1
[2018-10-24T19:38:46.153-0400][gc,heap,coops] Heap address: 0x00000000e0000000, size: 512 MB, Compressed Oops mode: 32-bit
[2018-10-24T19:39:06.700-0400][gc,start     ] GC(0) Pause Young (G1 Evacuation Pause)
[2018-10-24T19:39:06.700-0400][gc,task      ] GC(0) Using 8 workers of 8 for evacuation
[2018-10-24T19:39:06.734-0400][gc,mmu       ] GC(0) MMU target violated: 21.0ms (20.0ms/21.0ms)
[2018-10-24T19:39:06.734-0400][gc,phases    ] GC(0)   Pre Evacuate Collection Set: 0.0ms
[2018-10-24T19:39:06.734-0400][gc,phases    ] GC(0)   Evacuate Collection Set: 31.7ms
[2018-10-24T19:39:06.734-0400][gc,phases    ] GC(0)   Post Evacuate Collection Set: 1.4ms
[2018-10-24T19:39:06.734-0400][gc,phases    ] GC(0)   Other: 0.2ms
[2018-10-24T19:39:06.734-0400][gc,heap      ] GC(0) Eden regions: 25->0(21)
[2018-10-24T19:39:06.734-0400][gc,heap      ] GC(0) Survivor regions: 0->4(4)
[2018-10-24T19:39:06.734-0400][gc,heap      ] GC(0) Old regions: 0->3
[2018-10-24T19:39:06.734-0400][gc,heap      ] GC(0) Humongous regions: 1->1
[2018-10-24T19:39:06.734-0400][gc,metaspace ] GC(0) Metaspace: 14486K->14486K(1062912K)
[2018-10-24T19:39:06.734-0400][gc           ] GC(0) Pause Young (G1 Evacuation Pause) 26M->7M(512M) 33.393ms
[2018-10-24T19:39:06.734-0400][gc,cpu       ] GC(0) User=0.03s Sys=0.00s Real=0.03s
