[2018-10-24T20:13:55.520-0400][gc,heap] Heap region size: 1M
[2018-10-24T20:13:55.525-0400][gc     ] Using G1
[2018-10-24T20:13:55.525-0400][gc,heap,coops] Heap address: 0x00000000e0000000, size: 512 MB, Compressed Oops mode: 32-bit
[2018-10-24T20:13:59.071-0400][gc,start     ] GC(0) Pause Young (G1 Evacuation Pause)
[2018-10-24T20:13:59.071-0400][gc,task      ] GC(0) Using 8 workers of 8 for evacuation
[2018-10-24T20:13:59.105-0400][gc,mmu       ] GC(0) MMU target violated: 21.0ms (20.0ms/21.0ms)
[2018-10-24T20:13:59.105-0400][gc,phases    ] GC(0)   Pre Evacuate Collection Set: 0.0ms
[2018-10-24T20:13:59.105-0400][gc,phases    ] GC(0)   Evacuate Collection Set: 33.2ms
[2018-10-24T20:13:59.105-0400][gc,phases    ] GC(0)   Post Evacuate Collection Set: 1.3ms
[2018-10-24T20:13:59.105-0400][gc,phases    ] GC(0)   Other: 0.2ms
[2018-10-24T20:13:59.105-0400][gc,heap      ] GC(0) Eden regions: 25->0(21)
[2018-10-24T20:13:59.105-0400][gc,heap      ] GC(0) Survivor regions: 0->4(4)
[2018-10-24T20:13:59.105-0400][gc,heap      ] GC(0) Old regions: 0->4
[2018-10-24T20:13:59.105-0400][gc,heap      ] GC(0) Humongous regions: 1->1
[2018-10-24T20:13:59.105-0400][gc,metaspace ] GC(0) Metaspace: 14500K->14500K(1062912K)
[2018-10-24T20:13:59.105-0400][gc           ] GC(0) Pause Young (G1 Evacuation Pause) 26M->8M(512M) 34.787ms
[2018-10-24T20:13:59.105-0400][gc,cpu       ] GC(0) User=0.06s Sys=0.00s Real=0.04s
[2018-10-24T21:35:27.119-0400][gc,heap,exit ] Heap
[2018-10-24T21:35:27.119-0400][gc,heap,exit ]  garbage-first heap   total 524288K, used 16431K [0x00000000e0000000, 0x00000000e0101000, 0x0000000100000000)
[2018-10-24T21:35:27.119-0400][gc,heap,exit ]   region size 1024K, 13 young (13312K), 4 survivors (4096K)
[2018-10-24T21:35:27.119-0400][gc,heap,exit ]  Metaspace       used 14917K, capacity 15460K, committed 15744K, reserved 1062912K
[2018-10-24T21:35:27.119-0400][gc,heap,exit ]   class space    used 1479K, capacity 1583K, committed 1664K, reserved 1048576K
